Archive member included because of file (symbol)

c:/freescale/kds_3.0.0/toolchain/bin/../lib/gcc/arm-none-eabi/4.8.4/armv7e-m/fpu\libgcc.a(_aeabi_uldivmod.o)
                              ./Generated_Code/osa1.o (__aeabi_uldivmod)
c:/freescale/kds_3.0.0/toolchain/bin/../lib/gcc/arm-none-eabi/4.8.4/armv7e-m/fpu\libgcc.a(bpabi.o)
                              c:/freescale/kds_3.0.0/toolchain/bin/../lib/gcc/arm-none-eabi/4.8.4/armv7e-m/fpu\libgcc.a(_aeabi_uldivmod.o) (__gnu_uldivmod_helper)
c:/freescale/kds_3.0.0/toolchain/bin/../lib/gcc/arm-none-eabi/4.8.4/armv7e-m/fpu\libgcc.a(_dvmd_tls.o)
                              c:/freescale/kds_3.0.0/toolchain/bin/../lib/gcc/arm-none-eabi/4.8.4/armv7e-m/fpu\libgcc.a(_aeabi_uldivmod.o) (__aeabi_ldiv0)
c:/freescale/kds_3.0.0/toolchain/bin/../lib/gcc/arm-none-eabi/4.8.4/armv7e-m/fpu\libgcc.a(_divdi3.o)
                              c:/freescale/kds_3.0.0/toolchain/bin/../lib/gcc/arm-none-eabi/4.8.4/armv7e-m/fpu\libgcc.a(bpabi.o) (__divdi3)
c:/freescale/kds_3.0.0/toolchain/bin/../lib/gcc/arm-none-eabi/4.8.4/armv7e-m/fpu\libgcc.a(_udivdi3.o)
                              c:/freescale/kds_3.0.0/toolchain/bin/../lib/gcc/arm-none-eabi/4.8.4/armv7e-m/fpu\libgcc.a(bpabi.o) (__udivdi3)
c:/freescale/kds_3.0.0/toolchain/bin/../lib/gcc/arm-none-eabi/4.8.4/../../../../arm-none-eabi/lib/armv7e-m/fpu\libg_s.a(lib_a-assert.o)
                              ./SDK/platform/system/src/interrupt/fsl_interrupt_manager.o (__assert_func)
c:/freescale/kds_3.0.0/toolchain/bin/../lib/gcc/arm-none-eabi/4.8.4/../../../../arm-none-eabi/lib/armv7e-m/fpu\libg_s.a(lib_a-calloc.o)
                              ./SDK/platform/osa/src/fsl_os_abstraction_bm.o (calloc)
c:/freescale/kds_3.0.0/toolchain/bin/../lib/gcc/arm-none-eabi/4.8.4/../../../../arm-none-eabi/lib/armv7e-m/fpu\libg_s.a(lib_a-exit.o)
                              c:/freescale/kds_3.0.0/toolchain/bin/../lib/gcc/arm-none-eabi/4.8.4/../../../../arm-none-eabi/lib/armv7e-m/fpu/crt0.o (exit)
c:/freescale/kds_3.0.0/toolchain/bin/../lib/gcc/arm-none-eabi/4.8.4/../../../../arm-none-eabi/lib/armv7e-m/fpu\libg_s.a(lib_a-fprintf.o)
                              c:/freescale/kds_3.0.0/toolchain/bin/../lib/gcc/arm-none-eabi/4.8.4/../../../../arm-none-eabi/lib/armv7e-m/fpu\libg_s.a(lib_a-assert.o) (fiprintf)
c:/freescale/kds_3.0.0/toolchain/bin/../lib/gcc/arm-none-eabi/4.8.4/../../../../arm-none-eabi/lib/armv7e-m/fpu\libg_s.a(lib_a-impure.o)
                              c:/freescale/kds_3.0.0/toolchain/bin/../lib/gcc/arm-none-eabi/4.8.4/../../../../arm-none-eabi/lib/armv7e-m/fpu\libg_s.a(lib_a-exit.o) (_global_impure_ptr)
c:/freescale/kds_3.0.0/toolchain/bin/../lib/gcc/arm-none-eabi/4.8.4/../../../../arm-none-eabi/lib/armv7e-m/fpu\libg_s.a(lib_a-init.o)
                              c:/freescale/kds_3.0.0/toolchain/bin/../lib/gcc/arm-none-eabi/4.8.4/../../../../arm-none-eabi/lib/armv7e-m/fpu/crt0.o (__libc_init_array)
c:/freescale/kds_3.0.0/toolchain/bin/../lib/gcc/arm-none-eabi/4.8.4/../../../../arm-none-eabi/lib/armv7e-m/fpu\libg_s.a(lib_a-malloc.o)
                              ./SDK/platform/osa/src/fsl_os_abstraction_bm.o (malloc)
c:/freescale/kds_3.0.0/toolchain/bin/../lib/gcc/arm-none-eabi/4.8.4/../../../../arm-none-eabi/lib/armv7e-m/fpu\libg_s.a(lib_a-memset.o)
                              c:/freescale/kds_3.0.0/toolchain/bin/../lib/gcc/arm-none-eabi/4.8.4/../../../../arm-none-eabi/lib/armv7e-m/fpu/crt0.o (memset)
c:/freescale/kds_3.0.0/toolchain/bin/../lib/gcc/arm-none-eabi/4.8.4/../../../../arm-none-eabi/lib/armv7e-m/fpu\libg_s.a(lib_a-nano-callocr.o)
                              c:/freescale/kds_3.0.0/toolchain/bin/../lib/gcc/arm-none-eabi/4.8.4/../../../../arm-none-eabi/lib/armv7e-m/fpu\libg_s.a(lib_a-calloc.o) (_calloc_r)
c:/freescale/kds_3.0.0/toolchain/bin/../lib/gcc/arm-none-eabi/4.8.4/../../../../arm-none-eabi/lib/armv7e-m/fpu\libg_s.a(lib_a-nano-freer.o)
                              c:/freescale/kds_3.0.0/toolchain/bin/../lib/gcc/arm-none-eabi/4.8.4/../../../../arm-none-eabi/lib/armv7e-m/fpu\libg_s.a(lib_a-malloc.o) (_free_r)
c:/freescale/kds_3.0.0/toolchain/bin/../lib/gcc/arm-none-eabi/4.8.4/../../../../arm-none-eabi/lib/armv7e-m/fpu\libg_s.a(lib_a-nano-mallocr.o)
                              c:/freescale/kds_3.0.0/toolchain/bin/../lib/gcc/arm-none-eabi/4.8.4/../../../../arm-none-eabi/lib/armv7e-m/fpu\libg_s.a(lib_a-malloc.o) (_malloc_r)
c:/freescale/kds_3.0.0/toolchain/bin/../lib/gcc/arm-none-eabi/4.8.4/../../../../arm-none-eabi/lib/armv7e-m/fpu\libg_s.a(lib_a-sbrkr.o)
                              c:/freescale/kds_3.0.0/toolchain/bin/../lib/gcc/arm-none-eabi/4.8.4/../../../../arm-none-eabi/lib/armv7e-m/fpu\libg_s.a(lib_a-nano-mallocr.o) (_sbrk_r)
c:/freescale/kds_3.0.0/toolchain/bin/../lib/gcc/arm-none-eabi/4.8.4/../../../../arm-none-eabi/lib/armv7e-m/fpu\libg_s.a(lib_a-vfprintf.o)
[...]
Memory Configuration

Name             Origin             Length             Attributes
m_interrupts     0x00000000         0x00000400         xr
m_flash_config   0x00000400         0x00000010         xr
m_interrupts_ram 0x1fff0000         0x00000400         rw
m_text           0x00000410         0x000ffbf0         xr
m_data           0x1fff0400         0x0000fc00         rw
m_data_2         0x20000000         0x00030000         rw
*default*        0x00000000         0xffffffff

Linker script and memory map

LOAD c:/freescale/kds_3.0.0/toolchain/bin/../lib/gcc/arm-none-eabi/4.8.4/armv7e-m/fpu/crti.o
LOAD c:/freescale/kds_3.0.0/toolchain/bin/../lib/gcc/arm-none-eabi/4.8.4/armv7e-m/fpu/crtbegin.o
LOAD c:/freescale/kds_3.0.0/toolchain/bin/../lib/gcc/arm-none-eabi/4.8.4/../../../../arm-none-eabi/lib/armv7e-m/fpu/crt0.o
LOAD ./Static_Code/System/PE_low_level_init.o
LOAD ./Sources/Events.o
LOAD ./Sources/main.o
LOAD ./SDK/platform/system/src/interrupt/fsl_interrupt_manager.o
LOAD ./SDK/platform/system/src/clock/MK64F12/fsl_clock_MK64F12.o
LOAD ./SDK/platform/system/src/clock/fsl_clock_manager.o
LOAD ./SDK/platform/system/src/clock/fsl_clock_manager_common.o
LOAD ./SDK/platform/osa/src/fsl_os_abstraction_bm.o
LOAD ./SDK/platform/hal/src/sim/MK64F12/fsl_sim_hal_MK64F12.o
LOAD ./SDK/platform/hal/src/rtc/fsl_rtc_hal.o
LOAD ./SDK/platform/hal/src/port/fsl_port_hal.o
LOAD ./SDK/platform/hal/src/osc/fsl_osc_hal.o
LOAD ./SDK/platform/hal/src/mcg/fsl_mcg_hal.o
LOAD ./SDK/platform/hal/src/mcg/fsl_mcg_hal_modes.o
LOAD ./SDK/platform/hal/src/gpio/fsl_gpio_hal.o
LOAD ./SDK/platform/drivers/src/rtc/fsl_rtc_common.o
LOAD ./SDK/platform/drivers/src/gpio/fsl_gpio_common.o
LOAD ./SDK/platform/drivers/src/gpio/fsl_gpio_driver.o
LOAD ./SDK/platform/devices/MK64F12/startup/gcc/startup_MK64F12.o
LOAD ./SDK/platform/devices/MK64F12/startup/system_MK64F12.o
LOAD ./SDK/platform/devices/startup.o
LOAD ./Generated_Code/Cpu.o
LOAD ./Generated_Code/clockMan1.o
LOAD ./Generated_Code/gpio1.o
LOAD ./Generated_Code/hardware_init.o
LOAD ./Generated_Code/osa1.o
LOAD ./Generated_Code/pin_mux.o
LOAD c:/freescale/kds_3.0.0/toolchain/bin/../lib/gcc/arm-none-eabi/4.8.4/../../../../arm-none-eabi/lib/armv7e-m/fpu\libstdc++_s.a
LOAD c:/freescale/kds_3.0.0/toolchain/bin/../lib/gcc/arm-none-eabi/4.8.4/../../../../arm-none-eabi/lib/armv7e-m/fpu\libm.a
START GROUP
LOAD c:/freescale/kds_3.0.0/toolchain/bin/../lib/gcc/arm-none-eabi/4.8.4/armv7e-m/fpu\libgcc.a
LOAD c:/freescale/kds_3.0.0/toolchain/bin/../lib/gcc/arm-none-eabi/4.8.4/../../../../arm-none-eabi/lib/armv7e-m/fpu\libg_s.a
LOAD c:/freescale/kds_3.0.0/toolchain/bin/../lib/gcc/arm-none-eabi/4.8.4/../../../../arm-none-eabi/lib/armv7e-m/fpu\libc_s.a
END GROUP
START GROUP
LOAD c:/freescale/kds_3.0.0/toolchain/bin/../lib/gcc/arm-none-eabi/4.8.4/armv7e-m/fpu\libgcc.a
LOAD c:/freescale/kds_3.0.0/toolchain/bin/../lib/gcc/arm-none-eabi/4.8.4/../../../../arm-none-eabi/lib/armv7e-m/fpu\libc_s.a
LOAD c:/freescale/kds_3.0.0/toolchain/bin/../lib/gcc/arm-none-eabi/4.8.4/../../../../arm-none-eabi/lib/armv7e-m/fpu\libnosys.a
END GROUP
START GROUP
LOAD c:/freescale/kds_3.0.0/toolchain/bin/../lib/gcc/arm-none-eabi/4.8.4/armv7e-m/fpu\libgcc.a
LOAD c:/freescale/kds_3.0.0/toolchain/bin/../lib/gcc/arm-none-eabi/4.8.4/../../../../arm-none-eabi/lib/armv7e-m/fpu\libc_s.a
LOAD c:/freescale/kds_3.0.0/toolchain/bin/../lib/gcc/arm-none-eabi/4.8.4/../../../../arm-none-eabi/lib/armv7e-m/fpu\libnosys.a
END GROUP
LOAD c:/freescale/kds_3.0.0/toolchain/bin/../lib/gcc/arm-none-eabi/4.8.4/armv7e-m/fpu/crtend.o
LOAD c:/freescale/kds_3.0.0/toolchain/bin/../lib/gcc/arm-none-eabi/4.8.4/armv7e-m/fpu/crtn.o
                0x00000000                HEAP_SIZE = DEFINED (__heap_size__)?__heap_size__:0x0
                0x00000400                STACK_SIZE = DEFINED (__stack_size__)?__stack_size__:0x400

.interrupts     0x00000000      0x400
                0x00000000                __VECTOR_TABLE = .
                0x00000000                . = ALIGN (0x4)
 *(.isr_vector)
 .isr_vector    0x00000000      0x400 ./SDK/platform/devices/MK64F12/startup/gcc/startup_MK64F12.o
                0x00000000                __isr_vector
                0x00000400                . = ALIGN (0x4)
                0x1fff0000                __VECTOR_RAM = ORIGIN (m_interrupts_ram)

.flash_config   0x00000400       0x10
                0x00000400                . = ALIGN (0x4)
 *(.FlashConfig)
 .FlashConfig   0x00000400       0x10 ./SDK/platform/devices/MK64F12/startup/gcc/startup_MK64F12.o
                0x00000410                . = ALIGN (0x4)

.text           0x00000410     0x31d0
                0x00000410                . = ALIGN (0x4)
 *(.text)
 .text          0x00000410       0x54 c:/freescale/kds_3.0.0/toolchain/bin/../lib/gcc/arm-none-eabi/4.8.4/armv7e-m/fpu/crtbegin.o
 .text          0x00000464       0x74 c:/freescale/kds_3.0.0/toolchain/bin/../lib/gcc/arm-none-eabi/4.8.4/../../../../arm-none-eabi/lib/armv7e-m/fpu/crt0.o
                0x00000464                _start
                0x00000464                _mainCRTStartup
 .text          0x000004d8       0x14 ./SDK/platform/devices/MK64F12/startup/gcc/startup_MK64F12.o
                0x000004d8                Reset_Handler
                0x000004e8                DebugMon_Handler
                0x000004e8                I2C0_IRQHandler
                0x000004e8                HardFault_Handler
                0x000004e8                UART3_RX_TX_IRQHandler
                0x000004e8                PendSV_Handler
                0x000004e8                NMI_Handler
                0x000004e8                UART0_RX_TX_IRQHandler
                0x000004e8                I2C1_IRQHandler
                0x000004e8                DMA2_IRQHandler
                0x000004e8                ENET_Error_IRQHandler
                0x000004e8                CAN0_Tx_Warning_IRQHandler
                0x000004e8                PIT0_IRQHandler
                0x000004e8                CAN0_ORed_Message_buffer_IRQHandler
                0x000004e8                CMP2_IRQHandler
                0x000004e8                LLWU_IRQHandler
                0x000004e8                ENET_Receive_IRQHandler
                0x000004e8                ENET_1588_Timer_IRQHandler
                0x000004e8                UART2_RX_TX_IRQHandler
                0x000004e8                SWI_IRQHandler
                0x000004e8                ADC0_IRQHandler
                0x000004e8                UsageFault_Handler
                0x000004e8                I2S0_Tx_IRQHandler
                0x000004e8                CMT_IRQHandler
                0x000004e8                UART4_RX_TX_IRQHandler
                0x000004e8                SPI1_IRQHandler
                0x000004e8                DefaultISR
                0x000004e8                DMA9_IRQHandler
                0x000004e8                DMA14_IRQHandler
                0x000004e8                CMP1_IRQHandler
                0x000004e8                Reserved71_IRQHandler
                0x000004e8                PORTD_IRQHandler
                0x000004e8                PORTB_IRQHandler
                0x000004e8                UART4_ERR_IRQHandler
                0x000004e8                ADC1_IRQHandler
                0x000004e8                I2C2_IRQHandler
                0x000004e8                PIT2_IRQHandler
                0x000004e8                I2S0_Rx_IRQHandler
                0x000004e8                DMA5_IRQHandler
                0x000004e8                RTC_IRQHandler
                0x000004e8                PDB0_IRQHandler
                0x000004e8                CAN0_Rx_Warning_IRQHandler
                0x000004e8                FTM1_IRQHandler
                0x000004e8                UART5_RX_TX_IRQHandler
                0x000004e8                UART3_ERR_IRQHandler
                0x000004e8                PIT3_IRQHandler
                0x000004e8                SDHC_IRQHandler
                0x000004e8                RTC_Seconds_IRQHandler
                0x000004e8                MCG_IRQHandler
                0x000004e8                FTFE_IRQHandler
                0x000004e8                UART2_ERR_IRQHandler
                0x000004e8                DMA11_IRQHandler
                0x000004e8                UART5_ERR_IRQHandler
                0x000004e8                Read_Collision_IRQHandler
                0x000004e8                DMA7_IRQHandler
                0x000004e8                ENET_Transmit_IRQHandler
                0x000004e8                USBDCD_IRQHandler
                0x000004e8                USB0_IRQHandler
                0x000004e8                SPI2_IRQHandler
                0x000004e8                WDOG_EWM_IRQHandler
                0x000004e8                MemManage_Handler
                0x000004e8                SVC_Handler
                0x000004e8                DMA13_IRQHandler
                0x000004e8                DMA3_IRQHandler
                0x000004e8                UART0_LON_IRQHandler
                0x000004e8                RNG_IRQHandler
                0x000004e8                DMA0_IRQHandler
                0x000004e8                DMA15_IRQHandler
                0x000004e8                DAC0_IRQHandler
                0x000004e8                CAN0_Error_IRQHandler
                0x000004e8                DMA4_IRQHandler
                0x000004e8                PIT1_IRQHandler
                0x000004e8                UART0_ERR_IRQHandler
                0x000004e8                DMA_Error_IRQHandler
                0x000004e8                LVD_LVW_IRQHandler
                0x000004e8                SPI0_IRQHandler
                0x000004e8                FTM0_IRQHandler
                0x000004e8                PORTA_IRQHandler
                0x000004e8                DAC1_IRQHandler
                0x000004e8                MCM_IRQHandler
                0x000004e8                DMA12_IRQHandler
                0x000004e8                CAN0_Bus_Off_IRQHandler
                0x000004e8                FTM3_IRQHandler
                0x000004e8                PORTE_IRQHandler
                0x000004e8                FTM2_IRQHandler
                0x000004e8                LPTMR0_IRQHandler
                0x000004e8                BusFault_Handler
                0x000004e8                DMA8_IRQHandler
                0x000004e8                DMA10_IRQHandler
                0x000004e8                CAN0_Wake_Up_IRQHandler
                0x000004e8                UART1_ERR_IRQHandler
                0x000004e8                UART1_RX_TX_IRQHandler
                0x000004e8                CMP0_IRQHandler
                0x000004e8                PORTC_IRQHandler
                0x000004e8                DMA6_IRQHandler
                0x000004e8                DMA1_IRQHandler
 .text          0x000004ec       0x2c c:/freescale/kds_3.0.0/toolchain/bin/../lib/gcc/arm-none-eabi/4.8.4/armv7e-m/fpu\libgcc.a(_aeabi_uldivmod.o)
                0x000004ec                __aeabi_uldivmod
 .text          0x00000518       0x60 c:/freescale/kds_3.0.0/toolchain/bin/../lib/gcc/arm-none-eabi/4.8.4/armv7e-m/fpu\libgcc.a(bpabi.o)
                0x00000518                __gnu_ldivmod_helper
                0x00000548                __gnu_uldivmod_helper
 .text          0x00000578        0x4 c:/freescale/kds_3.0.0/toolchain/bin/../lib/gcc/arm-none-eabi/4.8.4/armv7e-m/fpu\libgcc.a(_dvmd_tls.o)
                0x00000578                __aeabi_idiv0
                0x00000578                __aeabi_ldiv0
 .text          0x0000057c      0x298 c:/freescale/kds_3.0.0/toolchain/bin/../lib/gcc/arm-none-eabi/4.8.4/armv7e-m/fpu\libgcc.a(_divdi3.o)
                0x0000057c                __divdi3
 .text          0x00000814      0x284 c:/freescale/kds_3.0.0/toolchain/bin/../lib/gcc/arm-none-eabi/4.8.4/armv7e-m/fpu\libgcc.a(_udivdi3.o)
                0x00000814                __udivdi3
 *(.text*)
 .text.PEX_components_init
                0x00000a98        0xc ./Static_Code/System/PE_low_level_init.o
                0x00000a98                PEX_components_init
 .text.PE_low_level_init
                0x00000aa4       0x14 ./Static_Code/System/PE_low_level_init.o
                0x00000aa4                PE_low_level_init
 .text.main     0x00000ab8       0x6c ./Sources/main.o
                0x00000ab8                main
 .text.SIM_HAL_EnableClock
                0x00000b24       0x3c ./SDK/platform/system/src/clock/MK64F12/fsl_clock_MK64F12.o
 .text.CLOCK_HAL_GetOutDiv1
                0x00000b60       0x24 ./SDK/platform/system/src/clock/MK64F12/fsl_clock_MK64F12.o
 .text.CLOCK_SYS_GetCoreClockFreq
                0x00000b84       0x28 ./SDK/platform/system/src/clock/MK64F12/fsl_clock_MK64F12.o
                0x00000b84                CLOCK_SYS_GetCoreClockFreq
 .text.CLOCK_SYS_EnablePortClock
                0x00000bac       0x48 ./SDK/platform/system/src/clock/MK64F12/fsl_clock_MK64F12.o
                0x00000bac                CLOCK_SYS_EnablePortClock
 .text.task_init
                0x00000bf4       0x64 ./SDK/platform/osa/src/fsl_os_abstraction_bm.o
                0x00000bf4                task_init
 .text.OSA_TimeDelay
                0x00000c58       0x2c ./SDK/platform/osa/src/fsl_os_abstraction_bm.o
                0x00000c58                OSA_TimeDelay
 .text.OSA_Init
                0x00000c84       0x14 ./SDK/platform/osa/src/fsl_os_abstraction_bm.o
                0x00000c84                OSA_Init
 .text.CLOCK_HAL_GetClkOutStat
                0x00000c98       0x24 ./SDK/platform/hal/src/mcg/fsl_mcg_hal.o
 .text.CLOCK_HAL_IsPllSelected
                0x00000cbc       0x30 ./SDK/platform/hal/src/mcg/fsl_mcg_hal.o
 .text.CLOCK_HAL_TestOscFreq
                0x00000cec       0x50 ./SDK/platform/hal/src/mcg/fsl_mcg_hal.o
                0x00000cec                CLOCK_HAL_TestOscFreq
 .text.CLOCK_HAL_GetMcgExternalClkFreq
                0x00000d3c       0x28 ./SDK/platform/hal/src/mcg/fsl_mcg_hal.o
 .text.CLOCK_HAL_TestFllExternalRefFreq
                0x00000d64       0x90 ./SDK/platform/hal/src/mcg/fsl_mcg_hal.o
                0x00000d64                CLOCK_HAL_TestFllExternalRefFreq
 .text.CLOCK_HAL_GetFllRefClk
                0x00000df4       0x74 ./SDK/platform/hal/src/mcg/fsl_mcg_hal.o
                0x00000df4                CLOCK_HAL_GetFllRefClk
 .text.CLOCK_HAL_TestFllFreq
                0x00000e68       0x5c ./SDK/platform/hal/src/mcg/fsl_mcg_hal.o
                0x00000e68                CLOCK_HAL_TestFllFreq
 .text.CLOCK_HAL_GetFllClk
                0x00000ec4       0x60 ./SDK/platform/hal/src/mcg/fsl_mcg_hal.o
                0x00000ec4                CLOCK_HAL_GetFllClk
 .text.CLOCK_HAL_GetPll0RefFreq
                0x00000f24       0x18 ./SDK/platform/hal/src/mcg/fsl_mcg_hal.o
                0x00000f24                CLOCK_HAL_GetPll0RefFreq
 .text.CLOCK_HAL_GetPll0Clk
                0x00000f3c       0x7c ./SDK/platform/hal/src/mcg/fsl_mcg_hal.o
                0x00000f3c                CLOCK_HAL_GetPll0Clk
 .text.CLOCK_HAL_GetInternalRefClk
                0x00000fb8       0x64 ./SDK/platform/hal/src/mcg/fsl_mcg_hal.o
                0x00000fb8                CLOCK_HAL_GetInternalRefClk
 .text.CLOCK_HAL_GetOutClk
                0x0000101c       0x68 ./SDK/platform/hal/src/mcg/fsl_mcg_hal.o
                0x0000101c                CLOCK_HAL_GetOutClk
 .text.GPIO_HAL_SetPinDir
                0x00001084       0x60 ./SDK/platform/hal/src/gpio/fsl_gpio_hal.o
                0x00001084                GPIO_HAL_SetPinDir
 .text.GPIO_HAL_WritePinOutput
                0x000010e4       0x4c ./SDK/platform/hal/src/gpio/fsl_gpio_hal.o
                0x000010e4                GPIO_HAL_WritePinOutput
 .text.NVIC_EnableIRQ
                0x00001130       0x30 ./SDK/platform/drivers/src/gpio/fsl_gpio_driver.o
 .text.PORT_HAL_SetPullMode
                0x00001160       0x44 ./SDK/platform/drivers/src/gpio/fsl_gpio_driver.o
 .text.PORT_HAL_SetPullCmd
                0x000011a4       0x48 ./SDK/platform/drivers/src/gpio/fsl_gpio_driver.o
 .text.PORT_HAL_SetSlewRateMode
                0x000011ec       0x48 ./SDK/platform/drivers/src/gpio/fsl_gpio_driver.o
 .text.PORT_HAL_SetPassiveFilterCmd
                0x00001234       0x48 ./SDK/platform/drivers/src/gpio/fsl_gpio_driver.o
 .text.PORT_HAL_SetOpenDrainCmd
                0x0000127c       0x48 ./SDK/platform/drivers/src/gpio/fsl_gpio_driver.o
 .text.PORT_HAL_SetDriveStrengthMode
                0x000012c4       0x48 ./SDK/platform/drivers/src/gpio/fsl_gpio_driver.o
 .text.PORT_HAL_SetMuxMode
                0x0000130c       0x58 ./SDK/platform/drivers/src/gpio/fsl_gpio_driver.o
 .text.PORT_HAL_SetDigitalFilterCmd
                0x00001364       0x4c ./SDK/platform/drivers/src/gpio/fsl_gpio_driver.o
 .text.PORT_HAL_SetPinIntMode
                0x000013b0       0x58 ./SDK/platform/drivers/src/gpio/fsl_gpio_driver.o
 .text.GPIO_HAL_SetPinOutput
                0x00001408       0x38 ./SDK/platform/drivers/src/gpio/fsl_gpio_driver.o
 .text.GPIO_HAL_ClearPinOutput
                0x00001440       0x38 ./SDK/platform/drivers/src/gpio/fsl_gpio_driver.o
 .text.INT_SYS_EnableIRQ
                0x00001478       0x54 ./SDK/platform/drivers/src/gpio/fsl_gpio_driver.o
 .text.GPIO_DRV_Init
                0x000014cc       0x50 ./SDK/platform/drivers/src/gpio/fsl_gpio_driver.o
                0x000014cc                GPIO_DRV_Init
 .text.GPIO_DRV_InputPinInit
                0x0000151c       0xc4 ./SDK/platform/drivers/src/gpio/fsl_gpio_driver.o
                0x0000151c                GPIO_DRV_InputPinInit
 .text.GPIO_DRV_OutputPinInit
                0x000015e0       0x90 ./SDK/platform/drivers/src/gpio/fsl_gpio_driver.o
                0x000015e0                GPIO_DRV_OutputPinInit
 .text.GPIO_DRV_SetPinOutput
                0x00001670       0x30 ./SDK/platform/drivers/src/gpio/fsl_gpio_driver.o
                0x00001670                GPIO_DRV_SetPinOutput
 .text.GPIO_DRV_ClearPinOutput
                0x000016a0       0x30 ./SDK/platform/drivers/src/gpio/fsl_gpio_driver.o
                0x000016a0                GPIO_DRV_ClearPinOutput
 .text.SystemInit
                0x000016d0      0x184 ./SDK/platform/devices/MK64F12/startup/system_MK64F12.o
                0x000016d0                SystemInit
 .text.init_data_bss
                0x00001854       0xcc ./SDK/platform/devices/startup.o
                0x00001854                init_data_bss
 .text.Components_Init
                0x00001920       0x18 ./Generated_Code/Cpu.o
                0x00001920                Components_Init
 .text.SIM_HAL_EnableClock
                0x00001938       0x3c ./Generated_Code/hardware_init.o
 .text.hardware_init
                0x00001974       0x6c ./Generated_Code/hardware_init.o
                0x00001974                hardware_init
 .text.NVIC_SetPriority
                0x000019e0       0x54 ./Generated_Code/osa1.o
 .text.CLOCK_SYS_GetSystickFreq
                0x00001a34       0x10 ./Generated_Code/osa1.o
 .text.SysTick_Handler
                0x00001a44       0x20 ./Generated_Code/osa1.o
                0x00001a44                SysTick_Handler
 .text.OSA_TimeInit
                0x00001a64       0xbc ./Generated_Code/osa1.o
                0x00001a64                OSA_TimeInit
 .text.OSA_TimeDiff
                0x00001b20       0x30 ./Generated_Code/osa1.o
                0x00001b20                OSA_TimeDiff
 .text.OSA_TimeGetMsec
                0x00001b50       0x18 ./Generated_Code/osa1.o
                0x00001b50                OSA_TimeGetMsec
 .text.PORT_HAL_SetPullMode
                0x00001b68       0x44 ./Generated_Code/pin_mux.o
 .text.PORT_HAL_SetPullCmd
                0x00001bac       0x48 ./Generated_Code/pin_mux.o
 .text.PORT_HAL_SetSlewRateMode
                0x00001bf4       0x48 ./Generated_Code/pin_mux.o
 .text.PORT_HAL_SetPassiveFilterCmd
                0x00001c3c       0x48 ./Generated_Code/pin_mux.o
 .text.PORT_HAL_SetOpenDrainCmd
                0x00001c84       0x48 ./Generated_Code/pin_mux.o
 .text.PORT_HAL_SetDriveStrengthMode
                0x00001ccc       0x48 ./Generated_Code/pin_mux.o
 .text.PORT_HAL_SetMuxMode
                0x00001d14       0x58 ./Generated_Code/pin_mux.o
 .text.init_enet_pins
                0x00001d6c       0x1c ./Generated_Code/pin_mux.o
                0x00001d6c                init_enet_pins
 .text.init_gpio_pins
                0x00001d88       0xd0 ./Generated_Code/pin_mux.o
                0x00001d88                init_gpio_pins
 .text.init_jtag_pins
                0x00001e58       0x3c ./Generated_Code/pin_mux.o
                0x00001e58                init_jtag_pins
 .text.init_llwu_pins
                0x00001e94       0x3c ./Generated_Code/pin_mux.o
                0x00001e94                init_llwu_pins
 .text.init_osc_pins
                0x00001ed0       0x1c ./Generated_Code/pin_mux.o
                0x00001ed0                init_osc_pins
 .text.init_tpiu_pins
                0x00001eec       0x1c ./Generated_Code/pin_mux.o
                0x00001eec                init_tpiu_pins
 .text.__assert_func
                0x00001f08       0x38 c:/freescale/kds_3.0.0/toolchain/bin/../lib/gcc/arm-none-eabi/4.8.4/../../../../arm-none-eabi/lib/armv7e-m/fpu\libg_s.a(lib_a-assert.o)
                0x00001f08                __assert_func
 .text.exit     0x00001f40       0x28 c:/freescale/kds_3.0.0/toolchain/bin/../lib/gcc/arm-none-eabi/4.8.4/../../../../arm-none-eabi/lib/armv7e-m/fpu\libg_s.a(lib_a-exit.o)
                0x00001f40                exit
 .text.fprintf  0x00001f68       0x24 c:/freescale/kds_3.0.0/toolchain/bin/../lib/gcc/arm-none-eabi/4.8.4/../../../../arm-none-eabi/lib/armv7e-m/fpu\libg_s.a(lib_a-fprintf.o)
                0x00001f68                fiprintf
                0x00001f68                fprintf
 .text.__libc_init_array
                0x00001f8c       0x4c c:/freescale/kds_3.0.0/toolchain/bin/../lib/gcc/arm-none-eabi/4.8.4/../../../../arm-none-eabi/lib/armv7e-m/fpu\libg_s.a(lib_a-init.o)
                0x00001f8c                __libc_init_array
 .text.memset   0x00001fd8       0x10 c:/freescale/kds_3.0.0/toolchain/bin/../lib/gcc/arm-none-eabi/4.8.4/../../../../arm-none-eabi/lib/armv7e-m/fpu\libg_s.a(lib_a-memset.o)
                0x00001fd8                memset
 .text._free_r  0x00001fe8       0x88 c:/freescale/kds_3.0.0/toolchain/bin/../lib/gcc/arm-none-eabi/4.8.4/../../../../arm-none-eabi/lib/armv7e-m/fpu\libg_s.a(lib_a-nano-freer.o)
                0x00001fe8                _free_r
 .text._malloc_r
                0x00002070       0xa8 c:/freescale/kds_3.0.0/toolchain/bin/../lib/gcc/arm-none-eabi/4.8.4/../../../../arm-none-eabi/lib/armv7e-m/fpu\libg_s.a(lib_a-nano-mallocr.o)
                0x00002070                _malloc_r
 .text._sbrk_r  0x00002118       0x20 c:/freescale/kds_3.0.0/toolchain/bin/../lib/gcc/arm-none-eabi/4.8.4/../../../../arm-none-eabi/lib/armv7e-m/fpu\libg_s.a(lib_a-sbrkr.o)
                0x00002118                _sbrk_r
 .text.__sfputc_r
                0x00002138       0x2c c:/freescale/kds_3.0.0/toolchain/bin/../lib/gcc/arm-none-eabi/4.8.4/../../../../arm-none-eabi/lib/armv7e-m/fpu\libg_s.a(lib_a-vfprintf.o)
 .text.__sfputs_r
                0x00002164       0x24 c:/freescale/kds_3.0.0/toolchain/bin/../lib/gcc/arm-none-eabi/4.8.4/../../../../arm-none-eabi/lib/armv7e-m/fpu\libg_s.a(lib_a-vfprintf.o)
                0x00002164                __sfputs_r
 .text._vfprintf_r
                0x00002188      0x208 c:/freescale/kds_3.0.0/toolchain/bin/../lib/gcc/arm-none-eabi/4.8.4/../../../../arm-none-eabi/lib/armv7e-m/fpu\libg_s.a(lib_a-vfprintf.o)
                0x00002188                _vfprintf_r
                0x00002188                _vfiprintf_r
 .text._printf_common
                0x00002390       0xe4 c:/freescale/kds_3.0.0/toolchain/bin/../lib/gcc/arm-none-eabi/4.8.4/../../../../arm-none-eabi/lib/armv7e-m/fpu\libg_s.a(lib_a-vfprintf_i.o)
                0x00002390                _printf_common
 .text._printf_i
                0x00002474      0x228 c:/freescale/kds_3.0.0/toolchain/bin/../lib/gcc/arm-none-eabi/4.8.4/../../../../arm-none-eabi/lib/armv7e-m/fpu\libg_s.a(lib_a-vfprintf_i.o)
                0x00002474                _printf_i
 .text.__swbuf_r
                0x0000269c       0xa8 c:/freescale/kds_3.0.0/toolchain/bin/../lib/gcc/arm-none-eabi/4.8.4/../../../../arm-none-eabi/lib/armv7e-m/fpu\libg_s.a(lib_a-wbuf.o)
                0x0000269c                __swbuf_r
 .text.__swsetup_r
                0x00002744       0xdc c:/freescale/kds_3.0.0/toolchain/bin/../lib/gcc/arm-none-eabi/4.8.4/../../../../arm-none-eabi/lib/armv7e-m/fpu\libg_s.a(lib_a-wsetup.o)
                0x00002744                __swsetup_r
 .text.abort    0x00002820        0xe c:/freescale/kds_3.0.0/toolchain/bin/../lib/gcc/arm-none-eabi/4.8.4/../../../../arm-none-eabi/lib/armv7e-m/fpu\libg_s.a(lib_a-abort.o)
                0x00002820                abort
 .text.__sflush_r
                0x0000282e      0x106 c:/freescale/kds_3.0.0/toolchain/bin/../lib/gcc/arm-none-eabi/4.8.4/../../../../arm-none-eabi/lib/armv7e-m/fpu\libg_s.a(lib_a-fflush.o)
                0x0000282e                __sflush_r
 .text._fflush_r
                0x00002934       0x54 c:/freescale/kds_3.0.0/toolchain/bin/../lib/gcc/arm-none-eabi/4.8.4/../../../../arm-none-eabi/lib/armv7e-m/fpu\libg_s.a(lib_a-fflush.o)
                0x00002934                _fflush_r
 .text._cleanup_r
                0x00002988       0x32 c:/freescale/kds_3.0.0/toolchain/bin/../lib/gcc/arm-none-eabi/4.8.4/../../../../arm-none-eabi/lib/armv7e-m/fpu\libg_s.a(lib_a-findfp.o)
                0x00002988                _cleanup_r
 *fill*         0x000029ba        0x2 
 .text.std.isra.0
                0x000029bc       0x48 c:/freescale/kds_3.0.0/toolchain/bin/../lib/gcc/arm-none-eabi/4.8.4/../../../../arm-none-eabi/lib/armv7e-m/fpu\libg_s.a(lib_a-findfp.o)
 .text.__sfmoreglue
                0x00002a04       0x2c c:/freescale/kds_3.0.0/toolchain/bin/../lib/gcc/arm-none-eabi/4.8.4/../../../../arm-none-eabi/lib/armv7e-m/fpu\libg_s.a(lib_a-findfp.o)
                0x00002a04                __sfmoreglue
 .text.__sinit  0x00002a30       0x60 c:/freescale/kds_3.0.0/toolchain/bin/../lib/gcc/arm-none-eabi/4.8.4/../../../../arm-none-eabi/lib/armv7e-m/fpu\libg_s.a(lib_a-findfp.o)
                0x00002a30                __sinit
 .text.__sfp    0x00002a90       0x74 c:/freescale/kds_3.0.0/toolchain/bin/../lib/gcc/arm-none-eabi/4.8.4/../../../../arm-none-eabi/lib/armv7e-m/fpu\libg_s.a(lib_a-findfp.o)
                0x00002a90                __sfp
 .text.__smakebuf_r
                0x00002b04       0x9c c:/freescale/kds_3.0.0/toolchain/bin/../lib/gcc/arm-none-eabi/4.8.4/../../../../arm-none-eabi/lib/armv7e-m/fpu\libg_s.a(lib_a-makebuf.o)
                0x00002b04                __smakebuf_r
 .text.memchr   0x00002ba0       0x1e c:/freescale/kds_3.0.0/toolchain/bin/../lib/gcc/arm-none-eabi/4.8.4/../../../../arm-none-eabi/lib/armv7e-m/fpu\libg_s.a(lib_a-memchr-stub.o)
                0x00002ba0                memchr
 .text._raise_r
                0x00002bbe       0x50 c:/freescale/kds_3.0.0/toolchain/bin/../lib/gcc/arm-none-eabi/4.8.4/../../../../arm-none-eabi/lib/armv7e-m/fpu\libg_s.a(lib_a-signal.o)
                0x00002bbe                _raise_r
 *fill*         0x00002c0e        0x2 
 .text.raise    0x00002c10       0x10 c:/freescale/kds_3.0.0/toolchain/bin/../lib/gcc/arm-none-eabi/4.8.4/../../../../arm-none-eabi/lib/armv7e-m/fpu\libg_s.a(lib_a-signal.o)
                0x00002c10                raise
 .text._kill_r  0x00002c20       0x24 c:/freescale/kds_3.0.0/toolchain/bin/../lib/gcc/arm-none-eabi/4.8.4/../../../../arm-none-eabi/lib/armv7e-m/fpu\libg_s.a(lib_a-signalr.o)
                0x00002c20                _kill_r
 .text._getpid_r
                0x00002c44        0x4 c:/freescale/kds_3.0.0/toolchain/bin/../lib/gcc/arm-none-eabi/4.8.4/../../../../arm-none-eabi/lib/armv7e-m/fpu\libg_s.a(lib_a-signalr.o)
                0x00002c44                _getpid_r
 .text.__sread  0x00002c48       0x22 c:/freescale/kds_3.0.0/toolchain/bin/../lib/gcc/arm-none-eabi/4.8.4/../../../../arm-none-eabi/lib/armv7e-m/fpu\libg_s.a(lib_a-stdio.o)
                0x00002c48                __sread
 .text.__swrite
                0x00002c6a       0x38 c:/freescale/kds_3.0.0/toolchain/bin/../lib/gcc/arm-none-eabi/4.8.4/../../../../arm-none-eabi/lib/armv7e-m/fpu\libg_s.a(lib_a-stdio.o)
                0x00002c6a                __swrite
 .text.__sseek  0x00002ca2       0x24 c:/freescale/kds_3.0.0/toolchain/bin/../lib/gcc/arm-none-eabi/4.8.4/../../../../arm-none-eabi/lib/armv7e-m/fpu\libg_s.a(lib_a-stdio.o)
                0x00002ca2                __sseek
 .text.__sclose
                0x00002cc6        0x8 c:/freescale/kds_3.0.0/toolchain/bin/../lib/gcc/arm-none-eabi/4.8.4/../../../../arm-none-eabi/lib/armv7e-m/fpu\libg_s.a(lib_a-stdio.o)
                0x00002cc6                __sclose
 .text.strlen   0x00002cce       0x10 c:/freescale/kds_3.0.0/toolchain/bin/../lib/gcc/arm-none-eabi/4.8.4/../../../../arm-none-eabi/lib/armv7e-m/fpu\libg_s.a(lib_a-strlen.o)
                0x00002cce                strlen
 *fill*         0x00002cde        0x2 
 .text._write_r
                0x00002ce0       0x24 c:/freescale/kds_3.0.0/toolchain/bin/../lib/gcc/arm-none-eabi/4.8.4/../../../../arm-none-eabi/lib/armv7e-m/fpu\libg_s.a(lib_a-writer.o)
                0x00002ce0                _write_r
 .text._close_r
                0x00002d04       0x20 c:/freescale/kds_3.0.0/toolchain/bin/../lib/gcc/arm-none-eabi/4.8.4/../../../../arm-none-eabi/lib/armv7e-m/fpu\libg_s.a(lib_a-closer.o)
                0x00002d04                _close_r
 .text._fstat_r
                0x00002d24       0x24 c:/freescale/kds_3.0.0/toolchain/bin/../lib/gcc/arm-none-eabi/4.8.4/../../../../arm-none-eabi/lib/armv7e-m/fpu\libg_s.a(lib_a-fstatr.o)
                0x00002d24                _fstat_r
 .text._isatty_r
                0x00002d48       0x20 c:/freescale/kds_3.0.0/toolchain/bin/../lib/gcc/arm-none-eabi/4.8.4/../../../../arm-none-eabi/lib/armv7e-m/fpu\libg_s.a(lib_a-isattyr.o)
                0x00002d48                _isatty_r
 .text._lseek_r
                0x00002d68       0x24 c:/freescale/kds_3.0.0/toolchain/bin/../lib/gcc/arm-none-eabi/4.8.4/../../../../arm-none-eabi/lib/armv7e-m/fpu\libg_s.a(lib_a-lseekr.o)
                0x00002d68                _lseek_r
 .text._read_r  0x00002d8c       0x24 c:/freescale/kds_3.0.0/toolchain/bin/../lib/gcc/arm-none-eabi/4.8.4/../../../../arm-none-eabi/lib/armv7e-m/fpu\libg_s.a(lib_a-readr.o)
                0x00002d8c                _read_r
 .text._close   0x00002db0       0x10 c:/freescale/kds_3.0.0/toolchain/bin/../lib/gcc/arm-none-eabi/4.8.4/../../../../arm-none-eabi/lib/armv7e-m/fpu\libnosys.a(close.o)
                0x00002db0                _close
 .text._fstat   0x00002dc0       0x10 c:/freescale/kds_3.0.0/toolchain/bin/../lib/gcc/arm-none-eabi/4.8.4/../../../../arm-none-eabi/lib/armv7e-m/fpu\libnosys.a(fstat.o)
                0x00002dc0                _fstat
 .text._getpid  0x00002dd0       0x10 c:/freescale/kds_3.0.0/toolchain/bin/../lib/gcc/arm-none-eabi/4.8.4/../../../../arm-none-eabi/lib/armv7e-m/fpu\libnosys.a(getpid.o)
                0x00002dd0                _getpid
 .text._isatty  0x00002de0       0x10 c:/freescale/kds_3.0.0/toolchain/bin/../lib/gcc/arm-none-eabi/4.8.4/../../../../arm-none-eabi/lib/armv7e-m/fpu\libnosys.a(isatty.o)
                0x00002de0                _isatty
 .text._kill    0x00002df0       0x10 c:/freescale/kds_3.0.0/toolchain/bin/../lib/gcc/arm-none-eabi/4.8.4/../../../../arm-none-eabi/lib/armv7e-m/fpu\libnosys.a(kill.o)
                0x00002df0                _kill
 .text._lseek   0x00002e00       0x10 c:/freescale/kds_3.0.0/toolchain/bin/../lib/gcc/arm-none-eabi/4.8.4/../../../../arm-none-eabi/lib/armv7e-m/fpu\libnosys.a(lseek.o)
                0x00002e00                _lseek
 .text._read    0x00002e10       0x10 c:/freescale/kds_3.0.0/toolchain/bin/../lib/gcc/arm-none-eabi/4.8.4/../../../../arm-none-eabi/lib/armv7e-m/fpu\libnosys.a(read.o)
                0x00002e10                _read
 .text._sbrk    0x00002e20       0x34 c:/freescale/kds_3.0.0/toolchain/bin/../lib/gcc/arm-none-eabi/4.8.4/../../../../arm-none-eabi/lib/armv7e-m/fpu\libnosys.a(sbrk.o)
                0x00002e20                _sbrk
 .text._write   0x00002e54       0x10 c:/freescale/kds_3.0.0/toolchain/bin/../lib/gcc/arm-none-eabi/4.8.4/../../../../arm-none-eabi/lib/armv7e-m/fpu\libnosys.a(write.o)
                0x00002e54                _write
 .text._exit    0x00002e64        0x4 c:/freescale/kds_3.0.0/toolchain/bin/../lib/gcc/arm-none-eabi/4.8.4/../../../../arm-none-eabi/lib/armv7e-m/fpu\libnosys.a(_exit.o)
                0x00002e64                _exit
 *(.rodata)
 .rodata        0x00002e68      0x1f0 ./SDK/platform/system/src/clock/MK64F12/fsl_clock_MK64F12.o
 .rodata        0x00003058       0x4c ./SDK/platform/hal/src/gpio/fsl_gpio_hal.o
 .rodata        0x000030a4      0x108 ./SDK/platform/drivers/src/gpio/fsl_gpio_driver.o
 .rodata        0x000031ac       0x2c ./Generated_Code/osa1.o
 .rodata        0x000031d8       0x44 ./Generated_Code/pin_mux.o
 *(.rodata*)
 .rodata.portGateTable
                0x0000321c        0x8 ./SDK/platform/system/src/clock/MK64F12/fsl_clock_MK64F12.o
 .rodata.__func__.7870
                0x00003224       0x1c ./SDK/platform/system/src/clock/MK64F12/fsl_clock_MK64F12.o
 .rodata.fllFactorTable.6440
                0x00003240       0x10 ./SDK/platform/hal/src/mcg/fsl_mcg_hal.o
 .rodata.__func__.6219
                0x00003250       0x14 ./SDK/platform/hal/src/gpio/fsl_gpio_hal.o
 .rodata.__func__.6225
                0x00003264       0x18 ./SDK/platform/hal/src/gpio/fsl_gpio_hal.o
 .rodata.g_gpioBase
                0x0000327c       0x14 ./SDK/platform/drivers/src/gpio/fsl_gpio_common.o
                0x0000327c                g_gpioBase
 .rodata.g_portBase
                0x00003290       0x14 ./SDK/platform/drivers/src/gpio/fsl_gpio_common.o
                0x00003290                g_portBase
 .rodata.g_portIrqId
                0x000032a4        0x8 ./SDK/platform/drivers/src/gpio/fsl_gpio_common.o
                0x000032a4                g_portIrqId
 .rodata.__func__.6221
                0x000032ac       0x14 ./SDK/platform/drivers/src/gpio/fsl_gpio_driver.o
 .rodata.__func__.6191
                0x000032c0       0x14 ./SDK/platform/drivers/src/gpio/fsl_gpio_driver.o
 .rodata.__func__.6185
                0x000032d4       0x18 ./SDK/platform/drivers/src/gpio/fsl_gpio_driver.o
 .rodata.__func__.6203
                0x000032ec       0x20 ./SDK/platform/drivers/src/gpio/fsl_gpio_driver.o
 .rodata.__func__.6233
                0x0000330c       0x20 ./SDK/platform/drivers/src/gpio/fsl_gpio_driver.o
 .rodata.__func__.6255
                0x0000332c       0x18 ./SDK/platform/drivers/src/gpio/fsl_gpio_driver.o
 .rodata.__func__.7986
                0x00003344       0x14 ./SDK/platform/drivers/src/gpio/fsl_gpio_driver.o
 .rodata.__func__.6197
                0x00003358       0x1c ./SDK/platform/drivers/src/gpio/fsl_gpio_driver.o
 .rodata.__func__.6215
                0x00003374       0x20 ./SDK/platform/drivers/src/gpio/fsl_gpio_driver.o
 .rodata.__func__.6209
                0x00003394       0x1c ./SDK/platform/drivers/src/gpio/fsl_gpio_driver.o
 .rodata.__func__.6319
                0x000033b0       0x18 ./SDK/platform/drivers/src/gpio/fsl_gpio_driver.o
 .rodata.__func__.6324
                0x000033c8       0x18 ./SDK/platform/drivers/src/gpio/fsl_gpio_driver.o
 .rodata.gpio1_InpConfig0
                0x000033e0       0x18 ./Generated_Code/gpio1.o
                0x000033e0                gpio1_InpConfig0
 .rodata.gpio1_OutConfig0
                0x000033f8       0x30 ./Generated_Code/gpio1.o
                0x000033f8                gpio1_OutConfig0
 .rodata.__func__.8361
                0x00003428       0x10 ./Generated_Code/osa1.o
 .rodata.__func__.6221
                0x00003438       0x14 ./Generated_Code/pin_mux.o
 .rodata.__func__.6203
                0x0000344c       0x20 ./Generated_Code/pin_mux.o
 .rodata.__func__.6185
                0x0000346c       0x18 ./Generated_Code/pin_mux.o
 .rodata.__func__.6191
                0x00003484       0x14 ./Generated_Code/pin_mux.o
 .rodata.__func__.6209
                0x00003498       0x1c ./Generated_Code/pin_mux.o
 .rodata.__func__.6215
                0x000034b4       0x20 ./Generated_Code/pin_mux.o
 .rodata.__func__.6197
                0x000034d4       0x1c ./Generated_Code/pin_mux.o
 .rodata.str1.1
                0x000034f0       0x3c c:/freescale/kds_3.0.0/toolchain/bin/../lib/gcc/arm-none-eabi/4.8.4/../../../../arm-none-eabi/lib/armv7e-m/fpu\libg_s.a(lib_a-assert.o)
                                 0x3d (size before relaxing)
 .rodata.str1.1
                0x0000352c        0x2 c:/freescale/kds_3.0.0/toolchain/bin/../lib/gcc/arm-none-eabi/4.8.4/../../../../arm-none-eabi/lib/armv7e-m/fpu\libg_s.a(lib_a-impure.o)
 *fill*         0x0000352e        0x2 
 .rodata._global_impure_ptr
                0x00003530        0x4 c:/freescale/kds_3.0.0/toolchain/bin/../lib/gcc/arm-none-eabi/4.8.4/../../../../arm-none-eabi/lib/armv7e-m/fpu\libg_s.a(lib_a-impure.o)
                0x00003530                _global_impure_ptr
 .rodata.str1.1
                0x00003534       0x11 c:/freescale/kds_3.0.0/toolchain/bin/../lib/gcc/arm-none-eabi/4.8.4/../../../../arm-none-eabi/lib/armv7e-m/fpu\libg_s.a(lib_a-vfprintf.o)
 .rodata.str1.1
                0x00003545       0x22 c:/freescale/kds_3.0.0/toolchain/bin/../lib/gcc/arm-none-eabi/4.8.4/../../../../arm-none-eabi/lib/armv7e-m/fpu\libg_s.a(lib_a-vfprintf_i.o)
 *fill*         0x00003567        0x1 
 .rodata.__sf_fake_stdin
                0x00003568       0x20 c:/freescale/kds_3.0.0/toolchain/bin/../lib/gcc/arm-none-eabi/4.8.4/../../../../arm-none-eabi/lib/armv7e-m/fpu\libg_s.a(lib_a-findfp.o)
                0x00003568                __sf_fake_stdin
 .rodata.__sf_fake_stdout
                0x00003588       0x20 c:/freescale/kds_3.0.0/toolchain/bin/../lib/gcc/arm-none-eabi/4.8.4/../../../../arm-none-eabi/lib/armv7e-m/fpu\libg_s.a(lib_a-findfp.o)
                0x00003588                __sf_fake_stdout
 .rodata.__sf_fake_stderr
                0x000035a8       0x20 c:/freescale/kds_3.0.0/toolchain/bin/../lib/gcc/arm-none-eabi/4.8.4/../../../../arm-none-eabi/lib/armv7e-m/fpu\libg_s.a(lib_a-findfp.o)
                0x000035a8                __sf_fake_stderr
 *(.glue_7)
 .glue_7        0x00000000        0x0 linker stubs
 *(.glue_7t)
 .glue_7t       0x00000000        0x0 linker stubs
 *(.eh_frame)
 .eh_frame      0x000035c8        0x0 c:/freescale/kds_3.0.0/toolchain/bin/../lib/gcc/arm-none-eabi/4.8.4/armv7e-m/fpu/crtbegin.o
 *(.init)
 .init          0x000035c8        0x4 c:/freescale/kds_3.0.0/toolchain/bin/../lib/gcc/arm-none-eabi/4.8.4/armv7e-m/fpu/crti.o
                0x000035c8                _init
 .init          0x000035cc        0x8 c:/freescale/kds_3.0.0/toolchain/bin/../lib/gcc/arm-none-eabi/4.8.4/armv7e-m/fpu/crtn.o
 *(.fini)
 .fini          0x000035d4        0x4 c:/freescale/kds_3.0.0/toolchain/bin/../lib/gcc/arm-none-eabi/4.8.4/armv7e-m/fpu/crti.o
                0x000035d4                _fini
 .fini          0x000035d8        0x8 c:/freescale/kds_3.0.0/toolchain/bin/../lib/gcc/arm-none-eabi/4.8.4/armv7e-m/fpu/crtn.o
                0x000035e0                . = ALIGN (0x4)

.vfp11_veneer   0x000035e0        0x0
 .vfp11_veneer  0x00000000        0x0 linker stubs

.v4_bx          0x000035e0        0x0
 .v4_bx         0x00000000        0x0 linker stubs

.iplt           0x000035e0        0x0
 .iplt          0x00000000        0x0 c:/freescale/kds_3.0.0/toolchain/bin/../lib/gcc/arm-none-eabi/4.8.4/armv7e-m/fpu/crtbegin.o

.ARM.extab
 *(.ARM.extab* .gnu.linkonce.armextab.*)

.ARM            0x000035e0        0x8
                0x000035e0                __exidx_start = .
 *(.ARM.exidx*)
 .ARM.exidx     0x000035e0        0x8 c:/freescale/kds_3.0.0/toolchain/bin/../lib/gcc/arm-none-eabi/4.8.4/../../../../arm-none-eabi/lib/armv7e-m/fpu/crt0.o
 .ARM.exidx     0x000035e8        0x0 c:/freescale/kds_3.0.0/toolchain/bin/../lib/gcc/arm-none-eabi/4.8.4/armv7e-m/fpu\libgcc.a(_divdi3.o)
                                  0x8 (size before relaxing)
 .ARM.exidx     0x000035e8        0x0 c:/freescale/kds_3.0.0/toolchain/bin/../lib/gcc/arm-none-eabi/4.8.4/armv7e-m/fpu\libgcc.a(_udivdi3.o)
                                  0x8 (size before relaxing)
                0x000035e8                __exidx_end = .

.rel.dyn        0x000035e8        0x0
 .rel.iplt      0x00000000        0x0 c:/freescale/kds_3.0.0/toolchain/bin/../lib/gcc/arm-none-eabi/4.8.4/armv7e-m/fpu/crtbegin.o

.ctors          0x000035e8        0x0
                0x000035e8                __CTOR_LIST__ = .
 *crtbegin.o(.ctors)
 *crtbegin?.o(.ctors)
 *(EXCLUDE_FILE(*crtend.o *crtend?.o) .ctors)
 *(SORT(.ctors.*))
 *(.ctors)
                0x000035e8                __CTOR_END__ = .

.dtors          0x000035e8        0x0
                0x000035e8                __DTOR_LIST__ = .
 *crtbegin.o(.dtors)
 *crtbegin?.o(.dtors)
 *(EXCLUDE_FILE(*crtend.o *crtend?.o) .dtors)
 *(SORT(.dtors.*))
 *(.dtors)
                0x000035e8                __DTOR_END__ = .

.preinit_array  0x000035e8        0x0
                0x000035e8                PROVIDE (__preinit_array_start, .)
 *(.preinit_array*)
                0x000035e8                PROVIDE (__preinit_array_end, .)

.init_array     0x000035e8        0x4
                0x000035e8                PROVIDE (__init_array_start, .)
 *(SORT(.init_array.*))
 *(.init_array*)
 .init_array    0x000035e8        0x4 c:/freescale/kds_3.0.0/toolchain/bin/../lib/gcc/arm-none-eabi/4.8.4/armv7e-m/fpu/crtbegin.o
                0x000035ec                PROVIDE (__init_array_end, .)

.fini_array     0x000035ec        0x4
                0x000035ec                PROVIDE (__fini_array_start, .)
 *(SORT(.fini_array.*))
 *(.fini_array*)
 .fini_array    0x000035ec        0x4 c:/freescale/kds_3.0.0/toolchain/bin/../lib/gcc/arm-none-eabi/4.8.4/armv7e-m/fpu/crtbegin.o
                0x000035f0                PROVIDE (__fini_array_end, .)
                0x000035f0                __etext = .
                0x000035f0                __DATA_ROM = .

.data           0x1fff0400       0x70 load address 0x000035f0
                0x1fff0400                . = ALIGN (0x4)
                0x1fff0400                __DATA_RAM = .
                0x1fff0400                __data_start__ = .
 *(.data)
 *(.data*)
 .data.g_fastInternalRefClkFreq
                0x1fff0400        0x4 ./SDK/platform/hal/src/mcg/fsl_mcg_hal.o
                0x1fff0400                g_fastInternalRefClkFreq
 .data.g_slowInternalRefClkFreq
                0x1fff0404        0x4 ./SDK/platform/hal/src/mcg/fsl_mcg_hal.o
                0x1fff0404                g_slowInternalRefClkFreq
 .data.impure_data
                0x1fff0408       0x60 c:/freescale/kds_3.0.0/toolchain/bin/../lib/gcc/arm-none-eabi/4.8.4/../../../../arm-none-eabi/lib/armv7e-m/fpu\libg_s.a(lib_a-impure.o)
 .data._impure_ptr
                0x1fff0468        0x4 c:/freescale/kds_3.0.0/toolchain/bin/../lib/gcc/arm-none-eabi/4.8.4/../../../../arm-none-eabi/lib/armv7e-m/fpu\libg_s.a(lib_a-impure.o)
                0x1fff0468                _impure_ptr
 *(.jcr*)
 .jcr           0x1fff046c        0x0 c:/freescale/kds_3.0.0/toolchain/bin/../lib/gcc/arm-none-eabi/4.8.4/armv7e-m/fpu/crtbegin.o
 .jcr           0x1fff046c        0x4 c:/freescale/kds_3.0.0/toolchain/bin/../lib/gcc/arm-none-eabi/4.8.4/armv7e-m/fpu/crtend.o
                0x1fff0470                . = ALIGN (0x4)
                0x1fff0470                __data_end__ = .
                0x00003660                __DATA_END = (__DATA_ROM + (__data_end__ - __data_start__))
                0x00003660                __m_interrupts_ram_ROMStart = (__DATA_ROM + SIZEOF (.data))

.igot.plt       0x1fff0470        0x0 load address 0x00003660
 .igot.plt      0x00000000        0x0 c:/freescale/kds_3.0.0/toolchain/bin/../lib/gcc/arm-none-eabi/4.8.4/armv7e-m/fpu/crtbegin.o

.m_interrupts_ram
                0x1fff0000      0x400 load address 0x00003660
                0x1fff0000                . = ALIGN (0x4)
                0x1fff0000                __m_interrupts_ram_RAMStart = .
 *(.m_interrupts_ram)
                0x1fff0400                . = (. + 0x400)
 *fill*         0x1fff0000      0x400 
                0x1fff0400                __m_interrupts_ram_RAMEnd = .
                0x1fff0400                . = ALIGN (0x4)
                0x00000400                __m_interrupts_ram_ROMSize = (__m_interrupts_ram_RAMEnd - __m_interrupts_ram_RAMStart)
                0x00000400                __RAM_VECTOR_TABLE_SIZE_BYTES = (__m_interrupts_ram_RAMEnd - __m_interrupts_ram_RAMStart)
                0x00003a60                __m_data_2_ROMStart = (__m_interrupts_ram_ROMStart + SIZEOF (.m_interrupts_ram))

.m_data_2       0x20000000        0x0 load address 0x00003a60
                0x20000000                . = ALIGN (0x4)
                0x20000000                __m_data_2_RAMStart = .
 *(.m_data_2)
                0x20000000                __m_data_2_RAMEnd = .
                0x20000000                . = ALIGN (0x4)
                0x00000000                __m_data_2_ROMSize = (__m_data_2_RAMEnd - __m_data_2_RAMStart)

.bss            0x1fff0470       0x9c load address 0x00003660
                0x1fff0470                . = ALIGN (0x4)
                0x1fff0470                __START_BSS = .
                0x1fff0470                __bss_start__ = .
 *(.bss)
 .bss           0x1fff0470       0x1c c:/freescale/kds_3.0.0/toolchain/bin/../lib/gcc/arm-none-eabi/4.8.4/armv7e-m/fpu/crtbegin.o
 *(.bss*)
 .bss.g_taskControlBlockPool
                0x1fff048c       0x50 ./SDK/platform/osa/src/fsl_os_abstraction_bm.o
 .bss.g_freeTaskControlBlock
                0x1fff04dc        0x4 ./SDK/platform/osa/src/fsl_os_abstraction_bm.o
 .bss.g_taskListHead
                0x1fff04e0       0x10 ./SDK/platform/osa/src/fsl_os_abstraction_bm.o
 .bss.SwTimerIsrCounter
                0x1fff04f0        0x2 ./Generated_Code/osa1.o
 *fill*         0x1fff04f2        0x2 
 .bss.__malloc_sbrk_start
                0x1fff04f4        0x4 c:/freescale/kds_3.0.0/toolchain/bin/../lib/gcc/arm-none-eabi/4.8.4/../../../../arm-none-eabi/lib/armv7e-m/fpu\libg_s.a(lib_a-nano-mallocr.o)
                0x1fff04f4                __malloc_sbrk_start
 .bss.__malloc_free_list
                0x1fff04f8        0x4 c:/freescale/kds_3.0.0/toolchain/bin/../lib/gcc/arm-none-eabi/4.8.4/../../../../arm-none-eabi/lib/armv7e-m/fpu\libg_s.a(lib_a-nano-mallocr.o)
                0x1fff04f8                __malloc_free_list
 .bss.heap_end.4246
                0x1fff04fc        0x4 c:/freescale/kds_3.0.0/toolchain/bin/../lib/gcc/arm-none-eabi/4.8.4/../../../../arm-none-eabi/lib/armv7e-m/fpu\libnosys.a(sbrk.o)
 *(COMMON)
 COMMON         0x1fff0500        0x8 ./SDK/platform/hal/src/mcg/fsl_mcg_hal.o
                0x1fff0500                g_xtal0ClkFreq
                0x1fff0504                g_xtalRtcClkFreq
 COMMON         0x1fff0508        0x4 c:/freescale/kds_3.0.0/toolchain/bin/../lib/gcc/arm-none-eabi/4.8.4/../../../../arm-none-eabi/lib/armv7e-m/fpu\libg_s.a(lib_a-reent.o)
                0x1fff0508                errno
                0x1fff050c                . = ALIGN (0x4)
                0x1fff050c                __bss_end__ = .
                0x1fff050c                __END_BSS = .

.heap           0x20000000        0x0
                0x20000000                . = ALIGN (0x8)
                0x20000000                __end__ = .
                0x20000000                PROVIDE (end, .)
                0x20000000                __HeapBase = .
                0x20000000                . = (. + HEAP_SIZE)
                0x20000000                __HeapLimit = .

.stack          0x20000000      0x400
                0x20000000                . = ALIGN (0x8)
                0x20000400                . = (. + STACK_SIZE)
 *fill*         0x20000000      0x400 
                0x20030000                __StackTop = (ORIGIN (m_data_2) + 0x30000)
                0x2002fc00                __StackLimit = (__StackTop - STACK_SIZE)
                0x20030000                PROVIDE (__stack, __StackTop)

.ARM.attributes
                0x00000000       0x30
 *(.ARM.attributes)
 .ARM.attributes
                0x00000000       0x22 c:/freescale/kds_3.0.0/toolchain/bin/../lib/gcc/arm-none-eabi/4.8.4/armv7e-m/fpu/crti.o
 .ARM.attributes
                0x00000022       0x34 c:/freescale/kds_3.0.0/toolchain/bin/../lib/gcc/arm-none-eabi/4.8.4/armv7e-m/fpu/crtbegin.o
 .ARM.attributes
                0x00000056       0x20 c:/freescale/kds_3.0.0/toolchain/bin/../lib/gcc/arm-none-eabi/4.8.4/../../../../arm-none-eabi/lib/armv7e-m/fpu/crt0.o
 .ARM.attributes
                0x00000076       0x39 ./Static_Code/System/PE_low_level_init.o
 .ARM.attributes
                0x000000af       0x39 ./Sources/main.o
 .ARM.attributes
                0x000000e8       0x39 ./SDK/platform/system/src/clock/MK64F12/fsl_clock_MK64F12.o
 .ARM.attributes
                0x00000121       0x39 ./SDK/platform/osa/src/fsl_os_abstraction_bm.o
 .ARM.attributes
                0x0000015a       0x39 ./SDK/platform/hal/src/mcg/fsl_mcg_hal.o
 .ARM.attributes
                0x00000193       0x39 ./SDK/platform/hal/src/gpio/fsl_gpio_hal.o
 .ARM.attributes
                0x000001cc       0x39 ./SDK/platform/drivers/src/gpio/fsl_gpio_common.o
 .ARM.attributes
                0x00000205       0x39 ./SDK/platform/drivers/src/gpio/fsl_gpio_driver.o
 .ARM.attributes
                0x0000023e       0x1f ./SDK/platform/devices/MK64F12/startup/gcc/startup_MK64F12.o
 .ARM.attributes
                0x0000025d       0x39 ./SDK/platform/devices/MK64F12/startup/system_MK64F12.o
 .ARM.attributes
                0x00000296       0x39 ./SDK/platform/devices/startup.o
 .ARM.attributes
                0x000002cf       0x39 ./Generated_Code/Cpu.o
 .ARM.attributes
                0x00000308       0x39 ./Generated_Code/gpio1.o
 .ARM.attributes
                0x00000341       0x39 ./Generated_Code/hardware_init.o
 .ARM.attributes
                0x0000037a       0x39 ./Generated_Code/osa1.o
 .ARM.attributes
                0x000003b3       0x39 ./Generated_Code/pin_mux.o
 .ARM.attributes
                0x000003ec       0x22 c:/freescale/kds_3.0.0/toolchain/bin/../lib/gcc/arm-none-eabi/4.8.4/armv7e-m/fpu\libgcc.a(_aeabi_uldivmod.o)
 .ARM.attributes
                0x0000040e       0x34 c:/freescale/kds_3.0.0/toolchain/bin/../lib/gcc/arm-none-eabi/4.8.4/armv7e-m/fpu\libgcc.a(bpabi.o)
 .ARM.attributes
                0x00000442       0x22 c:/freescale/kds_3.0.0/toolchain/bin/../lib/gcc/arm-none-eabi/4.8.4/armv7e-m/fpu\libgcc.a(_dvmd_tls.o)
 .ARM.attributes
                0x00000464       0x34 c:/freescale/kds_3.0.0/toolchain/bin/../lib/gcc/arm-none-eabi/4.8.4/armv7e-m/fpu\libgcc.a(_divdi3.o)
 .ARM.attributes
                0x00000498       0x34 c:/freescale/kds_3.0.0/toolchain/bin/../lib/gcc/arm-none-eabi/4.8.4/armv7e-m/fpu\libgcc.a(_udivdi3.o)
 .ARM.attributes
                0x000004cc       0x34 c:/freescale/kds_3.0.0/toolchain/bin/../lib/gcc/arm-none-eabi/4.8.4/../../../../arm-none-eabi/lib/armv7e-m/fpu\libg_s.a(lib_a-assert.o)
 .ARM.attributes
                0x00000500       0x34 c:/freescale/kds_3.0.0/toolchain/bin/../lib/gcc/arm-none-eabi/4.8.4/../../../../arm-none-eabi/lib/armv7e-m/fpu\libg_s.a(lib_a-exit.o)
 .ARM.attributes
                0x00000534       0x34 c:/freescale/kds_3.0.0/toolchain/bin/../lib/gcc/arm-none-eabi/4.8.4/../../../../arm-none-eabi/lib/armv7e-m/fpu\libg_s.a(lib_a-fprintf.o)
 .ARM.attributes
                0x00000568       0x34 c:/freescale/kds_3.0.0/toolchain/bin/../lib/gcc/arm-none-eabi/4.8.4/../../../../arm-none-eabi/lib/armv7e-m/fpu\libg_s.a(lib_a-impure.o)
 .ARM.attributes
                0x0000059c       0x34 c:/freescale/kds_3.0.0/toolchain/bin/../lib/gcc/arm-none-eabi/4.8.4/../../../../arm-none-eabi/lib/armv7e-m/fpu\libg_s.a(lib_a-init.o)
 .ARM.attributes
                0x000005d0       0x34 c:/freescale/kds_3.0.0/toolchain/bin/../lib/gcc/arm-none-eabi/4.8.4/../../../../arm-none-eabi/lib/armv7e-m/fpu\libg_s.a(lib_a-memset.o)
 .ARM.attributes
                0x00000604       0x34 c:/freescale/kds_3.0.0/toolchain/bin/../lib/gcc/arm-none-eabi/4.8.4/../../../../arm-none-eabi/lib/armv7e-m/fpu\libg_s.a(lib_a-nano-freer.o)
 .ARM.attributes
                0x00000638       0x34 c:/freescale/kds_3.0.0/toolchain/bin/../lib/gcc/arm-none-eabi/4.8.4/../../../../arm-none-eabi/lib/armv7e-m/fpu\libg_s.a(lib_a-nano-mallocr.o)
 .ARM.attributes
                0x0000066c       0x34 c:/freescale/kds_3.0.0/toolchain/bin/../lib/gcc/arm-none-eabi/4.8.4/../../../../arm-none-eabi/lib/armv7e-m/fpu\libg_s.a(lib_a-sbrkr.o)
 .ARM.attributes
                0x000006a0       0x34 c:/freescale/kds_3.0.0/toolchain/bin/../lib/gcc/arm-none-eabi/4.8.4/../../../../arm-none-eabi/lib/armv7e-m/fpu\libg_s.a(lib_a-vfprintf.o)
 .ARM.attributes
                0x000006d4       0x34 c:/freescale/kds_3.0.0/toolchain/bin/../lib/gcc/arm-none-eabi/4.8.4/../../../../arm-none-eabi/lib/armv7e-m/fpu\libg_s.a(lib_a-vfprintf_i.o)
 .ARM.attributes
                0x00000708       0x34 c:/freescale/kds_3.0.0/toolchain/bin/../lib/gcc/arm-none-eabi/4.8.4/../../../../arm-none-eabi/lib/armv7e-m/fpu\libg_s.a(lib_a-wbuf.o)
 .ARM.attributes
                0x0000073c       0x34 c:/freescale/kds_3.0.0/toolchain/bin/../lib/gcc/arm-none-eabi/4.8.4/../../../../arm-none-eabi/lib/armv7e-m/fpu\libg_s.a(lib_a-wsetup.o)
 .ARM.attributes
                0x00000770       0x34 c:/freescale/kds_3.0.0/toolchain/bin/../lib/gcc/arm-none-eabi/4.8.4/../../../../arm-none-eabi/lib/armv7e-m/fpu\libg_s.a(lib_a-abort.o)
 .ARM.attributes
                0x000007a4       0x34 c:/freescale/kds_3.0.0/toolchain/bin/../lib/gcc/arm-none-eabi/4.8.4/../../../../arm-none-eabi/lib/armv7e-m/fpu\libg_s.a(lib_a-fflush.o)
 .ARM.attributes
                0x000007d8       0x34 c:/freescale/kds_3.0.0/toolchain/bin/../lib/gcc/arm-none-eabi/4.8.4/../../../../arm-none-eabi/lib/armv7e-m/fpu\libg_s.a(lib_a-findfp.o)
 .ARM.attributes
                0x0000080c       0x34 c:/freescale/kds_3.0.0/toolchain/bin/../lib/gcc/arm-none-eabi/4.8.4/../../../../arm-none-eabi/lib/armv7e-m/fpu\libg_s.a(lib_a-makebuf.o)
 .ARM.attributes
                0x00000840       0x34 c:/freescale/kds_3.0.0/toolchain/bin/../lib/gcc/arm-none-eabi/4.8.4/../../../../arm-none-eabi/lib/armv7e-m/fpu\libg_s.a(lib_a-memchr-stub.o)
 .ARM.attributes
                0x00000874       0x34 c:/freescale/kds_3.0.0/toolchain/bin/../lib/gcc/arm-none-eabi/4.8.4/../../../../arm-none-eabi/lib/armv7e-m/fpu\libg_s.a(lib_a-reent.o)
 .ARM.attributes
                0x000008a8       0x34 c:/freescale/kds_3.0.0/toolchain/bin/../lib/gcc/arm-none-eabi/4.8.4/../../../../arm-none-eabi/lib/armv7e-m/fpu\libg_s.a(lib_a-signal.o)
 .ARM.attributes
                0x000008dc       0x34 c:/freescale/kds_3.0.0/toolchain/bin/../lib/gcc/arm-none-eabi/4.8.4/../../../../arm-none-eabi/lib/armv7e-m/fpu\libg_s.a(lib_a-signalr.o)
 .ARM.attributes
                0x00000910       0x34 c:/freescale/kds_3.0.0/toolchain/bin/../lib/gcc/arm-none-eabi/4.8.4/../../../../arm-none-eabi/lib/armv7e-m/fpu\libg_s.a(lib_a-stdio.o)
 .ARM.attributes
                0x00000944       0x34 c:/freescale/kds_3.0.0/toolchain/bin/../lib/gcc/arm-none-eabi/4.8.4/../../../../arm-none-eabi/lib/armv7e-m/fpu\libg_s.a(lib_a-strlen.o)
 .ARM.attributes
                0x00000978       0x34 c:/freescale/kds_3.0.0/toolchain/bin/../lib/gcc/arm-none-eabi/4.8.4/../../../../arm-none-eabi/lib/armv7e-m/fpu\libg_s.a(lib_a-writer.o)
 .ARM.attributes
                0x000009ac       0x34 c:/freescale/kds_3.0.0/toolchain/bin/../lib/gcc/arm-none-eabi/4.8.4/../../../../arm-none-eabi/lib/armv7e-m/fpu\libg_s.a(lib_a-closer.o)
 .ARM.attributes
                0x000009e0       0x34 c:/freescale/kds_3.0.0/toolchain/bin/../lib/gcc/arm-none-eabi/4.8.4/../../../../arm-none-eabi/lib/armv7e-m/fpu\libg_s.a(lib_a-fstatr.o)
 .ARM.attributes
                0x00000a14       0x34 c:/freescale/kds_3.0.0/toolchain/bin/../lib/gcc/arm-none-eabi/4.8.4/../../../../arm-none-eabi/lib/armv7e-m/fpu\libg_s.a(lib_a-isattyr.o)
 .ARM.attributes
                0x00000a48       0x34 c:/freescale/kds_3.0.0/toolchain/bin/../lib/gcc/arm-none-eabi/4.8.4/../../../../arm-none-eabi/lib/armv7e-m/fpu\libg_s.a(lib_a-lseekr.o)
 .ARM.attributes
                0x00000a7c       0x34 c:/freescale/kds_3.0.0/toolchain/bin/../lib/gcc/arm-none-eabi/4.8.4/../../../../arm-none-eabi/lib/armv7e-m/fpu\libg_s.a(lib_a-readr.o)
 .ARM.attributes
                0x00000ab0       0x34 c:/freescale/kds_3.0.0/toolchain/bin/../lib/gcc/arm-none-eabi/4.8.4/../../../../arm-none-eabi/lib/armv7e-m/fpu\libnosys.a(close.o)
 .ARM.attributes
                0x00000ae4       0x34 c:/freescale/kds_3.0.0/toolchain/bin/../lib/gcc/arm-none-eabi/4.8.4/../../../../arm-none-eabi/lib/armv7e-m/fpu\libnosys.a(fstat.o)
 .ARM.attributes
                0x00000b18       0x34 c:/freescale/kds_3.0.0/toolchain/bin/../lib/gcc/arm-none-eabi/4.8.4/../../../../arm-none-eabi/lib/armv7e-m/fpu\libnosys.a(getpid.o)
 .ARM.attributes
                0x00000b4c       0x34 c:/freescale/kds_3.0.0/toolchain/bin/../lib/gcc/arm-none-eabi/4.8.4/../../../../arm-none-eabi/lib/armv7e-m/fpu\libnosys.a(isatty.o)
 .ARM.attributes
                0x00000b80       0x34 c:/freescale/kds_3.0.0/toolchain/bin/../lib/gcc/arm-none-eabi/4.8.4/../../../../arm-none-eabi/lib/armv7e-m/fpu\libnosys.a(kill.o)
 .ARM.attributes
                0x00000bb4       0x34 c:/freescale/kds_3.0.0/toolchain/bin/../lib/gcc/arm-none-eabi/4.8.4/../../../../arm-none-eabi/lib/armv7e-m/fpu\libnosys.a(lseek.o)
 .ARM.attributes
                0x00000be8       0x34 c:/freescale/kds_3.0.0/toolchain/bin/../lib/gcc/arm-none-eabi/4.8.4/../../../../arm-none-eabi/lib/armv7e-m/fpu\libnosys.a(read.o)
 .ARM.attributes
                0x00000c1c       0x34 c:/freescale/kds_3.0.0/toolchain/bin/../lib/gcc/arm-none-eabi/4.8.4/../../../../arm-none-eabi/lib/armv7e-m/fpu\libnosys.a(sbrk.o)
 .ARM.attributes
                0x00000c50       0x34 c:/freescale/kds_3.0.0/toolchain/bin/../lib/gcc/arm-none-eabi/4.8.4/../../../../arm-none-eabi/lib/armv7e-m/fpu\libnosys.a(write.o)
 .ARM.attributes
                0x00000c84       0x34 c:/freescale/kds_3.0.0/toolchain/bin/../lib/gcc/arm-none-eabi/4.8.4/../../../../arm-none-eabi/lib/armv7e-m/fpu\libnosys.a(_exit.o)
 .ARM.attributes
                0x00000cb8       0x34 c:/freescale/kds_3.0.0/toolchain/bin/../lib/gcc/arm-none-eabi/4.8.4/armv7e-m/fpu/crtend.o
 .ARM.attributes
                0x00000cec       0x22 c:/freescale/kds_3.0.0/toolchain/bin/../lib/gcc/arm-none-eabi/4.8.4/armv7e-m/fpu/crtn.o
OUTPUT(FRDM-K64F_bm_RGB_LedBlink.elf elf32-littlearm)

.debug_info     0x00000000     0x7a86
 .debug_info    0x00000000      0x137 ./Static_Code/System/PE_low_level_init.o
 .debug_info    0x00000137      0x156 ./Sources/main.o
 .debug_info    0x0000028d     0x1a0a ./SDK/platform/system/src/clock/MK64F12/fsl_clock_MK64F12.o
 .debug_info    0x00001c97     0x10b9 ./SDK/platform/osa/src/fsl_os_abstraction_bm.o
 .debug_info    0x00002d50      0xbdf ./SDK/platform/hal/src/mcg/fsl_mcg_hal.o
 .debug_info    0x0000392f      0x217 ./SDK/platform/hal/src/gpio/fsl_gpio_hal.o
 .debug_info    0x00003b46      0x4e1 ./SDK/platform/drivers/src/gpio/fsl_gpio_common.o
 .debug_info    0x00004027     0x1260 ./SDK/platform/drivers/src/gpio/fsl_gpio_driver.o
 .debug_info    0x00005287       0xa5 ./SDK/platform/devices/MK64F12/startup/gcc/startup_MK64F12.o
 .debug_info    0x0000532c      0xa62 ./SDK/platform/devices/MK64F12/startup/system_MK64F12.o
 .debug_info    0x00005d8e      0x3a7 ./SDK/platform/devices/startup.o
 .debug_info    0x00006135      0x316 ./Generated_Code/Cpu.o
 .debug_info    0x0000644b      0x33b ./Generated_Code/gpio1.o
 .debug_info    0x00006786      0x45b ./Generated_Code/hardware_init.o
 .debug_info    0x00006be1      0x7d4 ./Generated_Code/osa1.o
 .debug_info    0x000073b5      0x6d1 ./Generated_Code/pin_mux.o

.debug_abbrev   0x00000000     0x14d1
 .debug_abbrev  0x00000000       0x8b ./Static_Code/System/PE_low_level_init.o
 .debug_abbrev  0x0000008b       0xa7 ./Sources/main.o
 .debug_abbrev  0x00000132      0x2e3 ./SDK/platform/system/src/clock/MK64F12/fsl_clock_MK64F12.o
 .debug_abbrev  0x00000415      0x23b ./SDK/platform/osa/src/fsl_os_abstraction_bm.o
 .debug_abbrev  0x00000650      0x23b ./SDK/platform/hal/src/mcg/fsl_mcg_hal.o
 .debug_abbrev  0x0000088b       0xf8 ./SDK/platform/hal/src/gpio/fsl_gpio_hal.o
 .debug_abbrev  0x00000983       0xcf ./SDK/platform/drivers/src/gpio/fsl_gpio_common.o
 .debug_abbrev  0x00000a52      0x292 ./SDK/platform/drivers/src/gpio/fsl_gpio_driver.o
 .debug_abbrev  0x00000ce4       0x14 ./SDK/platform/devices/MK64F12/startup/gcc/startup_MK64F12.o
 .debug_abbrev  0x00000cf8      0x132 ./SDK/platform/devices/MK64F12/startup/system_MK64F12.o
 .debug_abbrev  0x00000e2a       0xfa ./SDK/platform/devices/startup.o
 .debug_abbrev  0x00000f24       0xcf ./Generated_Code/Cpu.o
 .debug_abbrev  0x00000ff3       0xbf ./Generated_Code/gpio1.o
 .debug_abbrev  0x000010b2      0x11d ./Generated_Code/hardware_init.o
 .debug_abbrev  0x000011cf      0x1d2 ./Generated_Code/osa1.o
 .debug_abbrev  0x000013a1      0x130 ./Generated_Code/pin_mux.o

.debug_aranges  0x00000000      0x7b8
 .debug_aranges
                0x00000000       0x28 ./Static_Code/System/PE_low_level_init.o
 .debug_aranges
                0x00000028       0x20 ./Sources/main.o
 .debug_aranges
                0x00000048      0x238 ./SDK/platform/system/src/clock/MK64F12/fsl_clock_MK64F12.o
 .debug_aranges
                0x00000280      0x148 ./SDK/platform/osa/src/fsl_os_abstraction_bm.o
 .debug_aranges
                0x000003c8       0xe0 ./SDK/platform/hal/src/mcg/fsl_mcg_hal.o
 .debug_aranges
                0x000004a8       0x28 ./SDK/platform/hal/src/gpio/fsl_gpio_hal.o
 .debug_aranges
                0x000004d0       0x18 ./SDK/platform/drivers/src/gpio/fsl_gpio_common.o
 .debug_aranges
                0x000004e8      0x110 ./SDK/platform/drivers/src/gpio/fsl_gpio_driver.o
 .debug_aranges
                0x000005f8       0x20 ./SDK/platform/devices/MK64F12/startup/gcc/startup_MK64F12.o
 .debug_aranges
                0x00000618       0x28 ./SDK/platform/devices/MK64F12/startup/system_MK64F12.o
 .debug_aranges
                0x00000640       0x20 ./SDK/platform/devices/startup.o
 .debug_aranges
                0x00000660       0x20 ./Generated_Code/Cpu.o
 .debug_aranges
                0x00000680       0x18 ./Generated_Code/gpio1.o
 .debug_aranges
                0x00000698       0x28 ./Generated_Code/hardware_init.o
 .debug_aranges
                0x000006c0       0x48 ./Generated_Code/osa1.o
 .debug_aranges
                0x00000708       0xb0 ./Generated_Code/pin_mux.o

.debug_ranges   0x00000000      0x698
 .debug_ranges  0x00000000       0x18 ./Static_Code/System/PE_low_level_init.o
 .debug_ranges  0x00000018       0x10 ./Sources/main.o
 .debug_ranges  0x00000028      0x228 ./SDK/platform/system/src/clock/MK64F12/fsl_clock_MK64F12.o
 .debug_ranges  0x00000250      0x138 ./SDK/platform/osa/src/fsl_os_abstraction_bm.o
 .debug_ranges  0x00000388       0xd0 ./SDK/platform/hal/src/mcg/fsl_mcg_hal.o
 .debug_ranges  0x00000458       0x18 ./SDK/platform/hal/src/gpio/fsl_gpio_hal.o
 .debug_ranges  0x00000470      0x100 ./SDK/platform/drivers/src/gpio/fsl_gpio_driver.o
 .debug_ranges  0x00000570       0x18 ./SDK/platform/devices/MK64F12/startup/system_MK64F12.o
 .debug_ranges  0x00000588       0x10 ./SDK/platform/devices/startup.o
 .debug_ranges  0x00000598       0x10 ./Generated_Code/Cpu.o
 .debug_ranges  0x000005a8       0x18 ./Generated_Code/hardware_init.o
 .debug_ranges  0x000005c0       0x38 ./Generated_Code/osa1.o
 .debug_ranges  0x000005f8       0xa0 ./Generated_Code/pin_mux.o

.debug_macro    0x00000000    0x328e8
 .debug_macro   0x00000000      0x2e2 ./Static_Code/System/PE_low_level_init.o
 .debug_macro   0x000002e2      0x85c ./Static_Code/System/PE_low_level_init.o
 .debug_macro   0x00000b3e       0x11 ./Static_Code/System/PE_low_level_init.o
 .debug_macro   0x00000b4f       0x16 ./Static_Code/System/PE_low_level_init.o
 .debug_macro   0x00000b65       0x16 ./Static_Code/System/PE_low_level_init.o
 .debug_macro   0x00000b7b       0x44 ./Static_Code/System/PE_low_level_init.o
 .debug_macro   0x00000bbf      0x209 ./Static_Code/System/PE_low_level_init.o
 .debug_macro   0x00000dc8       0x56 ./Static_Code/System/PE_low_level_init.o
 .debug_macro   0x00000e1e       0x3b ./Static_Code/System/PE_low_level_init.o
 .debug_macro   0x00000e59       0x2d ./Static_Code/System/PE_low_level_init.o
 .debug_macro   0x00000e86       0x26 ./Static_Code/System/PE_low_level_init.o
 .debug_macro   0x00000eac      0xc13 ./Static_Code/System/PE_low_level_init.o
 .debug_macro   0x00001abf       0xc5 ./Static_Code/System/PE_low_level_init.o
 .debug_macro   0x00001b84    0x1773b ./Static_Code/System/PE_low_level_init.o
 .debug_macro   0x000192bf       0x58 ./Static_Code/System/PE_low_level_init.o
 .debug_macro   0x00019317       0x35 ./Static_Code/System/PE_low_level_init.o
 .debug_macro   0x0001934c       0xa3 ./Static_Code/System/PE_low_level_init.o
 .debug_macro   0x000193ef       0x16 ./Static_Code/System/PE_low_level_init.o
 .debug_macro   0x00019405      0x10e ./Static_Code/System/PE_low_level_init.o
 .debug_macro   0x00019513       0x7f ./Static_Code/System/PE_low_level_init.o
 .debug_macro   0x00019592       0x52 ./Static_Code/System/PE_low_level_init.o
 .debug_macro   0x000195e4       0x16 ./Static_Code/System/PE_low_level_init.o
 .debug_macro   0x000195fa       0x43 ./Static_Code/System/PE_low_level_init.o
 .debug_macro   0x0001963d      0x180 ./Static_Code/System/PE_low_level_init.o
 .debug_macro   0x000197bd       0x22 ./Static_Code/System/PE_low_level_init.o
 .debug_macro   0x000197df       0x16 ./Static_Code/System/PE_low_level_init.o
 .debug_macro   0x000197f5    0x16266 ./Static_Code/System/PE_low_level_init.o
 .debug_macro   0x0002fa5b     0x1130 ./Static_Code/System/PE_low_level_init.o
 .debug_macro   0x00030b8b       0x22 ./Static_Code/System/PE_low_level_init.o
 .debug_macro   0x00030bad       0x16 ./Static_Code/System/PE_low_level_init.o
 .debug_macro   0x00030bc3       0x10 ./Static_Code/System/PE_low_level_init.o
 .debug_macro   0x00030bd3       0x11 ./Static_Code/System/PE_low_level_init.o
 .debug_macro   0x00030be4       0x10 ./Static_Code/System/PE_low_level_init.o
 .debug_macro   0x00030bf4       0x1c ./Static_Code/System/PE_low_level_init.o
 .debug_macro   0x00030c10       0x10 ./Static_Code/System/PE_low_level_init.o
 .debug_macro   0x00030c20       0x3e ./Static_Code/System/PE_low_level_init.o
 .debug_macro   0x00030c5e       0x19 ./Static_Code/System/PE_low_level_init.o
 .debug_macro   0x00030c77       0x10 ./Static_Code/System/PE_low_level_init.o
 .debug_macro   0x00030c87       0x28 ./Static_Code/System/PE_low_level_init.o
 .debug_macro   0x00030caf       0x22 ./Static_Code/System/PE_low_level_init.o
 .debug_macro   0x00030cd1      0x2c8 ./Sources/main.o
 .debug_macro   0x00030f99      0x1f7 ./SDK/platform/system/src/clock/MK64F12/fsl_clock_MK64F12.o
 .debug_macro   0x00031190       0x1c ./SDK/platform/system/src/clock/MK64F12/fsl_clock_MK64F12.o
 .debug_macro   0x000311ac      0x223 ./SDK/platform/osa/src/fsl_os_abstraction_bm.o
 .debug_macro   0x000313cf      0x185 ./SDK/platform/hal/src/mcg/fsl_mcg_hal.o
 .debug_macro   0x00031554      0x178 ./SDK/platform/hal/src/gpio/fsl_gpio_hal.o
 .debug_macro   0x000316cc      0x167 ./SDK/platform/drivers/src/gpio/fsl_gpio_common.o
 .debug_macro   0x00031833      0x236 ./SDK/platform/drivers/src/gpio/fsl_gpio_driver.o
 .debug_macro   0x00031a69       0x22 ./SDK/platform/drivers/src/gpio/fsl_gpio_driver.o
 .debug_macro   0x00031a8b      0x162 ./SDK/platform/devices/MK64F12/startup/system_MK64F12.o
 .debug_macro   0x00031bed      0x171 ./SDK/platform/devices/startup.o
 .debug_macro   0x00031d5e      0x2cc ./Generated_Code/Cpu.o
 .debug_macro   0x0003202a      0x2aa ./Generated_Code/gpio1.o
 .debug_macro   0x000322d4      0x1c2 ./Generated_Code/hardware_init.o
 .debug_macro   0x00032496      0x2a3 ./Generated_Code/osa1.o
 .debug_macro   0x00032739      0x1af ./Generated_Code/pin_mux.o

.debug_line     0x00000000     0x63a1
 .debug_line    0x00000000      0x77b ./Static_Code/System/PE_low_level_init.o
 .debug_line    0x0000077b      0x6d8 ./Sources/main.o
 .debug_line    0x00000e53      0xb98 ./SDK/platform/system/src/clock/MK64F12/fsl_clock_MK64F12.o
 .debug_line    0x000019eb      0x9e5 ./SDK/platform/osa/src/fsl_os_abstraction_bm.o
 .debug_line    0x000023d0      0x71a ./SDK/platform/hal/src/mcg/fsl_mcg_hal.o
 .debug_line    0x00002aea      0x453 ./SDK/platform/hal/src/gpio/fsl_gpio_hal.o
 .debug_line    0x00002f3d      0x3cf ./SDK/platform/drivers/src/gpio/fsl_gpio_common.o
 .debug_line    0x0000330c      0x8fa ./SDK/platform/drivers/src/gpio/fsl_gpio_driver.o
 .debug_line    0x00003c06       0x75 ./SDK/platform/devices/MK64F12/startup/gcc/startup_MK64F12.o
 .debug_line    0x00003c7b      0x474 ./SDK/platform/devices/MK64F12/startup/system_MK64F12.o
 .debug_line    0x000040ef      0x3fb ./SDK/platform/devices/startup.o
 .debug_line    0x000044ea      0x6f9 ./Generated_Code/Cpu.o
 .debug_line    0x00004be3      0x62e ./Generated_Code/gpio1.o
 .debug_line    0x00005211      0x4aa ./Generated_Code/hardware_init.o
 .debug_line    0x000056bb      0x6ab ./Generated_Code/osa1.o
 .debug_line    0x00005d66      0x63b ./Generated_Code/pin_mux.o

.debug_str      0x00000000   0x1a0582
 .debug_str     0x00000000   0x19cf47 ./Static_Code/System/PE_low_level_init.o
                             0x19d12e (size before relaxing)
 .debug_str     0x0019cf47       0x8f ./Sources/main.o
                             0x19d0f6 (size before relaxing)
 .debug_str     0x0019cfd6     0x16b1 ./SDK/platform/system/src/clock/MK64F12/fsl_clock_MK64F12.o
                             0x19e311 (size before relaxing)
 .debug_str     0x0019e687      0xacf ./SDK/platform/osa/src/fsl_os_abstraction_bm.o
                             0x19d9bd (size before relaxing)
 .debug_str     0x0019f156      0x76f ./SDK/platform/hal/src/mcg/fsl_mcg_hal.o
                             0x19d3d6 (size before relaxing)
 .debug_str     0x0019f8c5       0xe5 ./SDK/platform/hal/src/gpio/fsl_gpio_hal.o
                             0x19cb2a (size before relaxing)
 .debug_str     0x0019f9aa       0x90 ./SDK/platform/drivers/src/gpio/fsl_gpio_common.o
                             0x19cf25 (size before relaxing)
 .debug_str     0x0019fa3a      0x731 ./SDK/platform/drivers/src/gpio/fsl_gpio_driver.o
                             0x19da49 (size before relaxing)
 .debug_str     0x001a016b      0x181 ./SDK/platform/devices/MK64F12/startup/system_MK64F12.o
                             0x19d140 (size before relaxing)
 .debug_str     0x001a02ec       0xf7 ./SDK/platform/devices/startup.o
                             0x19cb03 (size before relaxing)
 .debug_str     0x001a03e3       0x4a ./Generated_Code/Cpu.o
                             0x19d3d2 (size before relaxing)
 .debug_str     0x001a042d       0x1a ./Generated_Code/gpio1.o
                             0x19d3e5 (size before relaxing)
 .debug_str     0x001a0447       0x30 ./Generated_Code/hardware_init.o
                             0x19cfdb (size before relaxing)
 .debug_str     0x001a0477       0x8a ./Generated_Code/osa1.o
                             0x19d751 (size before relaxing)
 .debug_str     0x001a0501       0x81 ./Generated_Code/pin_mux.o
                             0x19ce8a (size before relaxing)

.comment        0x00000000       0x70
 .comment       0x00000000       0x70 ./Static_Code/System/PE_low_level_init.o
                                 0x71 (size before relaxing)
 .comment       0x00000000       0x71 ./Sources/main.o
 .comment       0x00000000       0x71 ./SDK/platform/system/src/clock/MK64F12/fsl_clock_MK64F12.o
 .comment       0x00000000       0x71 ./SDK/platform/osa/src/fsl_os_abstraction_bm.o
 .comment       0x00000000       0x71 ./SDK/platform/hal/src/mcg/fsl_mcg_hal.o
 .comment       0x00000000       0x71 ./SDK/platform/hal/src/gpio/fsl_gpio_hal.o
 .comment       0x00000000       0x71 ./SDK/platform/drivers/src/gpio/fsl_gpio_common.o
 .comment       0x00000000       0x71 ./SDK/platform/drivers/src/gpio/fsl_gpio_driver.o
 .comment       0x00000000       0x71 ./SDK/platform/devices/MK64F12/startup/system_MK64F12.o
 .comment       0x00000000       0x71 ./SDK/platform/devices/startup.o
 .comment       0x00000000       0x71 ./Generated_Code/Cpu.o
 .comment       0x00000000       0x71 ./Generated_Code/gpio1.o
 .comment       0x00000000       0x71 ./Generated_Code/hardware_init.o
 .comment       0x00000000       0x71 ./Generated_Code/osa1.o
 .comment       0x00000000       0x71 ./Generated_Code/pin_mux.o

.debug_frame    0x00000000     0x226c
 .debug_frame   0x00000000       0x48 ./Static_Code/System/PE_low_level_init.o
 .debug_frame   0x00000048       0x2c ./Sources/main.o
 .debug_frame   0x00000074      0x82c ./SDK/platform/system/src/clock/MK64F12/fsl_clock_MK64F12.o
 .debug_frame   0x000008a0      0x494 ./SDK/platform/osa/src/fsl_os_abstraction_bm.o
 .debug_frame   0x00000d34      0x2f4 ./SDK/platform/hal/src/mcg/fsl_mcg_hal.o
 .debug_frame   0x00001028       0x50 ./SDK/platform/hal/src/gpio/fsl_gpio_hal.o
 .debug_frame   0x00001078      0x3ec ./SDK/platform/drivers/src/gpio/fsl_gpio_driver.o
 .debug_frame   0x00001464       0x44 ./SDK/platform/devices/MK64F12/startup/system_MK64F12.o
 .debug_frame   0x000014a8       0x2c ./SDK/platform/devices/startup.o
 .debug_frame   0x000014d4       0x2c ./Generated_Code/Cpu.o
 .debug_frame   0x00001500       0x48 ./Generated_Code/hardware_init.o
 .debug_frame   0x00001548       0xc0 ./Generated_Code/osa1.o
 .debug_frame   0x00001608      0x270 ./Generated_Code/pin_mux.o
 .debug_frame   0x00001878       0x50 c:/freescale/kds_3.0.0/toolchain/bin/../lib/gcc/arm-none-eabi/4.8.4/armv7e-m/fpu\libgcc.a(bpabi.o)
 .debug_frame   0x000018c8       0x34 c:/freescale/kds_3.0.0/toolchain/bin/../lib/gcc/arm-none-eabi/4.8.4/armv7e-m/fpu\libgcc.a(_divdi3.o)
 .debug_frame   0x000018fc       0x34 c:/freescale/kds_3.0.0/toolchain/bin/../lib/gcc/arm-none-eabi/4.8.4/armv7e-m/fpu\libgcc.a(_udivdi3.o)
 .debug_frame   0x00001930       0x48 c:/freescale/kds_3.0.0/toolchain/bin/../lib/gcc/arm-none-eabi/4.8.4/../../../../arm-none-eabi/lib/armv7e-m/fpu\libg_s.a(lib_a-assert.o)
 .debug_frame   0x00001978       0x28 c:/freescale/kds_3.0.0/toolchain/bin/../lib/gcc/arm-none-eabi/4.8.4/../../../../arm-none-eabi/lib/armv7e-m/fpu\libg_s.a(lib_a-exit.o)
 .debug_frame   0x000019a0       0x58 c:/freescale/kds_3.0.0/toolchain/bin/../lib/gcc/arm-none-eabi/4.8.4/../../../../arm-none-eabi/lib/armv7e-m/fpu\libg_s.a(lib_a-fprintf.o)
 .debug_frame   0x000019f8       0x2c c:/freescale/kds_3.0.0/toolchain/bin/../lib/gcc/arm-none-eabi/4.8.4/../../../../arm-none-eabi/lib/armv7e-m/fpu\libg_s.a(lib_a-init.o)
 .debug_frame   0x00001a24       0x20 c:/freescale/kds_3.0.0/toolchain/bin/../lib/gcc/arm-none-eabi/4.8.4/../../../../arm-none-eabi/lib/armv7e-m/fpu\libg_s.a(lib_a-memset.o)
 .debug_frame   0x00001a44       0x2c c:/freescale/kds_3.0.0/toolchain/bin/../lib/gcc/arm-none-eabi/4.8.4/../../../../arm-none-eabi/lib/armv7e-m/fpu\libg_s.a(lib_a-nano-freer.o)
 .debug_frame   0x00001a70       0x2c c:/freescale/kds_3.0.0/toolchain/bin/../lib/gcc/arm-none-eabi/4.8.4/../../../../arm-none-eabi/lib/armv7e-m/fpu\libg_s.a(lib_a-nano-mallocr.o)
 .debug_frame   0x00001a9c       0x2c c:/freescale/kds_3.0.0/toolchain/bin/../lib/gcc/arm-none-eabi/4.8.4/../../../../arm-none-eabi/lib/armv7e-m/fpu\libg_s.a(lib_a-sbrkr.o)
 .debug_frame   0x00001ac8       0xa8 c:/freescale/kds_3.0.0/toolchain/bin/../lib/gcc/arm-none-eabi/4.8.4/../../../../arm-none-eabi/lib/armv7e-m/fpu\libg_s.a(lib_a-vfprintf.o)
 .debug_frame   0x00001b70       0x60 c:/freescale/kds_3.0.0/toolchain/bin/../lib/gcc/arm-none-eabi/4.8.4/../../../../arm-none-eabi/lib/armv7e-m/fpu\libg_s.a(lib_a-vfprintf_i.o)
 .debug_frame   0x00001bd0       0x3c c:/freescale/kds_3.0.0/toolchain/bin/../lib/gcc/arm-none-eabi/4.8.4/../../../../arm-none-eabi/lib/armv7e-m/fpu\libg_s.a(lib_a-wbuf.o)
 .debug_frame   0x00001c0c       0x2c c:/freescale/kds_3.0.0/toolchain/bin/../lib/gcc/arm-none-eabi/4.8.4/../../../../arm-none-eabi/lib/armv7e-m/fpu\libg_s.a(lib_a-wsetup.o)
 .debug_frame   0x00001c38       0x28 c:/freescale/kds_3.0.0/toolchain/bin/../lib/gcc/arm-none-eabi/4.8.4/../../../../arm-none-eabi/lib/armv7e-m/fpu\libg_s.a(lib_a-abort.o)
 .debug_frame   0x00001c60       0x5c c:/freescale/kds_3.0.0/toolchain/bin/../lib/gcc/arm-none-eabi/4.8.4/../../../../arm-none-eabi/lib/armv7e-m/fpu\libg_s.a(lib_a-fflush.o)
 .debug_frame   0x00001cbc      0x12c c:/freescale/kds_3.0.0/toolchain/bin/../lib/gcc/arm-none-eabi/4.8.4/../../../../arm-none-eabi/lib/armv7e-m/fpu\libg_s.a(lib_a-findfp.o)
 .debug_frame   0x00001de8       0x30 c:/freescale/kds_3.0.0/toolchain/bin/../lib/gcc/arm-none-eabi/4.8.4/../../../../arm-none-eabi/lib/armv7e-m/fpu\libg_s.a(lib_a-makebuf.o)
 .debug_frame   0x00001e18       0x28 c:/freescale/kds_3.0.0/toolchain/bin/../lib/gcc/arm-none-eabi/4.8.4/../../../../arm-none-eabi/lib/armv7e-m/fpu\libg_s.a(lib_a-memchr-stub.o)
 .debug_frame   0x00001e40       0x48 c:/freescale/kds_3.0.0/toolchain/bin/../lib/gcc/arm-none-eabi/4.8.4/../../../../arm-none-eabi/lib/armv7e-m/fpu\libg_s.a(lib_a-reent.o)
 .debug_frame   0x00001e88       0xc0 c:/freescale/kds_3.0.0/toolchain/bin/../lib/gcc/arm-none-eabi/4.8.4/../../../../arm-none-eabi/lib/armv7e-m/fpu\libg_s.a(lib_a-signal.o)
 .debug_frame   0x00001f48       0x3c c:/freescale/kds_3.0.0/toolchain/bin/../lib/gcc/arm-none-eabi/4.8.4/../../../../arm-none-eabi/lib/armv7e-m/fpu\libg_s.a(lib_a-signalr.o)
 .debug_frame   0x00001f84       0x80 c:/freescale/kds_3.0.0/toolchain/bin/../lib/gcc/arm-none-eabi/4.8.4/../../../../arm-none-eabi/lib/armv7e-m/fpu\libg_s.a(lib_a-stdio.o)
 .debug_frame   0x00002004       0x20 c:/freescale/kds_3.0.0/toolchain/bin/../lib/gcc/arm-none-eabi/4.8.4/../../../../arm-none-eabi/lib/armv7e-m/fpu\libg_s.a(lib_a-strlen.o)
 .debug_frame   0x00002024       0x2c c:/freescale/kds_3.0.0/toolchain/bin/../lib/gcc/arm-none-eabi/4.8.4/../../../../arm-none-eabi/lib/armv7e-m/fpu\libg_s.a(lib_a-writer.o)
 .debug_frame   0x00002050       0x2c c:/freescale/kds_3.0.0/toolchain/bin/../lib/gcc/arm-none-eabi/4.8.4/../../../../arm-none-eabi/lib/armv7e-m/fpu\libg_s.a(lib_a-closer.o)
 .debug_frame   0x0000207c       0x2c c:/freescale/kds_3.0.0/toolchain/bin/../lib/gcc/arm-none-eabi/4.8.4/../../../../arm-none-eabi/lib/armv7e-m/fpu\libg_s.a(lib_a-fstatr.o)
 .debug_frame   0x000020a8       0x2c c:/freescale/kds_3.0.0/toolchain/bin/../lib/gcc/arm-none-eabi/4.8.4/../../../../arm-none-eabi/lib/armv7e-m/fpu\libg_s.a(lib_a-isattyr.o)
 .debug_frame   0x000020d4       0x2c c:/freescale/kds_3.0.0/toolchain/bin/../lib/gcc/arm-none-eabi/4.8.4/../../../../arm-none-eabi/lib/armv7e-m/fpu\libg_s.a(lib_a-lseekr.o)
 .debug_frame   0x00002100       0x2c c:/freescale/kds_3.0.0/toolchain/bin/../lib/gcc/arm-none-eabi/4.8.4/../../../../arm-none-eabi/lib/armv7e-m/fpu\libg_s.a(lib_a-readr.o)
 .debug_frame   0x0000212c       0x20 c:/freescale/kds_3.0.0/toolchain/bin/../lib/gcc/arm-none-eabi/4.8.4/../../../../arm-none-eabi/lib/armv7e-m/fpu\libnosys.a(close.o)
 .debug_frame   0x0000214c       0x20 c:/freescale/kds_3.0.0/toolchain/bin/../lib/gcc/arm-none-eabi/4.8.4/../../../../arm-none-eabi/lib/armv7e-m/fpu\libnosys.a(fstat.o)
 .debug_frame   0x0000216c       0x20 c:/freescale/kds_3.0.0/toolchain/bin/../lib/gcc/arm-none-eabi/4.8.4/../../../../arm-none-eabi/lib/armv7e-m/fpu\libnosys.a(getpid.o)
 .debug_frame   0x0000218c       0x20 c:/freescale/kds_3.0.0/toolchain/bin/../lib/gcc/arm-none-eabi/4.8.4/../../../../arm-none-eabi/lib/armv7e-m/fpu\libnosys.a(isatty.o)
 .debug_frame   0x000021ac       0x20 c:/freescale/kds_3.0.0/toolchain/bin/../lib/gcc/arm-none-eabi/4.8.4/../../../../arm-none-eabi/lib/armv7e-m/fpu\libnosys.a(kill.o)
 .debug_frame   0x000021cc       0x20 c:/freescale/kds_3.0.0/toolchain/bin/../lib/gcc/arm-none-eabi/4.8.4/../../../../arm-none-eabi/lib/armv7e-m/fpu\libnosys.a(lseek.o)
 .debug_frame   0x000021ec       0x20 c:/freescale/kds_3.0.0/toolchain/bin/../lib/gcc/arm-none-eabi/4.8.4/../../../../arm-none-eabi/lib/armv7e-m/fpu\libnosys.a(read.o)
 .debug_frame   0x0000220c       0x20 c:/freescale/kds_3.0.0/toolchain/bin/../lib/gcc/arm-none-eabi/4.8.4/../../../../arm-none-eabi/lib/armv7e-m/fpu\libnosys.a(sbrk.o)
 .debug_frame   0x0000222c       0x20 c:/freescale/kds_3.0.0/toolchain/bin/../lib/gcc/arm-none-eabi/4.8.4/../../../../arm-none-eabi/lib/armv7e-m/fpu\libnosys.a(write.o)
 .debug_frame   0x0000224c       0x20 c:/freescale/kds_3.0.0/toolchain/bin/../lib/gcc/arm-none-eabi/4.8.4/../../../../arm-none-eabi/lib/armv7e-m/fpu\libnosys.a(_exit.o)

.stab           0x00000000       0xcc
 .stab          0x00000000       0x24 c:/freescale/kds_3.0.0/toolchain/bin/../lib/gcc/arm-none-eabi/4.8.4/../../../../arm-none-eabi/lib/armv7e-m/fpu\libnosys.a(close.o)
 .stab          0x00000024       0x18 c:/freescale/kds_3.0.0/toolchain/bin/../lib/gcc/arm-none-eabi/4.8.4/../../../../arm-none-eabi/lib/armv7e-m/fpu\libnosys.a(fstat.o)
                                 0x24 (size before relaxing)
 .stab          0x0000003c       0x18 c:/freescale/kds_3.0.0/toolchain/bin/../lib/gcc/arm-none-eabi/4.8.4/../../../../arm-none-eabi/lib/armv7e-m/fpu\libnosys.a(getpid.o)
                                 0x24 (size before relaxing)
 .stab          0x00000054       0x18 c:/freescale/kds_3.0.0/toolchain/bin/../lib/gcc/arm-none-eabi/4.8.4/../../../../arm-none-eabi/lib/armv7e-m/fpu\libnosys.a(isatty.o)
                                 0x24 (size before relaxing)
 .stab          0x0000006c       0x18 c:/freescale/kds_3.0.0/toolchain/bin/../lib/gcc/arm-none-eabi/4.8.4/../../../../arm-none-eabi/lib/armv7e-m/fpu\libnosys.a(kill.o)
                                 0x24 (size before relaxing)
 .stab          0x00000084       0x18 c:/freescale/kds_3.0.0/toolchain/bin/../lib/gcc/arm-none-eabi/4.8.4/../../../../arm-none-eabi/lib/armv7e-m/fpu\libnosys.a(lseek.o)
                                 0x24 (size before relaxing)
 .stab          0x0000009c       0x18 c:/freescale/kds_3.0.0/toolchain/bin/../lib/gcc/arm-none-eabi/4.8.4/../../../../arm-none-eabi/lib/armv7e-m/fpu\libnosys.a(read.o)
                                 0x24 (size before relaxing)
 .stab          0x000000b4       0x18 c:/freescale/kds_3.0.0/toolchain/bin/../lib/gcc/arm-none-eabi/4.8.4/../../../../arm-none-eabi/lib/armv7e-m/fpu\libnosys.a(write.o)
                                 0x24 (size before relaxing)

.stabstr        0x00000000      0x1b9
 .stabstr       0x00000000      0x1b9 c:/freescale/kds_3.0.0/toolchain/bin/../lib/gcc/arm-none-eabi/4.8.4/../../../../arm-none-eabi/lib/armv7e-m/fpu\libnosys.a(close.o)
