Archive member included because of file (symbol)

c:/freescale/kds_3.0.0/toolchain/bin/../lib/gcc/arm-none-eabi/4.8.4/armv7e-m/fpu\libgcc.a(_aeabi_uldivmod.o)
                              ./Generated_Code/osa1.o (__aeabi_uldivmod)
c:/freescale/kds_3.0.0/toolchain/bin/../lib/gcc/arm-none-eabi/4.8.4/armv7e-m/fpu\libgcc.a(bpabi.o)
                              c:/freescale/kds_3.0.0/toolchain/bin/../lib/gcc/arm-none-eabi/4.8.4/armv7e-m/fpu\libgcc.a(_aeabi_uldivmod.o) (__gnu_uldivmod_helper)
c:/freescale/kds_3.0.0/toolchain/bin/../lib/gcc/arm-none-eabi/4.8.4/armv7e-m/fpu\libgcc.a(_dvmd_tls.o)
                              c:/freescale/kds_3.0.0/toolchain/bin/../lib/gcc/arm-none-eabi/4.8.4/armv7e-m/fpu\libgcc.a(_aeabi_uldivmod.o) (__aeabi_ldiv0)
c:/freescale/kds_3.0.0/toolchain/bin/../lib/gcc/arm-none-eabi/4.8.4/armv7e-m/fpu\libgcc.a(_divdi3.o)
                              c:/freescale/kds_3.0.0/toolchain/bin/../lib/gcc/arm-none-eabi/4.8.4/armv7e-m/fpu\libgcc.a(bpabi.o) (__divdi3)
c:/freescale/kds_3.0.0/toolchain/bin/../lib/gcc/arm-none-eabi/4.8.4/armv7e-m/fpu\libgcc.a(_udivdi3.o)
                              c:/freescale/kds_3.0.0/toolchain/bin/../lib/gcc/arm-none-eabi/4.8.4/armv7e-m/fpu\libgcc.a(bpabi.o) (__udivdi3)
c:/freescale/kds_3.0.0/toolchain/bin/../lib/gcc/arm-none-eabi/4.8.4/../../../../arm-none-eabi/lib/armv7e-m/fpu\libg_s.a(lib_a-assert.o)
                              ./SDK/platform/system/src/interrupt/fsl_interrupt_manager.o (__assert_func)
c:/freescale/kds_3.0.0/toolchain/bin/../lib/gcc/arm-none-eabi/4.8.4/../../../../arm-none-eabi/lib/armv7e-m/fpu\libg_s.a(lib_a-calloc.o)
                              ./SDK/platform/osa/src/fsl_os_abstraction_bm.o (calloc)
c:/freescale/kds_3.0.0/toolchain/bin/../lib/gcc/arm-none-eabi/4.8.4/../../../../arm-none-eabi/lib/armv7e-m/fpu\libg_s.a(lib_a-exit.o)
                              c:/freescale/kds_3.0.0/toolchain/bin/../lib/gcc/arm-none-eabi/4.8.4/../../../../arm-none-eabi/lib/armv7e-m/fpu/crt0.o (exit)
c:/freescale/kds_3.0.0/toolchain/bin/../lib/gcc/arm-none-eabi/4.8.4/../../../../arm-none-eabi/lib/armv7e-m/fpu\libg_s.a(lib_a-fprintf.o)
                              c:/freescale/kds_3.0.0/toolchain/bin/../lib/gcc/arm-none-eabi/4.8.4/../../../../arm-none-eabi/lib/armv7e-m/fpu\libg_s.a(lib_a-assert.o) (fiprintf)
c:/freescale/kds_3.0.0/toolchain/bin/../lib/gcc/arm-none-eabi/4.8.4/../../../../arm-none-eabi/lib/armv7e-m/fpu\libg_s.a(lib_a-impure.o)
                              c:/freescale/kds_3.0.0/toolchain/bin/../lib/gcc/arm-none-eabi/4.8.4/../../../../arm-none-eabi/lib/armv7e-m/fpu\libg_s.a(lib_a-exit.o) (_global_impure_ptr)
c:/freescale/kds_3.0.0/toolchain/bin/../lib/gcc/arm-none-eabi/4.8.4/../../../../arm-none-eabi/lib/armv7e-m/fpu\libg_s.a(lib_a-init.o)
                              c:/freescale/kds_3.0.0/toolchain/bin/../lib/gcc/arm-none-eabi/4.8.4/../../../../arm-none-eabi/lib/armv7e-m/fpu/crt0.o (__libc_init_array)
c:/freescale/kds_3.0.0/toolchain/bin/../lib/gcc/arm-none-eabi/4.8.4/../../../../arm-none-eabi/lib/armv7e-m/fpu\libg_s.a(lib_a-malloc.o)
                              ./SDK/platform/osa/src/fsl_os_abstraction_bm.o (malloc)
c:/freescale/kds_3.0.0/toolchain/bin/../lib/gcc/arm-none-eabi/4.8.4/../../../../arm-none-eabi/lib/armv7e-m/fpu\libg_s.a(lib_a-memset.o)
                              c:/freescale/kds_3.0.0/toolchain/bin/../lib/gcc/arm-none-eabi/4.8.4/../../../../arm-none-eabi/lib/armv7e-m/fpu/crt0.o (memset)
c:/freescale/kds_3.0.0/toolchain/bin/../lib/gcc/arm-none-eabi/4.8.4/../../../../arm-none-eabi/lib/armv7e-m/fpu\libg_s.a(lib_a-nano-callocr.o)
                              c:/freescale/kds_3.0.0/toolchain/bin/../lib/gcc/arm-none-eabi/4.8.4/../../../../arm-none-eabi/lib/armv7e-m/fpu\libg_s.a(lib_a-calloc.o) (_calloc_r)
c:/freescale/kds_3.0.0/toolchain/bin/../lib/gcc/arm-none-eabi/4.8.4/../../../../arm-none-eabi/lib/armv7e-m/fpu\libg_s.a(lib_a-nano-freer.o)
                              c:/freescale/kds_3.0.0/toolchain/bin/../lib/gcc/arm-none-eabi/4.8.4/../../../../arm-none-eabi/lib/armv7e-m/fpu\libg_s.a(lib_a-malloc.o) (_free_r)
c:/freescale/kds_3.0.0/toolchain/bin/../lib/gcc/arm-none-eabi/4.8.4/../../../../arm-none-eabi/lib/armv7e-m/fpu\libg_s.a(lib_a-nano-mallocr.o)
                              c:/freescale/kds_3.0.0/toolchain/bin/../lib/gcc/arm-none-eabi/4.8.4/../../../../arm-none-eabi/lib/armv7e-m/fpu\libg_s.a(lib_a-malloc.o) (_malloc_r)
c:/freescale/kds_3.0.0/toolchain/bin/../lib/gcc/arm-none-eabi/4.8.4/../../../../arm-none-eabi/lib/armv7e-m/fpu\libg_s.a(lib_a-sbrkr.o)
                              c:/freescale/kds_3.0.0/toolchain/bin/../lib/gcc/arm-none-eabi/4.8.4/../../../../arm-none-eabi/lib/armv7e-m/fpu\libg_s.a(lib_a-nano-mallocr.o) (_sbrk_r)
c:/freescale/kds_3.0.0/toolchain/bin/../lib/gcc/arm-none-eabi/4.8.4/../../../../arm-none-eabi/lib/armv7e-m/fpu\libg_s.a(lib_a-strlen.o)
                              ./SDK/platform/utilities/src/print_scan.o (strlen)
[...]
Memory Configuration

Name             Origin             Length             Attributes
m_interrupts     0x00000000         0x00000400         xr
m_flash_config   0x00000400         0x00000010         xr
m_interrupts_ram 0x1fff0000         0x00000400         rw
m_text           0x00000410         0x000ffbf0         xr
m_data           0x1fff0400         0x0000fc00         rw
m_data_2         0x20000000         0x00030000         rw
*default*        0x00000000         0xffffffff

Linker script and memory map

LOAD c:/freescale/kds_3.0.0/toolchain/bin/../lib/gcc/arm-none-eabi/4.8.4/armv7e-m/fpu/crti.o
LOAD c:/freescale/kds_3.0.0/toolchain/bin/../lib/gcc/arm-none-eabi/4.8.4/armv7e-m/fpu/crtbegin.o
LOAD c:/freescale/kds_3.0.0/toolchain/bin/../lib/gcc/arm-none-eabi/4.8.4/../../../../arm-none-eabi/lib/armv7e-m/fpu/crt0.o
LOAD ./Static_Code/System/PE_low_level_init.o
LOAD ./Sources/Events.o
LOAD ./Sources/main.o
LOAD ./SDK/platform/utilities/src/fsl_debug_console.o
LOAD ./SDK/platform/utilities/src/print_scan.o
LOAD ./SDK/platform/system/src/interrupt/fsl_interrupt_manager.o
LOAD ./SDK/platform/system/src/clock/MK64F12/fsl_clock_MK64F12.o
LOAD ./SDK/platform/system/src/clock/fsl_clock_manager.o
LOAD ./SDK/platform/system/src/clock/fsl_clock_manager_common.o
LOAD ./SDK/platform/osa/src/fsl_os_abstraction_bm.o
LOAD ./SDK/platform/hal/src/uart/fsl_uart_hal.o
LOAD ./SDK/platform/hal/src/sim/MK64F12/fsl_sim_hal_MK64F12.o
LOAD ./SDK/platform/hal/src/rtc/fsl_rtc_hal.o
LOAD ./SDK/platform/hal/src/port/fsl_port_hal.o
LOAD ./SDK/platform/hal/src/osc/fsl_osc_hal.o
LOAD ./SDK/platform/hal/src/mcg/fsl_mcg_hal.o
LOAD ./SDK/platform/hal/src/mcg/fsl_mcg_hal_modes.o
LOAD ./SDK/platform/drivers/src/rtc/fsl_rtc_common.o
LOAD ./SDK/platform/devices/MK64F12/startup/gcc/startup_MK64F12.o
LOAD ./SDK/platform/devices/MK64F12/startup/system_MK64F12.o
LOAD ./SDK/platform/devices/startup.o
LOAD ./Generated_Code/Cpu.o
LOAD ./Generated_Code/DbgCs1.o
LOAD ./Generated_Code/clockMan1.o
LOAD ./Generated_Code/hardware_init.o
LOAD ./Generated_Code/osa1.o
LOAD ./Generated_Code/pin_mux.o
LOAD c:/freescale/kds_3.0.0/toolchain/bin/../lib/gcc/arm-none-eabi/4.8.4/../../../../arm-none-eabi/lib/armv7e-m/fpu\libstdc++_s.a
LOAD c:/freescale/kds_3.0.0/toolchain/bin/../lib/gcc/arm-none-eabi/4.8.4/../../../../arm-none-eabi/lib/armv7e-m/fpu\libm.a
START GROUP
LOAD c:/freescale/kds_3.0.0/toolchain/bin/../lib/gcc/arm-none-eabi/4.8.4/armv7e-m/fpu\libgcc.a
LOAD c:/freescale/kds_3.0.0/toolchain/bin/../lib/gcc/arm-none-eabi/4.8.4/../../../../arm-none-eabi/lib/armv7e-m/fpu\libg_s.a
LOAD c:/freescale/kds_3.0.0/toolchain/bin/../lib/gcc/arm-none-eabi/4.8.4/../../../../arm-none-eabi/lib/armv7e-m/fpu\libc_s.a
END GROUP
START GROUP
LOAD c:/freescale/kds_3.0.0/toolchain/bin/../lib/gcc/arm-none-eabi/4.8.4/armv7e-m/fpu\libgcc.a
LOAD c:/freescale/kds_3.0.0/toolchain/bin/../lib/gcc/arm-none-eabi/4.8.4/../../../../arm-none-eabi/lib/armv7e-m/fpu\libc_s.a
LOAD c:/freescale/kds_3.0.0/toolchain/bin/../lib/gcc/arm-none-eabi/4.8.4/../../../../arm-none-eabi/lib/armv7e-m/fpu\libnosys.a
END GROUP
START GROUP
LOAD c:/freescale/kds_3.0.0/toolchain/bin/../lib/gcc/arm-none-eabi/4.8.4/armv7e-m/fpu\libgcc.a
LOAD c:/freescale/kds_3.0.0/toolchain/bin/../lib/gcc/arm-none-eabi/4.8.4/../../../../arm-none-eabi/lib/armv7e-m/fpu\libc_s.a
LOAD c:/freescale/kds_3.0.0/toolchain/bin/../lib/gcc/arm-none-eabi/4.8.4/../../../../arm-none-eabi/lib/armv7e-m/fpu\libnosys.a
END GROUP
LOAD c:/freescale/kds_3.0.0/toolchain/bin/../lib/gcc/arm-none-eabi/4.8.4/armv7e-m/fpu/crtend.o
LOAD c:/freescale/kds_3.0.0/toolchain/bin/../lib/gcc/arm-none-eabi/4.8.4/armv7e-m/fpu/crtn.o
                0x00000000                HEAP_SIZE = DEFINED (__heap_size__)?__heap_size__:0x0
                0x00000400                STACK_SIZE = DEFINED (__stack_size__)?__stack_size__:0x400

.interrupts     0x00000000      0x400
                0x00000000                __VECTOR_TABLE = .
                0x00000000                . = ALIGN (0x4)
 *(.isr_vector)
 .isr_vector    0x00000000      0x400 ./SDK/platform/devices/MK64F12/startup/gcc/startup_MK64F12.o
                0x00000000                __isr_vector
                0x00000400                . = ALIGN (0x4)
                0x1fff0000                __VECTOR_RAM = ORIGIN (m_interrupts_ram)

.flash_config   0x00000400       0x10
                0x00000400                . = ALIGN (0x4)
 *(.FlashConfig)
 .FlashConfig   0x00000400       0x10 ./SDK/platform/devices/MK64F12/startup/gcc/startup_MK64F12.o
                0x00000410                . = ALIGN (0x4)

.text           0x00000410     0x3318
                0x00000410                . = ALIGN (0x4)
 *(.text)
 .text          0x00000410       0x54 c:/freescale/kds_3.0.0/toolchain/bin/../lib/gcc/arm-none-eabi/4.8.4/armv7e-m/fpu/crtbegin.o
 .text          0x00000464       0x74 c:/freescale/kds_3.0.0/toolchain/bin/../lib/gcc/arm-none-eabi/4.8.4/../../../../arm-none-eabi/lib/armv7e-m/fpu/crt0.o
                0x00000464                _start
                0x00000464                _mainCRTStartup
 .text          0x000004d8       0x14 ./SDK/platform/devices/MK64F12/startup/gcc/startup_MK64F12.o
                0x000004d8                Reset_Handler
                0x000004e8                DebugMon_Handler
                0x000004e8                I2C0_IRQHandler
                0x000004e8                HardFault_Handler
                0x000004e8                UART3_RX_TX_IRQHandler
                0x000004e8                PendSV_Handler
                0x000004e8                NMI_Handler
                0x000004e8                UART0_RX_TX_IRQHandler
                0x000004e8                I2C1_IRQHandler
                0x000004e8                DMA2_IRQHandler
                0x000004e8                ENET_Error_IRQHandler
                0x000004e8                CAN0_Tx_Warning_IRQHandler
                0x000004e8                PIT0_IRQHandler
                0x000004e8                CAN0_ORed_Message_buffer_IRQHandler
                0x000004e8                CMP2_IRQHandler
                0x000004e8                LLWU_IRQHandler
                0x000004e8                ENET_Receive_IRQHandler
                0x000004e8                ENET_1588_Timer_IRQHandler
                0x000004e8                UART2_RX_TX_IRQHandler
                0x000004e8                SWI_IRQHandler
                0x000004e8                ADC0_IRQHandler
                0x000004e8                UsageFault_Handler
                0x000004e8                I2S0_Tx_IRQHandler
                0x000004e8                CMT_IRQHandler
                0x000004e8                UART4_RX_TX_IRQHandler
                0x000004e8                SPI1_IRQHandler
                0x000004e8                DefaultISR
                0x000004e8                DMA9_IRQHandler
                0x000004e8                DMA14_IRQHandler
                0x000004e8                CMP1_IRQHandler
                0x000004e8                Reserved71_IRQHandler
                0x000004e8                PORTD_IRQHandler
                0x000004e8                PORTB_IRQHandler
                0x000004e8                UART4_ERR_IRQHandler
                0x000004e8                ADC1_IRQHandler
                0x000004e8                I2C2_IRQHandler
                0x000004e8                PIT2_IRQHandler
                0x000004e8                I2S0_Rx_IRQHandler
                0x000004e8                DMA5_IRQHandler
                0x000004e8                RTC_IRQHandler
                0x000004e8                PDB0_IRQHandler
                0x000004e8                CAN0_Rx_Warning_IRQHandler
                0x000004e8                FTM1_IRQHandler
                0x000004e8                UART5_RX_TX_IRQHandler
                0x000004e8                UART3_ERR_IRQHandler
                0x000004e8                PIT3_IRQHandler
                0x000004e8                SDHC_IRQHandler
                0x000004e8                RTC_Seconds_IRQHandler
                0x000004e8                MCG_IRQHandler
                0x000004e8                FTFE_IRQHandler
                0x000004e8                UART2_ERR_IRQHandler
                0x000004e8                DMA11_IRQHandler
                0x000004e8                UART5_ERR_IRQHandler
                0x000004e8                Read_Collision_IRQHandler
                0x000004e8                DMA7_IRQHandler
                0x000004e8                ENET_Transmit_IRQHandler
                0x000004e8                USBDCD_IRQHandler
                0x000004e8                USB0_IRQHandler
                0x000004e8                SPI2_IRQHandler
                0x000004e8                WDOG_EWM_IRQHandler
                0x000004e8                MemManage_Handler
                0x000004e8                SVC_Handler
                0x000004e8                DMA13_IRQHandler
                0x000004e8                DMA3_IRQHandler
                0x000004e8                UART0_LON_IRQHandler
                0x000004e8                RNG_IRQHandler
                0x000004e8                DMA0_IRQHandler
                0x000004e8                DMA15_IRQHandler
                0x000004e8                DAC0_IRQHandler
                0x000004e8                CAN0_Error_IRQHandler
                0x000004e8                DMA4_IRQHandler
                0x000004e8                PIT1_IRQHandler
                0x000004e8                UART0_ERR_IRQHandler
                0x000004e8                DMA_Error_IRQHandler
                0x000004e8                LVD_LVW_IRQHandler
                0x000004e8                SPI0_IRQHandler
                0x000004e8                FTM0_IRQHandler
                0x000004e8                PORTA_IRQHandler
                0x000004e8                DAC1_IRQHandler
                0x000004e8                MCM_IRQHandler
                0x000004e8                DMA12_IRQHandler
                0x000004e8                CAN0_Bus_Off_IRQHandler
                0x000004e8                FTM3_IRQHandler
                0x000004e8                PORTE_IRQHandler
                0x000004e8                FTM2_IRQHandler
                0x000004e8                LPTMR0_IRQHandler
                0x000004e8                BusFault_Handler
                0x000004e8                DMA8_IRQHandler
                0x000004e8                DMA10_IRQHandler
                0x000004e8                CAN0_Wake_Up_IRQHandler
                0x000004e8                UART1_ERR_IRQHandler
                0x000004e8                UART1_RX_TX_IRQHandler
                0x000004e8                CMP0_IRQHandler
                0x000004e8                PORTC_IRQHandler
                0x000004e8                DMA6_IRQHandler
                0x000004e8                DMA1_IRQHandler
 .text          0x000004ec       0x2c c:/freescale/kds_3.0.0/toolchain/bin/../lib/gcc/arm-none-eabi/4.8.4/armv7e-m/fpu\libgcc.a(_aeabi_uldivmod.o)
                0x000004ec                __aeabi_uldivmod
 .text          0x00000518       0x60 c:/freescale/kds_3.0.0/toolchain/bin/../lib/gcc/arm-none-eabi/4.8.4/armv7e-m/fpu\libgcc.a(bpabi.o)
                0x00000518                __gnu_ldivmod_helper
                0x00000548                __gnu_uldivmod_helper
 .text          0x00000578        0x4 c:/freescale/kds_3.0.0/toolchain/bin/../lib/gcc/arm-none-eabi/4.8.4/armv7e-m/fpu\libgcc.a(_dvmd_tls.o)
                0x00000578                __aeabi_idiv0
                0x00000578                __aeabi_ldiv0
 .text          0x0000057c      0x298 c:/freescale/kds_3.0.0/toolchain/bin/../lib/gcc/arm-none-eabi/4.8.4/armv7e-m/fpu\libgcc.a(_divdi3.o)
                0x0000057c                __divdi3
 .text          0x00000814      0x284 c:/freescale/kds_3.0.0/toolchain/bin/../lib/gcc/arm-none-eabi/4.8.4/armv7e-m/fpu\libgcc.a(_udivdi3.o)
                0x00000814                __udivdi3
 *(.text*)
 .text.PEX_components_init
                0x00000a98        0xc ./Static_Code/System/PE_low_level_init.o
                0x00000a98                PEX_components_init
 .text.PE_low_level_init
                0x00000aa4       0x14 ./Static_Code/System/PE_low_level_init.o
                0x00000aa4                PE_low_level_init
 .text.main     0x00000ab8       0x60 ./Sources/main.o
                0x00000ab8                main
 .text.UART_HAL_EnableTransmitter
                0x00000b18       0x24 ./SDK/platform/utilities/src/fsl_debug_console.o
 .text.UART_HAL_EnableReceiver
                0x00000b3c       0x24 ./SDK/platform/utilities/src/fsl_debug_console.o
 .text.UART_HAL_SetBitCountPerChar
                0x00000b60       0x28 ./SDK/platform/utilities/src/fsl_debug_console.o
 .text.UART_HAL_SetStopBitCount
                0x00000b88       0x24 ./SDK/platform/utilities/src/fsl_debug_console.o
 .text.DbgConsole_Init
                0x00000bac       0xc8 ./SDK/platform/utilities/src/fsl_debug_console.o
                0x00000bac                DbgConsole_Init
 .text._write   0x00000c74       0x58 ./SDK/platform/utilities/src/fsl_debug_console.o
                0x00000c74                _write
 .text._read    0x00000ccc       0x44 ./SDK/platform/utilities/src/fsl_debug_console.o
                0x00000ccc                _read
 .text.debug_printf
                0x00000d10       0x48 ./SDK/platform/utilities/src/fsl_debug_console.o
                0x00000d10                debug_printf
 .text.debug_putc
                0x00000d58       0x40 ./SDK/platform/utilities/src/fsl_debug_console.o
 .text.debug_getchar
                0x00000d98       0x34 ./SDK/platform/utilities/src/fsl_debug_console.o
                0x00000d98                debug_getchar
 .text._doprint
                0x00000dcc      0x754 ./SDK/platform/utilities/src/print_scan.o
                0x00000dcc                _doprint
 .text.mknumstr
                0x00001520      0x110 ./SDK/platform/utilities/src/print_scan.o
 .text.fput_pad
                0x00001630       0x40 ./SDK/platform/utilities/src/print_scan.o
 .text.SIM_HAL_EnableClock
                0x00001670       0x3c ./SDK/platform/system/src/clock/MK64F12/fsl_clock_MK64F12.o
 .text.CLOCK_HAL_GetOutDiv1
                0x000016ac       0x24 ./SDK/platform/system/src/clock/MK64F12/fsl_clock_MK64F12.o
 .text.CLOCK_HAL_GetOutDiv2
                0x000016d0       0x28 ./SDK/platform/system/src/clock/MK64F12/fsl_clock_MK64F12.o
 .text.CLOCK_SYS_GetCoreClockFreq
                0x000016f8       0x28 ./SDK/platform/system/src/clock/MK64F12/fsl_clock_MK64F12.o
                0x000016f8                CLOCK_SYS_GetCoreClockFreq
 .text.CLOCK_SYS_GetSystemClockFreq
                0x00001720       0x28 ./SDK/platform/system/src/clock/MK64F12/fsl_clock_MK64F12.o
                0x00001720                CLOCK_SYS_GetSystemClockFreq
 .text.CLOCK_SYS_GetBusClockFreq
                0x00001748       0x28 ./SDK/platform/system/src/clock/MK64F12/fsl_clock_MK64F12.o
                0x00001748                CLOCK_SYS_GetBusClockFreq
 .text.CLOCK_SYS_GetUartFreq
                0x00001770       0x4c ./SDK/platform/system/src/clock/MK64F12/fsl_clock_MK64F12.o
                0x00001770                CLOCK_SYS_GetUartFreq
 .text.CLOCK_SYS_EnableUartClock
                0x000017bc       0x48 ./SDK/platform/system/src/clock/MK64F12/fsl_clock_MK64F12.o
                0x000017bc                CLOCK_SYS_EnableUartClock
 .text.task_init
                0x00001804       0x64 ./SDK/platform/osa/src/fsl_os_abstraction_bm.o
                0x00001804                task_init
 .text.OSA_Init
                0x00001868       0x14 ./SDK/platform/osa/src/fsl_os_abstraction_bm.o
                0x00001868                OSA_Init
 .text.UART_HAL_SetBaudRate
                0x0000187c       0xa0 ./SDK/platform/hal/src/uart/fsl_uart_hal.o
                0x0000187c                UART_HAL_SetBaudRate
 .text.UART_HAL_SetParityMode
                0x0000191c       0x40 ./SDK/platform/hal/src/uart/fsl_uart_hal.o
                0x0000191c                UART_HAL_SetParityMode
 .text.UART_HAL_Putchar
                0x0000195c       0x28 ./SDK/platform/hal/src/uart/fsl_uart_hal.o
                0x0000195c                UART_HAL_Putchar
 .text.UART_HAL_Getchar
                0x00001984       0x2c ./SDK/platform/hal/src/uart/fsl_uart_hal.o
                0x00001984                UART_HAL_Getchar
 .text.UART_HAL_SendDataPolling
                0x000019b0       0x44 ./SDK/platform/hal/src/uart/fsl_uart_hal.o
                0x000019b0                UART_HAL_SendDataPolling
 .text.UART_HAL_ReceiveDataPolling
                0x000019f4       0x78 ./SDK/platform/hal/src/uart/fsl_uart_hal.o
                0x000019f4                UART_HAL_ReceiveDataPolling
 .text.CLOCK_HAL_GetClkOutStat
                0x00001a6c       0x24 ./SDK/platform/hal/src/mcg/fsl_mcg_hal.o
 .text.CLOCK_HAL_IsPllSelected
                0x00001a90       0x30 ./SDK/platform/hal/src/mcg/fsl_mcg_hal.o
 .text.CLOCK_HAL_TestOscFreq
                0x00001ac0       0x50 ./SDK/platform/hal/src/mcg/fsl_mcg_hal.o
                0x00001ac0                CLOCK_HAL_TestOscFreq
 .text.CLOCK_HAL_GetMcgExternalClkFreq
                0x00001b10       0x28 ./SDK/platform/hal/src/mcg/fsl_mcg_hal.o
 .text.CLOCK_HAL_TestFllExternalRefFreq
                0x00001b38       0x90 ./SDK/platform/hal/src/mcg/fsl_mcg_hal.o
                0x00001b38                CLOCK_HAL_TestFllExternalRefFreq
 .text.CLOCK_HAL_GetFllRefClk
                0x00001bc8       0x74 ./SDK/platform/hal/src/mcg/fsl_mcg_hal.o
                0x00001bc8                CLOCK_HAL_GetFllRefClk
 .text.CLOCK_HAL_TestFllFreq
                0x00001c3c       0x5c ./SDK/platform/hal/src/mcg/fsl_mcg_hal.o
                0x00001c3c                CLOCK_HAL_TestFllFreq
 .text.CLOCK_HAL_GetFllClk
                0x00001c98       0x60 ./SDK/platform/hal/src/mcg/fsl_mcg_hal.o
                0x00001c98                CLOCK_HAL_GetFllClk
 .text.CLOCK_HAL_GetPll0RefFreq
                0x00001cf8       0x18 ./SDK/platform/hal/src/mcg/fsl_mcg_hal.o
                0x00001cf8                CLOCK_HAL_GetPll0RefFreq
 .text.CLOCK_HAL_GetPll0Clk
                0x00001d10       0x7c ./SDK/platform/hal/src/mcg/fsl_mcg_hal.o
                0x00001d10                CLOCK_HAL_GetPll0Clk
 .text.CLOCK_HAL_GetInternalRefClk
                0x00001d8c       0x64 ./SDK/platform/hal/src/mcg/fsl_mcg_hal.o
                0x00001d8c                CLOCK_HAL_GetInternalRefClk
 .text.CLOCK_HAL_GetOutClk
                0x00001df0       0x68 ./SDK/platform/hal/src/mcg/fsl_mcg_hal.o
                0x00001df0                CLOCK_HAL_GetOutClk
 .text.SystemInit
                0x00001e58      0x184 ./SDK/platform/devices/MK64F12/startup/system_MK64F12.o
                0x00001e58                SystemInit
 .text.init_data_bss
                0x00001fdc       0xcc ./SDK/platform/devices/startup.o
                0x00001fdc                init_data_bss
 .text.Components_Init
                0x000020a8       0x14 ./Generated_Code/Cpu.o
                0x000020a8                Components_Init
 .text.SIM_HAL_EnableClock
                0x000020bc       0x3c ./Generated_Code/hardware_init.o
 .text.hardware_init
                0x000020f8       0x54 ./Generated_Code/hardware_init.o
                0x000020f8                hardware_init
 .text.NVIC_SetPriority
                0x0000214c       0x54 ./Generated_Code/osa1.o
 .text.CLOCK_SYS_GetSystickFreq
                0x000021a0       0x10 ./Generated_Code/osa1.o
 .text.SysTick_Handler
                0x000021b0       0x20 ./Generated_Code/osa1.o
                0x000021b0                SysTick_Handler
 .text.OSA_TimeInit
                0x000021d0       0xbc ./Generated_Code/osa1.o
                0x000021d0                OSA_TimeInit
 .text.PORT_HAL_SetMuxMode
                0x0000228c       0x58 ./Generated_Code/pin_mux.o
 .text.init_enet_pins
                0x000022e4       0x1c ./Generated_Code/pin_mux.o
                0x000022e4                init_enet_pins
 .text.init_jtag_pins
                0x00002300       0x3c ./Generated_Code/pin_mux.o
                0x00002300                init_jtag_pins
 .text.init_osc_pins
                0x0000233c       0x1c ./Generated_Code/pin_mux.o
                0x0000233c                init_osc_pins
 .text.init_tpiu_pins
                0x00002358       0x1c ./Generated_Code/pin_mux.o
                0x00002358                init_tpiu_pins
 .text.init_uart_pins
                0x00002374       0x30 ./Generated_Code/pin_mux.o
                0x00002374                init_uart_pins
 .text.__assert_func
                0x000023a4       0x38 c:/freescale/kds_3.0.0/toolchain/bin/../lib/gcc/arm-none-eabi/4.8.4/../../../../arm-none-eabi/lib/armv7e-m/fpu\libg_s.a(lib_a-assert.o)
                0x000023a4                __assert_func
 .text.exit     0x000023dc       0x28 c:/freescale/kds_3.0.0/toolchain/bin/../lib/gcc/arm-none-eabi/4.8.4/../../../../arm-none-eabi/lib/armv7e-m/fpu\libg_s.a(lib_a-exit.o)
                0x000023dc                exit
 .text.fprintf  0x00002404       0x24 c:/freescale/kds_3.0.0/toolchain/bin/../lib/gcc/arm-none-eabi/4.8.4/../../../../arm-none-eabi/lib/armv7e-m/fpu\libg_s.a(lib_a-fprintf.o)
                0x00002404                fiprintf
                0x00002404                fprintf
 .text.__libc_init_array
                0x00002428       0x4c c:/freescale/kds_3.0.0/toolchain/bin/../lib/gcc/arm-none-eabi/4.8.4/../../../../arm-none-eabi/lib/armv7e-m/fpu\libg_s.a(lib_a-init.o)
                0x00002428                __libc_init_array
 .text.memset   0x00002474       0x10 c:/freescale/kds_3.0.0/toolchain/bin/../lib/gcc/arm-none-eabi/4.8.4/../../../../arm-none-eabi/lib/armv7e-m/fpu\libg_s.a(lib_a-memset.o)
                0x00002474                memset
 .text._free_r  0x00002484       0x88 c:/freescale/kds_3.0.0/toolchain/bin/../lib/gcc/arm-none-eabi/4.8.4/../../../../arm-none-eabi/lib/armv7e-m/fpu\libg_s.a(lib_a-nano-freer.o)
                0x00002484                _free_r
 .text._malloc_r
                0x0000250c       0xa8 c:/freescale/kds_3.0.0/toolchain/bin/../lib/gcc/arm-none-eabi/4.8.4/../../../../arm-none-eabi/lib/armv7e-m/fpu\libg_s.a(lib_a-nano-mallocr.o)
                0x0000250c                _malloc_r
 .text._sbrk_r  0x000025b4       0x20 c:/freescale/kds_3.0.0/toolchain/bin/../lib/gcc/arm-none-eabi/4.8.4/../../../../arm-none-eabi/lib/armv7e-m/fpu\libg_s.a(lib_a-sbrkr.o)
                0x000025b4                _sbrk_r
 .text.strlen   0x000025d4       0x10 c:/freescale/kds_3.0.0/toolchain/bin/../lib/gcc/arm-none-eabi/4.8.4/../../../../arm-none-eabi/lib/armv7e-m/fpu\libg_s.a(lib_a-strlen.o)
                0x000025d4                strlen
 .text.__sfputc_r
                0x000025e4       0x2c c:/freescale/kds_3.0.0/toolchain/bin/../lib/gcc/arm-none-eabi/4.8.4/../../../../arm-none-eabi/lib/armv7e-m/fpu\libg_s.a(lib_a-vfprintf.o)
 .text.__sfputs_r
                0x00002610       0x24 c:/freescale/kds_3.0.0/toolchain/bin/../lib/gcc/arm-none-eabi/4.8.4/../../../../arm-none-eabi/lib/armv7e-m/fpu\libg_s.a(lib_a-vfprintf.o)
                0x00002610                __sfputs_r
 .text._vfprintf_r
                0x00002634      0x208 c:/freescale/kds_3.0.0/toolchain/bin/../lib/gcc/arm-none-eabi/4.8.4/../../../../arm-none-eabi/lib/armv7e-m/fpu\libg_s.a(lib_a-vfprintf.o)
                0x00002634                _vfprintf_r
                0x00002634                _vfiprintf_r
 .text._printf_common
                0x0000283c       0xe4 c:/freescale/kds_3.0.0/toolchain/bin/../lib/gcc/arm-none-eabi/4.8.4/../../../../arm-none-eabi/lib/armv7e-m/fpu\libg_s.a(lib_a-vfprintf_i.o)
                0x0000283c                _printf_common
 .text._printf_i
                0x00002920      0x228 c:/freescale/kds_3.0.0/toolchain/bin/../lib/gcc/arm-none-eabi/4.8.4/../../../../arm-none-eabi/lib/armv7e-m/fpu\libg_s.a(lib_a-vfprintf_i.o)
                0x00002920                _printf_i
 .text.__swbuf_r
                0x00002b48       0xa8 c:/freescale/kds_3.0.0/toolchain/bin/../lib/gcc/arm-none-eabi/4.8.4/../../../../arm-none-eabi/lib/armv7e-m/fpu\libg_s.a(lib_a-wbuf.o)
                0x00002b48                __swbuf_r
 .text.__swsetup_r
                0x00002bf0       0xdc c:/freescale/kds_3.0.0/toolchain/bin/../lib/gcc/arm-none-eabi/4.8.4/../../../../arm-none-eabi/lib/armv7e-m/fpu\libg_s.a(lib_a-wsetup.o)
                0x00002bf0                __swsetup_r
 .text.abort    0x00002ccc        0xe c:/freescale/kds_3.0.0/toolchain/bin/../lib/gcc/arm-none-eabi/4.8.4/../../../../arm-none-eabi/lib/armv7e-m/fpu\libg_s.a(lib_a-abort.o)
                0x00002ccc                abort
 .text.__sflush_r
                0x00002cda      0x106 c:/freescale/kds_3.0.0/toolchain/bin/../lib/gcc/arm-none-eabi/4.8.4/../../../../arm-none-eabi/lib/armv7e-m/fpu\libg_s.a(lib_a-fflush.o)
                0x00002cda                __sflush_r
 .text._fflush_r
                0x00002de0       0x54 c:/freescale/kds_3.0.0/toolchain/bin/../lib/gcc/arm-none-eabi/4.8.4/../../../../arm-none-eabi/lib/armv7e-m/fpu\libg_s.a(lib_a-fflush.o)
                0x00002de0                _fflush_r
 .text._cleanup_r
                0x00002e34       0x32 c:/freescale/kds_3.0.0/toolchain/bin/../lib/gcc/arm-none-eabi/4.8.4/../../../../arm-none-eabi/lib/armv7e-m/fpu\libg_s.a(lib_a-findfp.o)
                0x00002e34                _cleanup_r
 *fill*         0x00002e66        0x2 
 .text.std.isra.0
                0x00002e68       0x48 c:/freescale/kds_3.0.0/toolchain/bin/../lib/gcc/arm-none-eabi/4.8.4/../../../../arm-none-eabi/lib/armv7e-m/fpu\libg_s.a(lib_a-findfp.o)
 .text.__sfmoreglue
                0x00002eb0       0x2c c:/freescale/kds_3.0.0/toolchain/bin/../lib/gcc/arm-none-eabi/4.8.4/../../../../arm-none-eabi/lib/armv7e-m/fpu\libg_s.a(lib_a-findfp.o)
                0x00002eb0                __sfmoreglue
 .text.__sinit  0x00002edc       0x60 c:/freescale/kds_3.0.0/toolchain/bin/../lib/gcc/arm-none-eabi/4.8.4/../../../../arm-none-eabi/lib/armv7e-m/fpu\libg_s.a(lib_a-findfp.o)
                0x00002edc                __sinit
 .text.__sfp    0x00002f3c       0x74 c:/freescale/kds_3.0.0/toolchain/bin/../lib/gcc/arm-none-eabi/4.8.4/../../../../arm-none-eabi/lib/armv7e-m/fpu\libg_s.a(lib_a-findfp.o)
                0x00002f3c                __sfp
 .text.__smakebuf_r
                0x00002fb0       0x9c c:/freescale/kds_3.0.0/toolchain/bin/../lib/gcc/arm-none-eabi/4.8.4/../../../../arm-none-eabi/lib/armv7e-m/fpu\libg_s.a(lib_a-makebuf.o)
                0x00002fb0                __smakebuf_r
 .text.memchr   0x0000304c       0x1e c:/freescale/kds_3.0.0/toolchain/bin/../lib/gcc/arm-none-eabi/4.8.4/../../../../arm-none-eabi/lib/armv7e-m/fpu\libg_s.a(lib_a-memchr-stub.o)
                0x0000304c                memchr
 .text._raise_r
                0x0000306a       0x50 c:/freescale/kds_3.0.0/toolchain/bin/../lib/gcc/arm-none-eabi/4.8.4/../../../../arm-none-eabi/lib/armv7e-m/fpu\libg_s.a(lib_a-signal.o)
                0x0000306a                _raise_r
 *fill*         0x000030ba        0x2 
 .text.raise    0x000030bc       0x10 c:/freescale/kds_3.0.0/toolchain/bin/../lib/gcc/arm-none-eabi/4.8.4/../../../../arm-none-eabi/lib/armv7e-m/fpu\libg_s.a(lib_a-signal.o)
                0x000030bc                raise
 .text._kill_r  0x000030cc       0x24 c:/freescale/kds_3.0.0/toolchain/bin/../lib/gcc/arm-none-eabi/4.8.4/../../../../arm-none-eabi/lib/armv7e-m/fpu\libg_s.a(lib_a-signalr.o)
                0x000030cc                _kill_r
 .text._getpid_r
                0x000030f0        0x4 c:/freescale/kds_3.0.0/toolchain/bin/../lib/gcc/arm-none-eabi/4.8.4/../../../../arm-none-eabi/lib/armv7e-m/fpu\libg_s.a(lib_a-signalr.o)
                0x000030f0                _getpid_r
 .text.__sread  0x000030f4       0x22 c:/freescale/kds_3.0.0/toolchain/bin/../lib/gcc/arm-none-eabi/4.8.4/../../../../arm-none-eabi/lib/armv7e-m/fpu\libg_s.a(lib_a-stdio.o)
                0x000030f4                __sread
 .text.__swrite
                0x00003116       0x38 c:/freescale/kds_3.0.0/toolchain/bin/../lib/gcc/arm-none-eabi/4.8.4/../../../../arm-none-eabi/lib/armv7e-m/fpu\libg_s.a(lib_a-stdio.o)
                0x00003116                __swrite
 .text.__sseek  0x0000314e       0x24 c:/freescale/kds_3.0.0/toolchain/bin/../lib/gcc/arm-none-eabi/4.8.4/../../../../arm-none-eabi/lib/armv7e-m/fpu\libg_s.a(lib_a-stdio.o)
                0x0000314e                __sseek
 .text.__sclose
                0x00003172        0x8 c:/freescale/kds_3.0.0/toolchain/bin/../lib/gcc/arm-none-eabi/4.8.4/../../../../arm-none-eabi/lib/armv7e-m/fpu\libg_s.a(lib_a-stdio.o)
                0x00003172                __sclose
 *fill*         0x0000317a        0x2 
 .text._write_r
                0x0000317c       0x24 c:/freescale/kds_3.0.0/toolchain/bin/../lib/gcc/arm-none-eabi/4.8.4/../../../../arm-none-eabi/lib/armv7e-m/fpu\libg_s.a(lib_a-writer.o)
                0x0000317c                _write_r
 .text._close_r
                0x000031a0       0x20 c:/freescale/kds_3.0.0/toolchain/bin/../lib/gcc/arm-none-eabi/4.8.4/../../../../arm-none-eabi/lib/armv7e-m/fpu\libg_s.a(lib_a-closer.o)
                0x000031a0                _close_r
 .text._fstat_r
                0x000031c0       0x24 c:/freescale/kds_3.0.0/toolchain/bin/../lib/gcc/arm-none-eabi/4.8.4/../../../../arm-none-eabi/lib/armv7e-m/fpu\libg_s.a(lib_a-fstatr.o)
                0x000031c0                _fstat_r
 .text._isatty_r
                0x000031e4       0x20 c:/freescale/kds_3.0.0/toolchain/bin/../lib/gcc/arm-none-eabi/4.8.4/../../../../arm-none-eabi/lib/armv7e-m/fpu\libg_s.a(lib_a-isattyr.o)
                0x000031e4                _isatty_r
 .text._lseek_r
                0x00003204       0x24 c:/freescale/kds_3.0.0/toolchain/bin/../lib/gcc/arm-none-eabi/4.8.4/../../../../arm-none-eabi/lib/armv7e-m/fpu\libg_s.a(lib_a-lseekr.o)
                0x00003204                _lseek_r
 .text._read_r  0x00003228       0x24 c:/freescale/kds_3.0.0/toolchain/bin/../lib/gcc/arm-none-eabi/4.8.4/../../../../arm-none-eabi/lib/armv7e-m/fpu\libg_s.a(lib_a-readr.o)
                0x00003228                _read_r
 .text._close   0x0000324c       0x10 c:/freescale/kds_3.0.0/toolchain/bin/../lib/gcc/arm-none-eabi/4.8.4/../../../../arm-none-eabi/lib/armv7e-m/fpu\libnosys.a(close.o)
                0x0000324c                _close
 .text._fstat   0x0000325c       0x10 c:/freescale/kds_3.0.0/toolchain/bin/../lib/gcc/arm-none-eabi/4.8.4/../../../../arm-none-eabi/lib/armv7e-m/fpu\libnosys.a(fstat.o)
                0x0000325c                _fstat
 .text._getpid  0x0000326c       0x10 c:/freescale/kds_3.0.0/toolchain/bin/../lib/gcc/arm-none-eabi/4.8.4/../../../../arm-none-eabi/lib/armv7e-m/fpu\libnosys.a(getpid.o)
                0x0000326c                _getpid
 .text._isatty  0x0000327c       0x10 c:/freescale/kds_3.0.0/toolchain/bin/../lib/gcc/arm-none-eabi/4.8.4/../../../../arm-none-eabi/lib/armv7e-m/fpu\libnosys.a(isatty.o)
                0x0000327c                _isatty
 .text._kill    0x0000328c       0x10 c:/freescale/kds_3.0.0/toolchain/bin/../lib/gcc/arm-none-eabi/4.8.4/../../../../arm-none-eabi/lib/armv7e-m/fpu\libnosys.a(kill.o)
                0x0000328c                _kill
 .text._lseek   0x0000329c       0x10 c:/freescale/kds_3.0.0/toolchain/bin/../lib/gcc/arm-none-eabi/4.8.4/../../../../arm-none-eabi/lib/armv7e-m/fpu\libnosys.a(lseek.o)
                0x0000329c                _lseek
 .text._sbrk    0x000032ac       0x34 c:/freescale/kds_3.0.0/toolchain/bin/../lib/gcc/arm-none-eabi/4.8.4/../../../../arm-none-eabi/lib/armv7e-m/fpu\libnosys.a(sbrk.o)
                0x000032ac                _sbrk
 .text._exit    0x000032e0        0x4 c:/freescale/kds_3.0.0/toolchain/bin/../lib/gcc/arm-none-eabi/4.8.4/../../../../arm-none-eabi/lib/armv7e-m/fpu\libnosys.a(_exit.o)
                0x000032e0                _exit
 *(.rodata)
 .rodata        0x000032e4       0x84 ./Sources/main.o
 .rodata        0x00003368       0x18 ./SDK/platform/utilities/src/fsl_debug_console.o
 .rodata        0x00003380      0x1f0 ./SDK/platform/system/src/clock/MK64F12/fsl_clock_MK64F12.o
 .rodata        0x00003570       0x2c ./Generated_Code/osa1.o
 .rodata        0x0000359c       0x44 ./Generated_Code/pin_mux.o
 *(.rodata*)
 .rodata.uartGateTable
                0x000035e0        0x8 ./SDK/platform/system/src/clock/MK64F12/fsl_clock_MK64F12.o
 .rodata.__func__.7948
                0x000035e8       0x1c ./SDK/platform/system/src/clock/MK64F12/fsl_clock_MK64F12.o
 .rodata.fllFactorTable.6440
                0x00003604       0x10 ./SDK/platform/hal/src/mcg/fsl_mcg_hal.o
 .rodata.__func__.8730
                0x00003614       0x10 ./Generated_Code/osa1.o
 .rodata.__func__.6221
                0x00003624       0x14 ./Generated_Code/pin_mux.o
 .rodata.str1.1
                0x00003638       0x3c c:/freescale/kds_3.0.0/toolchain/bin/../lib/gcc/arm-none-eabi/4.8.4/../../../../arm-none-eabi/lib/armv7e-m/fpu\libg_s.a(lib_a-assert.o)
                                 0x3d (size before relaxing)
 .rodata.str1.1
                0x00003674        0x2 c:/freescale/kds_3.0.0/toolchain/bin/../lib/gcc/arm-none-eabi/4.8.4/../../../../arm-none-eabi/lib/armv7e-m/fpu\libg_s.a(lib_a-impure.o)
 *fill*         0x00003676        0x2 
 .rodata._global_impure_ptr
                0x00003678        0x4 c:/freescale/kds_3.0.0/toolchain/bin/../lib/gcc/arm-none-eabi/4.8.4/../../../../arm-none-eabi/lib/armv7e-m/fpu\libg_s.a(lib_a-impure.o)
                0x00003678                _global_impure_ptr
 .rodata.str1.1
                0x0000367c       0x11 c:/freescale/kds_3.0.0/toolchain/bin/../lib/gcc/arm-none-eabi/4.8.4/../../../../arm-none-eabi/lib/armv7e-m/fpu\libg_s.a(lib_a-vfprintf.o)
 .rodata.str1.1
                0x0000368d       0x22 c:/freescale/kds_3.0.0/toolchain/bin/../lib/gcc/arm-none-eabi/4.8.4/../../../../arm-none-eabi/lib/armv7e-m/fpu\libg_s.a(lib_a-vfprintf_i.o)
 *fill*         0x000036af        0x1 
 .rodata.__sf_fake_stdin
                0x000036b0       0x20 c:/freescale/kds_3.0.0/toolchain/bin/../lib/gcc/arm-none-eabi/4.8.4/../../../../arm-none-eabi/lib/armv7e-m/fpu\libg_s.a(lib_a-findfp.o)
                0x000036b0                __sf_fake_stdin
 .rodata.__sf_fake_stdout
                0x000036d0       0x20 c:/freescale/kds_3.0.0/toolchain/bin/../lib/gcc/arm-none-eabi/4.8.4/../../../../arm-none-eabi/lib/armv7e-m/fpu\libg_s.a(lib_a-findfp.o)
                0x000036d0                __sf_fake_stdout
 .rodata.__sf_fake_stderr
                0x000036f0       0x20 c:/freescale/kds_3.0.0/toolchain/bin/../lib/gcc/arm-none-eabi/4.8.4/../../../../arm-none-eabi/lib/armv7e-m/fpu\libg_s.a(lib_a-findfp.o)
                0x000036f0                __sf_fake_stderr
 *(.glue_7)
 .glue_7        0x00000000        0x0 linker stubs
 *(.glue_7t)
 .glue_7t       0x00000000        0x0 linker stubs
 *(.eh_frame)
 .eh_frame      0x00003710        0x0 c:/freescale/kds_3.0.0/toolchain/bin/../lib/gcc/arm-none-eabi/4.8.4/armv7e-m/fpu/crtbegin.o
 *(.init)
 .init          0x00003710        0x4 c:/freescale/kds_3.0.0/toolchain/bin/../lib/gcc/arm-none-eabi/4.8.4/armv7e-m/fpu/crti.o
                0x00003710                _init
 .init          0x00003714        0x8 c:/freescale/kds_3.0.0/toolchain/bin/../lib/gcc/arm-none-eabi/4.8.4/armv7e-m/fpu/crtn.o
 *(.fini)
 .fini          0x0000371c        0x4 c:/freescale/kds_3.0.0/toolchain/bin/../lib/gcc/arm-none-eabi/4.8.4/armv7e-m/fpu/crti.o
                0x0000371c                _fini
 .fini          0x00003720        0x8 c:/freescale/kds_3.0.0/toolchain/bin/../lib/gcc/arm-none-eabi/4.8.4/armv7e-m/fpu/crtn.o
                0x00003728                . = ALIGN (0x4)

.vfp11_veneer   0x00003728        0x0
 .vfp11_veneer  0x00000000        0x0 linker stubs

.v4_bx          0x00003728        0x0
 .v4_bx         0x00000000        0x0 linker stubs

.iplt           0x00003728        0x0
 .iplt          0x00000000        0x0 c:/freescale/kds_3.0.0/toolchain/bin/../lib/gcc/arm-none-eabi/4.8.4/armv7e-m/fpu/crtbegin.o

.ARM.extab
 *(.ARM.extab* .gnu.linkonce.armextab.*)

.ARM            0x00003728        0x8
                0x00003728                __exidx_start = .
 *(.ARM.exidx*)
 .ARM.exidx     0x00003728        0x8 c:/freescale/kds_3.0.0/toolchain/bin/../lib/gcc/arm-none-eabi/4.8.4/../../../../arm-none-eabi/lib/armv7e-m/fpu/crt0.o
 .ARM.exidx     0x00003730        0x0 c:/freescale/kds_3.0.0/toolchain/bin/../lib/gcc/arm-none-eabi/4.8.4/armv7e-m/fpu\libgcc.a(_divdi3.o)
                                  0x8 (size before relaxing)
 .ARM.exidx     0x00003730        0x0 c:/freescale/kds_3.0.0/toolchain/bin/../lib/gcc/arm-none-eabi/4.8.4/armv7e-m/fpu\libgcc.a(_udivdi3.o)
                                  0x8 (size before relaxing)
                0x00003730                __exidx_end = .

.rel.dyn        0x00003730        0x0
 .rel.iplt      0x00000000        0x0 c:/freescale/kds_3.0.0/toolchain/bin/../lib/gcc/arm-none-eabi/4.8.4/armv7e-m/fpu/crtbegin.o

.ctors          0x00003730        0x0
                0x00003730                __CTOR_LIST__ = .
 *crtbegin.o(.ctors)
 *crtbegin?.o(.ctors)
 *(EXCLUDE_FILE(*crtend.o *crtend?.o) .ctors)
 *(SORT(.ctors.*))
 *(.ctors)
                0x00003730                __CTOR_END__ = .

.dtors          0x00003730        0x0
                0x00003730                __DTOR_LIST__ = .
 *crtbegin.o(.dtors)
 *crtbegin?.o(.dtors)
 *(EXCLUDE_FILE(*crtend.o *crtend?.o) .dtors)
 *(SORT(.dtors.*))
 *(.dtors)
                0x00003730                __DTOR_END__ = .

.preinit_array  0x00003730        0x0
                0x00003730                PROVIDE (__preinit_array_start, .)
 *(.preinit_array*)
                0x00003730                PROVIDE (__preinit_array_end, .)

.init_array     0x00003730        0x4
                0x00003730                PROVIDE (__init_array_start, .)
 *(SORT(.init_array.*))
 *(.init_array*)
 .init_array    0x00003730        0x4 c:/freescale/kds_3.0.0/toolchain/bin/../lib/gcc/arm-none-eabi/4.8.4/armv7e-m/fpu/crtbegin.o
                0x00003734                PROVIDE (__init_array_end, .)

.fini_array     0x00003734        0x4
                0x00003734                PROVIDE (__fini_array_start, .)
 *(SORT(.fini_array.*))
 *(.fini_array*)
 .fini_array    0x00003734        0x4 c:/freescale/kds_3.0.0/toolchain/bin/../lib/gcc/arm-none-eabi/4.8.4/armv7e-m/fpu/crtbegin.o
                0x00003738                PROVIDE (__fini_array_end, .)
                0x00003738                __etext = .
                0x00003738                __DATA_ROM = .

.data           0x1fff0400       0x70 load address 0x00003738
                0x1fff0400                . = ALIGN (0x4)
                0x1fff0400                __DATA_RAM = .
                0x1fff0400                __data_start__ = .
 *(.data)
 *(.data*)
 .data.g_fastInternalRefClkFreq
                0x1fff0400        0x4 ./SDK/platform/hal/src/mcg/fsl_mcg_hal.o
                0x1fff0400                g_fastInternalRefClkFreq
 .data.g_slowInternalRefClkFreq
                0x1fff0404        0x4 ./SDK/platform/hal/src/mcg/fsl_mcg_hal.o
                0x1fff0404                g_slowInternalRefClkFreq
 .data.impure_data
                0x1fff0408       0x60 c:/freescale/kds_3.0.0/toolchain/bin/../lib/gcc/arm-none-eabi/4.8.4/../../../../arm-none-eabi/lib/armv7e-m/fpu\libg_s.a(lib_a-impure.o)
 .data._impure_ptr
                0x1fff0468        0x4 c:/freescale/kds_3.0.0/toolchain/bin/../lib/gcc/arm-none-eabi/4.8.4/../../../../arm-none-eabi/lib/armv7e-m/fpu\libg_s.a(lib_a-impure.o)
                0x1fff0468                _impure_ptr
 *(.jcr*)
 .jcr           0x1fff046c        0x0 c:/freescale/kds_3.0.0/toolchain/bin/../lib/gcc/arm-none-eabi/4.8.4/armv7e-m/fpu/crtbegin.o
 .jcr           0x1fff046c        0x4 c:/freescale/kds_3.0.0/toolchain/bin/../lib/gcc/arm-none-eabi/4.8.4/armv7e-m/fpu/crtend.o
                0x1fff0470                . = ALIGN (0x4)
                0x1fff0470                __data_end__ = .
                0x000037a8                __DATA_END = (__DATA_ROM + (__data_end__ - __data_start__))
                0x000037a8                __m_interrupts_ram_ROMStart = (__DATA_ROM + SIZEOF (.data))

.igot.plt       0x1fff0470        0x0 load address 0x000037a8
 .igot.plt      0x00000000        0x0 c:/freescale/kds_3.0.0/toolchain/bin/../lib/gcc/arm-none-eabi/4.8.4/armv7e-m/fpu/crtbegin.o

.m_interrupts_ram
                0x1fff0000      0x400 load address 0x000037a8
                0x1fff0000                . = ALIGN (0x4)
                0x1fff0000                __m_interrupts_ram_RAMStart = .
 *(.m_interrupts_ram)
                0x1fff0400                . = (. + 0x400)
 *fill*         0x1fff0000      0x400 
                0x1fff0400                __m_interrupts_ram_RAMEnd = .
                0x1fff0400                . = ALIGN (0x4)
                0x00000400                __m_interrupts_ram_ROMSize = (__m_interrupts_ram_RAMEnd - __m_interrupts_ram_RAMStart)
                0x00000400                __RAM_VECTOR_TABLE_SIZE_BYTES = (__m_interrupts_ram_RAMEnd - __m_interrupts_ram_RAMStart)
                0x00003ba8                __m_data_2_ROMStart = (__m_interrupts_ram_ROMStart + SIZEOF (.m_interrupts_ram))

.m_data_2       0x20000000        0x0 load address 0x00003ba8
                0x20000000                . = ALIGN (0x4)
                0x20000000                __m_data_2_RAMStart = .
 *(.m_data_2)
                0x20000000                __m_data_2_RAMEnd = .
                0x20000000                . = ALIGN (0x4)
                0x00000000                __m_data_2_ROMSize = (__m_data_2_RAMEnd - __m_data_2_RAMStart)

.bss            0x1fff0470       0xac load address 0x000037a8
                0x1fff0470                . = ALIGN (0x4)
                0x1fff0470                __START_BSS = .
                0x1fff0470                __bss_start__ = .
 *(.bss)
 .bss           0x1fff0470       0x1c c:/freescale/kds_3.0.0/toolchain/bin/../lib/gcc/arm-none-eabi/4.8.4/armv7e-m/fpu/crtbegin.o
 *(.bss*)
 .bss.s_debugConsole
                0x1fff048c       0x10 ./SDK/platform/utilities/src/fsl_debug_console.o
 .bss.g_taskControlBlockPool
                0x1fff049c       0x50 ./SDK/platform/osa/src/fsl_os_abstraction_bm.o
 .bss.g_freeTaskControlBlock
                0x1fff04ec        0x4 ./SDK/platform/osa/src/fsl_os_abstraction_bm.o
 .bss.g_taskListHead
                0x1fff04f0       0x10 ./SDK/platform/osa/src/fsl_os_abstraction_bm.o
 .bss.SwTimerIsrCounter
                0x1fff0500        0x2 ./Generated_Code/osa1.o
 *fill*         0x1fff0502        0x2 
 .bss.__malloc_sbrk_start
                0x1fff0504        0x4 c:/freescale/kds_3.0.0/toolchain/bin/../lib/gcc/arm-none-eabi/4.8.4/../../../../arm-none-eabi/lib/armv7e-m/fpu\libg_s.a(lib_a-nano-mallocr.o)
                0x1fff0504                __malloc_sbrk_start
 .bss.__malloc_free_list
                0x1fff0508        0x4 c:/freescale/kds_3.0.0/toolchain/bin/../lib/gcc/arm-none-eabi/4.8.4/../../../../arm-none-eabi/lib/armv7e-m/fpu\libg_s.a(lib_a-nano-mallocr.o)
                0x1fff0508                __malloc_free_list
 .bss.heap_end.4246
                0x1fff050c        0x4 c:/freescale/kds_3.0.0/toolchain/bin/../lib/gcc/arm-none-eabi/4.8.4/../../../../arm-none-eabi/lib/armv7e-m/fpu\libnosys.a(sbrk.o)
 *(COMMON)
 COMMON         0x1fff0510        0x8 ./SDK/platform/hal/src/mcg/fsl_mcg_hal.o
                0x1fff0510                g_xtal0ClkFreq
                0x1fff0514                g_xtalRtcClkFreq
 COMMON         0x1fff0518        0x4 c:/freescale/kds_3.0.0/toolchain/bin/../lib/gcc/arm-none-eabi/4.8.4/../../../../arm-none-eabi/lib/armv7e-m/fpu\libg_s.a(lib_a-reent.o)
                0x1fff0518                errno
                0x1fff051c                . = ALIGN (0x4)
                0x1fff051c                __bss_end__ = .
                0x1fff051c                __END_BSS = .

.heap           0x20000000        0x0
                0x20000000                . = ALIGN (0x8)
                0x20000000                __end__ = .
                0x20000000                PROVIDE (end, .)
                0x20000000                __HeapBase = .
                0x20000000                . = (. + HEAP_SIZE)
                0x20000000                __HeapLimit = .

.stack          0x20000000      0x400
                0x20000000                . = ALIGN (0x8)
                0x20000400                . = (. + STACK_SIZE)
 *fill*         0x20000000      0x400 
                0x20030000                __StackTop = (ORIGIN (m_data_2) + 0x30000)
                0x2002fc00                __StackLimit = (__StackTop - STACK_SIZE)
                0x20030000                PROVIDE (__stack, __StackTop)

.ARM.attributes
                0x00000000       0x30
 *(.ARM.attributes)
 .ARM.attributes
                0x00000000       0x22 c:/freescale/kds_3.0.0/toolchain/bin/../lib/gcc/arm-none-eabi/4.8.4/armv7e-m/fpu/crti.o
 .ARM.attributes
                0x00000022       0x34 c:/freescale/kds_3.0.0/toolchain/bin/../lib/gcc/arm-none-eabi/4.8.4/armv7e-m/fpu/crtbegin.o
 .ARM.attributes
                0x00000056       0x20 c:/freescale/kds_3.0.0/toolchain/bin/../lib/gcc/arm-none-eabi/4.8.4/../../../../arm-none-eabi/lib/armv7e-m/fpu/crt0.o
 .ARM.attributes
                0x00000076       0x39 ./Static_Code/System/PE_low_level_init.o
 .ARM.attributes
                0x000000af       0x39 ./Sources/main.o
 .ARM.attributes
                0x000000e8       0x39 ./SDK/platform/utilities/src/fsl_debug_console.o
 .ARM.attributes
                0x00000121       0x39 ./SDK/platform/utilities/src/print_scan.o
 .ARM.attributes
                0x0000015a       0x39 ./SDK/platform/system/src/clock/MK64F12/fsl_clock_MK64F12.o
 .ARM.attributes
                0x00000193       0x39 ./SDK/platform/osa/src/fsl_os_abstraction_bm.o
 .ARM.attributes
                0x000001cc       0x39 ./SDK/platform/hal/src/uart/fsl_uart_hal.o
 .ARM.attributes
                0x00000205       0x39 ./SDK/platform/hal/src/mcg/fsl_mcg_hal.o
 .ARM.attributes
                0x0000023e       0x1f ./SDK/platform/devices/MK64F12/startup/gcc/startup_MK64F12.o
 .ARM.attributes
                0x0000025d       0x39 ./SDK/platform/devices/MK64F12/startup/system_MK64F12.o
 .ARM.attributes
                0x00000296       0x39 ./SDK/platform/devices/startup.o
 .ARM.attributes
                0x000002cf       0x39 ./Generated_Code/Cpu.o
 .ARM.attributes
                0x00000308       0x39 ./Generated_Code/hardware_init.o
 .ARM.attributes
                0x00000341       0x39 ./Generated_Code/osa1.o
 .ARM.attributes
                0x0000037a       0x39 ./Generated_Code/pin_mux.o
 .ARM.attributes
                0x000003b3       0x22 c:/freescale/kds_3.0.0/toolchain/bin/../lib/gcc/arm-none-eabi/4.8.4/armv7e-m/fpu\libgcc.a(_aeabi_uldivmod.o)
 .ARM.attributes
                0x000003d5       0x34 c:/freescale/kds_3.0.0/toolchain/bin/../lib/gcc/arm-none-eabi/4.8.4/armv7e-m/fpu\libgcc.a(bpabi.o)
 .ARM.attributes
                0x00000409       0x22 c:/freescale/kds_3.0.0/toolchain/bin/../lib/gcc/arm-none-eabi/4.8.4/armv7e-m/fpu\libgcc.a(_dvmd_tls.o)
 .ARM.attributes
                0x0000042b       0x34 c:/freescale/kds_3.0.0/toolchain/bin/../lib/gcc/arm-none-eabi/4.8.4/armv7e-m/fpu\libgcc.a(_divdi3.o)
 .ARM.attributes
                0x0000045f       0x34 c:/freescale/kds_3.0.0/toolchain/bin/../lib/gcc/arm-none-eabi/4.8.4/armv7e-m/fpu\libgcc.a(_udivdi3.o)
 .ARM.attributes
                0x00000493       0x34 c:/freescale/kds_3.0.0/toolchain/bin/../lib/gcc/arm-none-eabi/4.8.4/../../../../arm-none-eabi/lib/armv7e-m/fpu\libg_s.a(lib_a-assert.o)
 .ARM.attributes
                0x000004c7       0x34 c:/freescale/kds_3.0.0/toolchain/bin/../lib/gcc/arm-none-eabi/4.8.4/../../../../arm-none-eabi/lib/armv7e-m/fpu\libg_s.a(lib_a-exit.o)
 .ARM.attributes
                0x000004fb       0x34 c:/freescale/kds_3.0.0/toolchain/bin/../lib/gcc/arm-none-eabi/4.8.4/../../../../arm-none-eabi/lib/armv7e-m/fpu\libg_s.a(lib_a-fprintf.o)
 .ARM.attributes
                0x0000052f       0x34 c:/freescale/kds_3.0.0/toolchain/bin/../lib/gcc/arm-none-eabi/4.8.4/../../../../arm-none-eabi/lib/armv7e-m/fpu\libg_s.a(lib_a-impure.o)
 .ARM.attributes
                0x00000563       0x34 c:/freescale/kds_3.0.0/toolchain/bin/../lib/gcc/arm-none-eabi/4.8.4/../../../../arm-none-eabi/lib/armv7e-m/fpu\libg_s.a(lib_a-init.o)
 .ARM.attributes
                0x00000597       0x34 c:/freescale/kds_3.0.0/toolchain/bin/../lib/gcc/arm-none-eabi/4.8.4/../../../../arm-none-eabi/lib/armv7e-m/fpu\libg_s.a(lib_a-memset.o)
 .ARM.attributes
                0x000005cb       0x34 c:/freescale/kds_3.0.0/toolchain/bin/../lib/gcc/arm-none-eabi/4.8.4/../../../../arm-none-eabi/lib/armv7e-m/fpu\libg_s.a(lib_a-nano-freer.o)
 .ARM.attributes
                0x000005ff       0x34 c:/freescale/kds_3.0.0/toolchain/bin/../lib/gcc/arm-none-eabi/4.8.4/../../../../arm-none-eabi/lib/armv7e-m/fpu\libg_s.a(lib_a-nano-mallocr.o)
 .ARM.attributes
                0x00000633       0x34 c:/freescale/kds_3.0.0/toolchain/bin/../lib/gcc/arm-none-eabi/4.8.4/../../../../arm-none-eabi/lib/armv7e-m/fpu\libg_s.a(lib_a-sbrkr.o)
 .ARM.attributes
                0x00000667       0x34 c:/freescale/kds_3.0.0/toolchain/bin/../lib/gcc/arm-none-eabi/4.8.4/../../../../arm-none-eabi/lib/armv7e-m/fpu\libg_s.a(lib_a-strlen.o)
 .ARM.attributes
                0x0000069b       0x34 c:/freescale/kds_3.0.0/toolchain/bin/../lib/gcc/arm-none-eabi/4.8.4/../../../../arm-none-eabi/lib/armv7e-m/fpu\libg_s.a(lib_a-vfprintf.o)
 .ARM.attributes
                0x000006cf       0x34 c:/freescale/kds_3.0.0/toolchain/bin/../lib/gcc/arm-none-eabi/4.8.4/../../../../arm-none-eabi/lib/armv7e-m/fpu\libg_s.a(lib_a-vfprintf_i.o)
 .ARM.attributes
                0x00000703       0x34 c:/freescale/kds_3.0.0/toolchain/bin/../lib/gcc/arm-none-eabi/4.8.4/../../../../arm-none-eabi/lib/armv7e-m/fpu\libg_s.a(lib_a-wbuf.o)
 .ARM.attributes
                0x00000737       0x34 c:/freescale/kds_3.0.0/toolchain/bin/../lib/gcc/arm-none-eabi/4.8.4/../../../../arm-none-eabi/lib/armv7e-m/fpu\libg_s.a(lib_a-wsetup.o)
 .ARM.attributes
                0x0000076b       0x34 c:/freescale/kds_3.0.0/toolchain/bin/../lib/gcc/arm-none-eabi/4.8.4/../../../../arm-none-eabi/lib/armv7e-m/fpu\libg_s.a(lib_a-abort.o)
 .ARM.attributes
                0x0000079f       0x34 c:/freescale/kds_3.0.0/toolchain/bin/../lib/gcc/arm-none-eabi/4.8.4/../../../../arm-none-eabi/lib/armv7e-m/fpu\libg_s.a(lib_a-fflush.o)
 .ARM.attributes
                0x000007d3       0x34 c:/freescale/kds_3.0.0/toolchain/bin/../lib/gcc/arm-none-eabi/4.8.4/../../../../arm-none-eabi/lib/armv7e-m/fpu\libg_s.a(lib_a-findfp.o)
 .ARM.attributes
                0x00000807       0x34 c:/freescale/kds_3.0.0/toolchain/bin/../lib/gcc/arm-none-eabi/4.8.4/../../../../arm-none-eabi/lib/armv7e-m/fpu\libg_s.a(lib_a-makebuf.o)
 .ARM.attributes
                0x0000083b       0x34 c:/freescale/kds_3.0.0/toolchain/bin/../lib/gcc/arm-none-eabi/4.8.4/../../../../arm-none-eabi/lib/armv7e-m/fpu\libg_s.a(lib_a-memchr-stub.o)
 .ARM.attributes
                0x0000086f       0x34 c:/freescale/kds_3.0.0/toolchain/bin/../lib/gcc/arm-none-eabi/4.8.4/../../../../arm-none-eabi/lib/armv7e-m/fpu\libg_s.a(lib_a-reent.o)
 .ARM.attributes
                0x000008a3       0x34 c:/freescale/kds_3.0.0/toolchain/bin/../lib/gcc/arm-none-eabi/4.8.4/../../../../arm-none-eabi/lib/armv7e-m/fpu\libg_s.a(lib_a-signal.o)
 .ARM.attributes
                0x000008d7       0x34 c:/freescale/kds_3.0.0/toolchain/bin/../lib/gcc/arm-none-eabi/4.8.4/../../../../arm-none-eabi/lib/armv7e-m/fpu\libg_s.a(lib_a-signalr.o)
 .ARM.attributes
                0x0000090b       0x34 c:/freescale/kds_3.0.0/toolchain/bin/../lib/gcc/arm-none-eabi/4.8.4/../../../../arm-none-eabi/lib/armv7e-m/fpu\libg_s.a(lib_a-stdio.o)
 .ARM.attributes
                0x0000093f       0x34 c:/freescale/kds_3.0.0/toolchain/bin/../lib/gcc/arm-none-eabi/4.8.4/../../../../arm-none-eabi/lib/armv7e-m/fpu\libg_s.a(lib_a-writer.o)
 .ARM.attributes
                0x00000973       0x34 c:/freescale/kds_3.0.0/toolchain/bin/../lib/gcc/arm-none-eabi/4.8.4/../../../../arm-none-eabi/lib/armv7e-m/fpu\libg_s.a(lib_a-closer.o)
 .ARM.attributes
                0x000009a7       0x34 c:/freescale/kds_3.0.0/toolchain/bin/../lib/gcc/arm-none-eabi/4.8.4/../../../../arm-none-eabi/lib/armv7e-m/fpu\libg_s.a(lib_a-fstatr.o)
 .ARM.attributes
                0x000009db       0x34 c:/freescale/kds_3.0.0/toolchain/bin/../lib/gcc/arm-none-eabi/4.8.4/../../../../arm-none-eabi/lib/armv7e-m/fpu\libg_s.a(lib_a-isattyr.o)
 .ARM.attributes
                0x00000a0f       0x34 c:/freescale/kds_3.0.0/toolchain/bin/../lib/gcc/arm-none-eabi/4.8.4/../../../../arm-none-eabi/lib/armv7e-m/fpu\libg_s.a(lib_a-lseekr.o)
 .ARM.attributes
                0x00000a43       0x34 c:/freescale/kds_3.0.0/toolchain/bin/../lib/gcc/arm-none-eabi/4.8.4/../../../../arm-none-eabi/lib/armv7e-m/fpu\libg_s.a(lib_a-readr.o)
 .ARM.attributes
                0x00000a77       0x34 c:/freescale/kds_3.0.0/toolchain/bin/../lib/gcc/arm-none-eabi/4.8.4/../../../../arm-none-eabi/lib/armv7e-m/fpu\libnosys.a(close.o)
 .ARM.attributes
                0x00000aab       0x34 c:/freescale/kds_3.0.0/toolchain/bin/../lib/gcc/arm-none-eabi/4.8.4/../../../../arm-none-eabi/lib/armv7e-m/fpu\libnosys.a(fstat.o)
 .ARM.attributes
                0x00000adf       0x34 c:/freescale/kds_3.0.0/toolchain/bin/../lib/gcc/arm-none-eabi/4.8.4/../../../../arm-none-eabi/lib/armv7e-m/fpu\libnosys.a(getpid.o)
 .ARM.attributes
                0x00000b13       0x34 c:/freescale/kds_3.0.0/toolchain/bin/../lib/gcc/arm-none-eabi/4.8.4/../../../../arm-none-eabi/lib/armv7e-m/fpu\libnosys.a(isatty.o)
 .ARM.attributes
                0x00000b47       0x34 c:/freescale/kds_3.0.0/toolchain/bin/../lib/gcc/arm-none-eabi/4.8.4/../../../../arm-none-eabi/lib/armv7e-m/fpu\libnosys.a(kill.o)
 .ARM.attributes
                0x00000b7b       0x34 c:/freescale/kds_3.0.0/toolchain/bin/../lib/gcc/arm-none-eabi/4.8.4/../../../../arm-none-eabi/lib/armv7e-m/fpu\libnosys.a(lseek.o)
 .ARM.attributes
                0x00000baf       0x34 c:/freescale/kds_3.0.0/toolchain/bin/../lib/gcc/arm-none-eabi/4.8.4/../../../../arm-none-eabi/lib/armv7e-m/fpu\libnosys.a(sbrk.o)
 .ARM.attributes
                0x00000be3       0x34 c:/freescale/kds_3.0.0/toolchain/bin/../lib/gcc/arm-none-eabi/4.8.4/../../../../arm-none-eabi/lib/armv7e-m/fpu\libnosys.a(_exit.o)
 .ARM.attributes
                0x00000c17       0x34 c:/freescale/kds_3.0.0/toolchain/bin/../lib/gcc/arm-none-eabi/4.8.4/armv7e-m/fpu/crtend.o
 .ARM.attributes
                0x00000c4b       0x22 c:/freescale/kds_3.0.0/toolchain/bin/../lib/gcc/arm-none-eabi/4.8.4/armv7e-m/fpu/crtn.o
OUTPUT(FRDM-K64F_bm_UART0_OpenSDA.elf elf32-littlearm)

.debug_info     0x00000000     0x76fd
 .debug_info    0x00000000      0x137 ./Static_Code/System/PE_low_level_init.o
 .debug_info    0x00000137      0x141 ./Sources/main.o
 .debug_info    0x00000278      0x932 ./SDK/platform/utilities/src/fsl_debug_console.o
 .debug_info    0x00000baa      0x5e9 ./SDK/platform/utilities/src/print_scan.o
 .debug_info    0x00001193     0x1a0a ./SDK/platform/system/src/clock/MK64F12/fsl_clock_MK64F12.o
 .debug_info    0x00002b9d     0x10b9 ./SDK/platform/osa/src/fsl_os_abstraction_bm.o
 .debug_info    0x00003c56      0xed1 ./SDK/platform/hal/src/uart/fsl_uart_hal.o
 .debug_info    0x00004b27      0xbdf ./SDK/platform/hal/src/mcg/fsl_mcg_hal.o
 .debug_info    0x00005706       0xa6 ./SDK/platform/devices/MK64F12/startup/gcc/startup_MK64F12.o
 .debug_info    0x000057ac      0xa62 ./SDK/platform/devices/MK64F12/startup/system_MK64F12.o
 .debug_info    0x0000620e      0x3a7 ./SDK/platform/devices/startup.o
 .debug_info    0x000065b5      0x155 ./Generated_Code/Cpu.o
 .debug_info    0x0000670a      0x45b ./Generated_Code/hardware_init.o
 .debug_info    0x00006b65      0x7d4 ./Generated_Code/osa1.o
 .debug_info    0x00007339      0x3c4 ./Generated_Code/pin_mux.o

.debug_abbrev   0x00000000     0x15a4
 .debug_abbrev  0x00000000       0x8b ./Static_Code/System/PE_low_level_init.o
 .debug_abbrev  0x0000008b       0xa0 ./Sources/main.o
 .debug_abbrev  0x0000012b      0x25a ./SDK/platform/utilities/src/fsl_debug_console.o
 .debug_abbrev  0x00000385      0x19c ./SDK/platform/utilities/src/print_scan.o
 .debug_abbrev  0x00000521      0x2e3 ./SDK/platform/system/src/clock/MK64F12/fsl_clock_MK64F12.o
 .debug_abbrev  0x00000804      0x23b ./SDK/platform/osa/src/fsl_os_abstraction_bm.o
 .debug_abbrev  0x00000a3f      0x226 ./SDK/platform/hal/src/uart/fsl_uart_hal.o
 .debug_abbrev  0x00000c65      0x23b ./SDK/platform/hal/src/mcg/fsl_mcg_hal.o
 .debug_abbrev  0x00000ea0       0x14 ./SDK/platform/devices/MK64F12/startup/gcc/startup_MK64F12.o
 .debug_abbrev  0x00000eb4      0x132 ./SDK/platform/devices/MK64F12/startup/system_MK64F12.o
 .debug_abbrev  0x00000fe6       0xfa ./SDK/platform/devices/startup.o
 .debug_abbrev  0x000010e0       0xa5 ./Generated_Code/Cpu.o
 .debug_abbrev  0x00001185      0x11d ./Generated_Code/hardware_init.o
 .debug_abbrev  0x000012a2      0x1d2 ./Generated_Code/osa1.o
 .debug_abbrev  0x00001474      0x130 ./Generated_Code/pin_mux.o

.debug_aranges  0x00000000      0x808
 .debug_aranges
                0x00000000       0x28 ./Static_Code/System/PE_low_level_init.o
 .debug_aranges
                0x00000028       0x20 ./Sources/main.o
 .debug_aranges
                0x00000048       0x80 ./SDK/platform/utilities/src/fsl_debug_console.o
 .debug_aranges
                0x000000c8       0x48 ./SDK/platform/utilities/src/print_scan.o
 .debug_aranges
                0x00000110      0x238 ./SDK/platform/system/src/clock/MK64F12/fsl_clock_MK64F12.o
 .debug_aranges
                0x00000348      0x148 ./SDK/platform/osa/src/fsl_os_abstraction_bm.o
 .debug_aranges
                0x00000490      0x130 ./SDK/platform/hal/src/uart/fsl_uart_hal.o
 .debug_aranges
                0x000005c0       0xe0 ./SDK/platform/hal/src/mcg/fsl_mcg_hal.o
 .debug_aranges
                0x000006a0       0x20 ./SDK/platform/devices/MK64F12/startup/gcc/startup_MK64F12.o
 .debug_aranges
                0x000006c0       0x28 ./SDK/platform/devices/MK64F12/startup/system_MK64F12.o
 .debug_aranges
                0x000006e8       0x20 ./SDK/platform/devices/startup.o
 .debug_aranges
                0x00000708       0x20 ./Generated_Code/Cpu.o
 .debug_aranges
                0x00000728       0x28 ./Generated_Code/hardware_init.o
 .debug_aranges
                0x00000750       0x48 ./Generated_Code/osa1.o
 .debug_aranges
                0x00000798       0x70 ./Generated_Code/pin_mux.o

.debug_ranges   0x00000000      0x708
 .debug_ranges  0x00000000       0x18 ./Static_Code/System/PE_low_level_init.o
 .debug_ranges  0x00000018       0x10 ./Sources/main.o
 .debug_ranges  0x00000028       0x70 ./SDK/platform/utilities/src/fsl_debug_console.o
 .debug_ranges  0x00000098       0x38 ./SDK/platform/utilities/src/print_scan.o
 .debug_ranges  0x000000d0      0x228 ./SDK/platform/system/src/clock/MK64F12/fsl_clock_MK64F12.o
 .debug_ranges  0x000002f8      0x138 ./SDK/platform/osa/src/fsl_os_abstraction_bm.o
 .debug_ranges  0x00000430      0x120 ./SDK/platform/hal/src/uart/fsl_uart_hal.o
 .debug_ranges  0x00000550       0xd0 ./SDK/platform/hal/src/mcg/fsl_mcg_hal.o
 .debug_ranges  0x00000620       0x18 ./SDK/platform/devices/MK64F12/startup/system_MK64F12.o
 .debug_ranges  0x00000638       0x10 ./SDK/platform/devices/startup.o
 .debug_ranges  0x00000648       0x10 ./Generated_Code/Cpu.o
 .debug_ranges  0x00000658       0x18 ./Generated_Code/hardware_init.o
 .debug_ranges  0x00000670       0x38 ./Generated_Code/osa1.o
 .debug_ranges  0x000006a8       0x60 ./Generated_Code/pin_mux.o

.debug_macro    0x00000000    0x33288
 .debug_macro   0x00000000      0x2e7 ./Static_Code/System/PE_low_level_init.o
 .debug_macro   0x000002e7      0x85c ./Static_Code/System/PE_low_level_init.o
 .debug_macro   0x00000b43       0x11 ./Static_Code/System/PE_low_level_init.o
 .debug_macro   0x00000b54       0x16 ./Static_Code/System/PE_low_level_init.o
 .debug_macro   0x00000b6a       0x16 ./Static_Code/System/PE_low_level_init.o
 .debug_macro   0x00000b80       0x44 ./Static_Code/System/PE_low_level_init.o
 .debug_macro   0x00000bc4      0x209 ./Static_Code/System/PE_low_level_init.o
 .debug_macro   0x00000dcd       0x56 ./Static_Code/System/PE_low_level_init.o
 .debug_macro   0x00000e23       0x3b ./Static_Code/System/PE_low_level_init.o
 .debug_macro   0x00000e5e       0x2d ./Static_Code/System/PE_low_level_init.o
 .debug_macro   0x00000e8b       0x26 ./Static_Code/System/PE_low_level_init.o
 .debug_macro   0x00000eb1      0xc13 ./Static_Code/System/PE_low_level_init.o
 .debug_macro   0x00001ac4       0xc5 ./Static_Code/System/PE_low_level_init.o
 .debug_macro   0x00001b89    0x1773b ./Static_Code/System/PE_low_level_init.o
 .debug_macro   0x000192c4       0x58 ./Static_Code/System/PE_low_level_init.o
 .debug_macro   0x0001931c       0x35 ./Static_Code/System/PE_low_level_init.o
 .debug_macro   0x00019351       0xa3 ./Static_Code/System/PE_low_level_init.o
 .debug_macro   0x000193f4       0x16 ./Static_Code/System/PE_low_level_init.o
 .debug_macro   0x0001940a      0x10e ./Static_Code/System/PE_low_level_init.o
 .debug_macro   0x00019518       0x7f ./Static_Code/System/PE_low_level_init.o
 .debug_macro   0x00019597       0x52 ./Static_Code/System/PE_low_level_init.o
 .debug_macro   0x000195e9       0x16 ./Static_Code/System/PE_low_level_init.o
 .debug_macro   0x000195ff       0x43 ./Static_Code/System/PE_low_level_init.o
 .debug_macro   0x00019642      0x180 ./Static_Code/System/PE_low_level_init.o
 .debug_macro   0x000197c2       0x22 ./Static_Code/System/PE_low_level_init.o
 .debug_macro   0x000197e4       0x16 ./Static_Code/System/PE_low_level_init.o
 .debug_macro   0x000197fa    0x16266 ./Static_Code/System/PE_low_level_init.o
 .debug_macro   0x0002fa60     0x1130 ./Static_Code/System/PE_low_level_init.o
 .debug_macro   0x00030b90       0x22 ./Static_Code/System/PE_low_level_init.o
 .debug_macro   0x00030bb2       0x16 ./Static_Code/System/PE_low_level_init.o
 .debug_macro   0x00030bc8       0x10 ./Static_Code/System/PE_low_level_init.o
 .debug_macro   0x00030bd8       0x11 ./Static_Code/System/PE_low_level_init.o
 .debug_macro   0x00030be9       0x10 ./Static_Code/System/PE_low_level_init.o
 .debug_macro   0x00030bf9       0x1c ./Static_Code/System/PE_low_level_init.o
 .debug_macro   0x00030c15       0x10 ./Static_Code/System/PE_low_level_init.o
 .debug_macro   0x00030c25       0x3e ./Static_Code/System/PE_low_level_init.o
 .debug_macro   0x00030c63       0x19 ./Static_Code/System/PE_low_level_init.o
 .debug_macro   0x00030c7c       0x10 ./Static_Code/System/PE_low_level_init.o
 .debug_macro   0x00030c8c       0x28 ./Static_Code/System/PE_low_level_init.o
 .debug_macro   0x00030cb4       0x22 ./Static_Code/System/PE_low_level_init.o
 .debug_macro   0x00030cd6       0x1c ./Static_Code/System/PE_low_level_init.o
 .debug_macro   0x00030cf2      0x2cd ./Sources/main.o
 .debug_macro   0x00030fbf      0x2b8 ./SDK/platform/utilities/src/fsl_debug_console.o
 .debug_macro   0x00031277       0x58 ./SDK/platform/utilities/src/fsl_debug_console.o
 .debug_macro   0x000312cf       0x16 ./SDK/platform/utilities/src/fsl_debug_console.o
 .debug_macro   0x000312e5       0x97 ./SDK/platform/utilities/src/fsl_debug_console.o
 .debug_macro   0x0003137c       0xef ./SDK/platform/utilities/src/fsl_debug_console.o
 .debug_macro   0x0003146b       0x4a ./SDK/platform/utilities/src/fsl_debug_console.o
 .debug_macro   0x000314b5       0x10 ./SDK/platform/utilities/src/fsl_debug_console.o
 .debug_macro   0x000314c5       0x22 ./SDK/platform/utilities/src/fsl_debug_console.o
 .debug_macro   0x000314e7       0xbd ./SDK/platform/utilities/src/fsl_debug_console.o
 .debug_macro   0x000315a4       0x16 ./SDK/platform/utilities/src/fsl_debug_console.o
 .debug_macro   0x000315ba      0x14a ./SDK/platform/utilities/src/fsl_debug_console.o
 .debug_macro   0x00031704       0x35 ./SDK/platform/utilities/src/fsl_debug_console.o
 .debug_macro   0x00031739      0x20f ./SDK/platform/utilities/src/fsl_debug_console.o
 .debug_macro   0x00031948       0x1c ./SDK/platform/utilities/src/fsl_debug_console.o
 .debug_macro   0x00031964       0x22 ./SDK/platform/utilities/src/fsl_debug_console.o
 .debug_macro   0x00031986      0x2a6 ./SDK/platform/utilities/src/fsl_debug_console.o
 .debug_macro   0x00031c2c       0x10 ./SDK/platform/utilities/src/fsl_debug_console.o
 .debug_macro   0x00031c3c      0x257 ./SDK/platform/utilities/src/print_scan.o
 .debug_macro   0x00031e93       0x10 ./SDK/platform/utilities/src/print_scan.o
 .debug_macro   0x00031ea3       0x52 ./SDK/platform/utilities/src/print_scan.o
 .debug_macro   0x00031ef5       0x94 ./SDK/platform/utilities/src/print_scan.o
 .debug_macro   0x00031f89      0x1f7 ./SDK/platform/system/src/clock/MK64F12/fsl_clock_MK64F12.o
 .debug_macro   0x00032180      0x223 ./SDK/platform/osa/src/fsl_os_abstraction_bm.o
 .debug_macro   0x000323a3      0x17e ./SDK/platform/hal/src/uart/fsl_uart_hal.o
 .debug_macro   0x00032521      0x185 ./SDK/platform/hal/src/mcg/fsl_mcg_hal.o
 .debug_macro   0x000326a6      0x162 ./SDK/platform/devices/MK64F12/startup/system_MK64F12.o
 .debug_macro   0x00032808      0x171 ./SDK/platform/devices/startup.o
 .debug_macro   0x00032979      0x2df ./Generated_Code/Cpu.o
 .debug_macro   0x00032c58       0x16 ./Generated_Code/Cpu.o
 .debug_macro   0x00032c6e      0x1c2 ./Generated_Code/hardware_init.o
 .debug_macro   0x00032e30      0x2a9 ./Generated_Code/osa1.o
 .debug_macro   0x000330d9      0x1af ./Generated_Code/pin_mux.o

.debug_line     0x00000000     0x6302
 .debug_line    0x00000000      0x783 ./Static_Code/System/PE_low_level_init.o
 .debug_line    0x00000783      0x6c3 ./Sources/main.o
 .debug_line    0x00000e46      0x81a ./SDK/platform/utilities/src/fsl_debug_console.o
 .debug_line    0x00001660      0x671 ./SDK/platform/utilities/src/print_scan.o
 .debug_line    0x00001cd1      0xb99 ./SDK/platform/system/src/clock/MK64F12/fsl_clock_MK64F12.o
 .debug_line    0x0000286a      0x9e6 ./SDK/platform/osa/src/fsl_os_abstraction_bm.o
 .debug_line    0x00003250      0x8f7 ./SDK/platform/hal/src/uart/fsl_uart_hal.o
 .debug_line    0x00003b47      0x71b ./SDK/platform/hal/src/mcg/fsl_mcg_hal.o
 .debug_line    0x00004262       0x75 ./SDK/platform/devices/MK64F12/startup/gcc/startup_MK64F12.o
 .debug_line    0x000042d7      0x475 ./SDK/platform/devices/MK64F12/startup/system_MK64F12.o
 .debug_line    0x0000474c      0x3fc ./SDK/platform/devices/startup.o
 .debug_line    0x00004b48      0x70a ./Generated_Code/Cpu.o
 .debug_line    0x00005252      0x4a7 ./Generated_Code/hardware_init.o
 .debug_line    0x000056f9      0x6b0 ./Generated_Code/osa1.o
 .debug_line    0x00005da9      0x559 ./Generated_Code/pin_mux.o

.debug_str      0x00000000   0x1a3067
 .debug_str     0x00000000   0x19cf42 ./Static_Code/System/PE_low_level_init.o
                             0x19d135 (size before relaxing)
 .debug_str     0x0019cf42       0x61 ./Sources/main.o
                             0x19d0cf (size before relaxing)
 .debug_str     0x0019cfa3     0x20a3 ./SDK/platform/utilities/src/fsl_debug_console.o
                             0x19f02b (size before relaxing)
 .debug_str     0x0019f046      0x8c0 ./SDK/platform/utilities/src/print_scan.o
                               0x694f (size before relaxing)
 .debug_str     0x0019f906     0x167e ./SDK/platform/system/src/clock/MK64F12/fsl_clock_MK64F12.o
                             0x19e311 (size before relaxing)
 .debug_str     0x001a0f84      0xacf ./SDK/platform/osa/src/fsl_os_abstraction_bm.o
                             0x19d9bd (size before relaxing)
 .debug_str     0x001a1a53      0x9b7 ./SDK/platform/hal/src/uart/fsl_uart_hal.o
                             0x19d70e (size before relaxing)
 .debug_str     0x001a240a      0x76f ./SDK/platform/hal/src/mcg/fsl_mcg_hal.o
                             0x19d3d6 (size before relaxing)
 .debug_str     0x001a2b79      0x1b5 ./SDK/platform/devices/MK64F12/startup/system_MK64F12.o
                             0x19d141 (size before relaxing)
 .debug_str     0x001a2d2e       0xf7 ./SDK/platform/devices/startup.o
                             0x19cb04 (size before relaxing)
 .debug_str     0x001a2e25       0x28 ./Generated_Code/Cpu.o
                             0x19d150 (size before relaxing)
 .debug_str     0x001a2e4d       0x30 ./Generated_Code/hardware_init.o
                             0x19cfdc (size before relaxing)
 .debug_str     0x001a2e7d       0xe3 ./Generated_Code/osa1.o
                             0x19d6fb (size before relaxing)
 .debug_str     0x001a2f60      0x107 ./Generated_Code/pin_mux.o
                             0x19cc91 (size before relaxing)

.comment        0x00000000       0x70
 .comment       0x00000000       0x70 ./Static_Code/System/PE_low_level_init.o
                                 0x71 (size before relaxing)
 .comment       0x00000000       0x71 ./Sources/main.o
 .comment       0x00000000       0x71 ./SDK/platform/utilities/src/fsl_debug_console.o
 .comment       0x00000000       0x71 ./SDK/platform/utilities/src/print_scan.o
 .comment       0x00000000       0x71 ./SDK/platform/system/src/clock/MK64F12/fsl_clock_MK64F12.o
 .comment       0x00000000       0x71 ./SDK/platform/osa/src/fsl_os_abstraction_bm.o
 .comment       0x00000000       0x71 ./SDK/platform/hal/src/uart/fsl_uart_hal.o
 .comment       0x00000000       0x71 ./SDK/platform/hal/src/mcg/fsl_mcg_hal.o
 .comment       0x00000000       0x71 ./SDK/platform/devices/MK64F12/startup/system_MK64F12.o
 .comment       0x00000000       0x71 ./SDK/platform/devices/startup.o
 .comment       0x00000000       0x71 ./Generated_Code/Cpu.o
 .comment       0x00000000       0x71 ./Generated_Code/hardware_init.o
 .comment       0x00000000       0x71 ./Generated_Code/osa1.o
 .comment       0x00000000       0x71 ./Generated_Code/pin_mux.o

.debug_frame    0x00000000     0x2360
 .debug_frame   0x00000000       0x48 ./Static_Code/System/PE_low_level_init.o
 .debug_frame   0x00000048       0x30 ./Sources/main.o
 .debug_frame   0x00000078      0x1b4 ./SDK/platform/utilities/src/fsl_debug_console.o
 .debug_frame   0x0000022c       0xc4 ./SDK/platform/utilities/src/print_scan.o
 .debug_frame   0x000002f0      0x82c ./SDK/platform/system/src/clock/MK64F12/fsl_clock_MK64F12.o
 .debug_frame   0x00000b1c      0x494 ./SDK/platform/osa/src/fsl_os_abstraction_bm.o
 .debug_frame   0x00000fb0      0x3f4 ./SDK/platform/hal/src/uart/fsl_uart_hal.o
 .debug_frame   0x000013a4      0x2f4 ./SDK/platform/hal/src/mcg/fsl_mcg_hal.o
 .debug_frame   0x00001698       0x44 ./SDK/platform/devices/MK64F12/startup/system_MK64F12.o
 .debug_frame   0x000016dc       0x2c ./SDK/platform/devices/startup.o
 .debug_frame   0x00001708       0x2c ./Generated_Code/Cpu.o
 .debug_frame   0x00001734       0x48 ./Generated_Code/hardware_init.o
 .debug_frame   0x0000177c       0xc0 ./Generated_Code/osa1.o
 .debug_frame   0x0000183c      0x170 ./Generated_Code/pin_mux.o
 .debug_frame   0x000019ac       0x50 c:/freescale/kds_3.0.0/toolchain/bin/../lib/gcc/arm-none-eabi/4.8.4/armv7e-m/fpu\libgcc.a(bpabi.o)
 .debug_frame   0x000019fc       0x34 c:/freescale/kds_3.0.0/toolchain/bin/../lib/gcc/arm-none-eabi/4.8.4/armv7e-m/fpu\libgcc.a(_divdi3.o)
 .debug_frame   0x00001a30       0x34 c:/freescale/kds_3.0.0/toolchain/bin/../lib/gcc/arm-none-eabi/4.8.4/armv7e-m/fpu\libgcc.a(_udivdi3.o)
 .debug_frame   0x00001a64       0x48 c:/freescale/kds_3.0.0/toolchain/bin/../lib/gcc/arm-none-eabi/4.8.4/../../../../arm-none-eabi/lib/armv7e-m/fpu\libg_s.a(lib_a-assert.o)
 .debug_frame   0x00001aac       0x28 c:/freescale/kds_3.0.0/toolchain/bin/../lib/gcc/arm-none-eabi/4.8.4/../../../../arm-none-eabi/lib/armv7e-m/fpu\libg_s.a(lib_a-exit.o)
 .debug_frame   0x00001ad4       0x58 c:/freescale/kds_3.0.0/toolchain/bin/../lib/gcc/arm-none-eabi/4.8.4/../../../../arm-none-eabi/lib/armv7e-m/fpu\libg_s.a(lib_a-fprintf.o)
 .debug_frame   0x00001b2c       0x2c c:/freescale/kds_3.0.0/toolchain/bin/../lib/gcc/arm-none-eabi/4.8.4/../../../../arm-none-eabi/lib/armv7e-m/fpu\libg_s.a(lib_a-init.o)
 .debug_frame   0x00001b58       0x20 c:/freescale/kds_3.0.0/toolchain/bin/../lib/gcc/arm-none-eabi/4.8.4/../../../../arm-none-eabi/lib/armv7e-m/fpu\libg_s.a(lib_a-memset.o)
 .debug_frame   0x00001b78       0x2c c:/freescale/kds_3.0.0/toolchain/bin/../lib/gcc/arm-none-eabi/4.8.4/../../../../arm-none-eabi/lib/armv7e-m/fpu\libg_s.a(lib_a-nano-freer.o)
 .debug_frame   0x00001ba4       0x2c c:/freescale/kds_3.0.0/toolchain/bin/../lib/gcc/arm-none-eabi/4.8.4/../../../../arm-none-eabi/lib/armv7e-m/fpu\libg_s.a(lib_a-nano-mallocr.o)
 .debug_frame   0x00001bd0       0x2c c:/freescale/kds_3.0.0/toolchain/bin/../lib/gcc/arm-none-eabi/4.8.4/../../../../arm-none-eabi/lib/armv7e-m/fpu\libg_s.a(lib_a-sbrkr.o)
 .debug_frame   0x00001bfc       0x20 c:/freescale/kds_3.0.0/toolchain/bin/../lib/gcc/arm-none-eabi/4.8.4/../../../../arm-none-eabi/lib/armv7e-m/fpu\libg_s.a(lib_a-strlen.o)
 .debug_frame   0x00001c1c       0xa8 c:/freescale/kds_3.0.0/toolchain/bin/../lib/gcc/arm-none-eabi/4.8.4/../../../../arm-none-eabi/lib/armv7e-m/fpu\libg_s.a(lib_a-vfprintf.o)
 .debug_frame   0x00001cc4       0x60 c:/freescale/kds_3.0.0/toolchain/bin/../lib/gcc/arm-none-eabi/4.8.4/../../../../arm-none-eabi/lib/armv7e-m/fpu\libg_s.a(lib_a-vfprintf_i.o)
 .debug_frame   0x00001d24       0x3c c:/freescale/kds_3.0.0/toolchain/bin/../lib/gcc/arm-none-eabi/4.8.4/../../../../arm-none-eabi/lib/armv7e-m/fpu\libg_s.a(lib_a-wbuf.o)
 .debug_frame   0x00001d60       0x2c c:/freescale/kds_3.0.0/toolchain/bin/../lib/gcc/arm-none-eabi/4.8.4/../../../../arm-none-eabi/lib/armv7e-m/fpu\libg_s.a(lib_a-wsetup.o)
 .debug_frame   0x00001d8c       0x28 c:/freescale/kds_3.0.0/toolchain/bin/../lib/gcc/arm-none-eabi/4.8.4/../../../../arm-none-eabi/lib/armv7e-m/fpu\libg_s.a(lib_a-abort.o)
 .debug_frame   0x00001db4       0x5c c:/freescale/kds_3.0.0/toolchain/bin/../lib/gcc/arm-none-eabi/4.8.4/../../../../arm-none-eabi/lib/armv7e-m/fpu\libg_s.a(lib_a-fflush.o)
 .debug_frame   0x00001e10      0x12c c:/freescale/kds_3.0.0/toolchain/bin/../lib/gcc/arm-none-eabi/4.8.4/../../../../arm-none-eabi/lib/armv7e-m/fpu\libg_s.a(lib_a-findfp.o)
 .debug_frame   0x00001f3c       0x30 c:/freescale/kds_3.0.0/toolchain/bin/../lib/gcc/arm-none-eabi/4.8.4/../../../../arm-none-eabi/lib/armv7e-m/fpu\libg_s.a(lib_a-makebuf.o)
 .debug_frame   0x00001f6c       0x28 c:/freescale/kds_3.0.0/toolchain/bin/../lib/gcc/arm-none-eabi/4.8.4/../../../../arm-none-eabi/lib/armv7e-m/fpu\libg_s.a(lib_a-memchr-stub.o)
 .debug_frame   0x00001f94       0x48 c:/freescale/kds_3.0.0/toolchain/bin/../lib/gcc/arm-none-eabi/4.8.4/../../../../arm-none-eabi/lib/armv7e-m/fpu\libg_s.a(lib_a-reent.o)
 .debug_frame   0x00001fdc       0xc0 c:/freescale/kds_3.0.0/toolchain/bin/../lib/gcc/arm-none-eabi/4.8.4/../../../../arm-none-eabi/lib/armv7e-m/fpu\libg_s.a(lib_a-signal.o)
 .debug_frame   0x0000209c       0x3c c:/freescale/kds_3.0.0/toolchain/bin/../lib/gcc/arm-none-eabi/4.8.4/../../../../arm-none-eabi/lib/armv7e-m/fpu\libg_s.a(lib_a-signalr.o)
 .debug_frame   0x000020d8       0x80 c:/freescale/kds_3.0.0/toolchain/bin/../lib/gcc/arm-none-eabi/4.8.4/../../../../arm-none-eabi/lib/armv7e-m/fpu\libg_s.a(lib_a-stdio.o)
 .debug_frame   0x00002158       0x2c c:/freescale/kds_3.0.0/toolchain/bin/../lib/gcc/arm-none-eabi/4.8.4/../../../../arm-none-eabi/lib/armv7e-m/fpu\libg_s.a(lib_a-writer.o)
 .debug_frame   0x00002184       0x2c c:/freescale/kds_3.0.0/toolchain/bin/../lib/gcc/arm-none-eabi/4.8.4/../../../../arm-none-eabi/lib/armv7e-m/fpu\libg_s.a(lib_a-closer.o)
 .debug_frame   0x000021b0       0x2c c:/freescale/kds_3.0.0/toolchain/bin/../lib/gcc/arm-none-eabi/4.8.4/../../../../arm-none-eabi/lib/armv7e-m/fpu\libg_s.a(lib_a-fstatr.o)
 .debug_frame   0x000021dc       0x2c c:/freescale/kds_3.0.0/toolchain/bin/../lib/gcc/arm-none-eabi/4.8.4/../../../../arm-none-eabi/lib/armv7e-m/fpu\libg_s.a(lib_a-isattyr.o)
 .debug_frame   0x00002208       0x2c c:/freescale/kds_3.0.0/toolchain/bin/../lib/gcc/arm-none-eabi/4.8.4/../../../../arm-none-eabi/lib/armv7e-m/fpu\libg_s.a(lib_a-lseekr.o)
 .debug_frame   0x00002234       0x2c c:/freescale/kds_3.0.0/toolchain/bin/../lib/gcc/arm-none-eabi/4.8.4/../../../../arm-none-eabi/lib/armv7e-m/fpu\libg_s.a(lib_a-readr.o)
 .debug_frame   0x00002260       0x20 c:/freescale/kds_3.0.0/toolchain/bin/../lib/gcc/arm-none-eabi/4.8.4/../../../../arm-none-eabi/lib/armv7e-m/fpu\libnosys.a(close.o)
 .debug_frame   0x00002280       0x20 c:/freescale/kds_3.0.0/toolchain/bin/../lib/gcc/arm-none-eabi/4.8.4/../../../../arm-none-eabi/lib/armv7e-m/fpu\libnosys.a(fstat.o)
 .debug_frame   0x000022a0       0x20 c:/freescale/kds_3.0.0/toolchain/bin/../lib/gcc/arm-none-eabi/4.8.4/../../../../arm-none-eabi/lib/armv7e-m/fpu\libnosys.a(getpid.o)
 .debug_frame   0x000022c0       0x20 c:/freescale/kds_3.0.0/toolchain/bin/../lib/gcc/arm-none-eabi/4.8.4/../../../../arm-none-eabi/lib/armv7e-m/fpu\libnosys.a(isatty.o)
 .debug_frame   0x000022e0       0x20 c:/freescale/kds_3.0.0/toolchain/bin/../lib/gcc/arm-none-eabi/4.8.4/../../../../arm-none-eabi/lib/armv7e-m/fpu\libnosys.a(kill.o)
 .debug_frame   0x00002300       0x20 c:/freescale/kds_3.0.0/toolchain/bin/../lib/gcc/arm-none-eabi/4.8.4/../../../../arm-none-eabi/lib/armv7e-m/fpu\libnosys.a(lseek.o)
 .debug_frame   0x00002320       0x20 c:/freescale/kds_3.0.0/toolchain/bin/../lib/gcc/arm-none-eabi/4.8.4/../../../../arm-none-eabi/lib/armv7e-m/fpu\libnosys.a(sbrk.o)
 .debug_frame   0x00002340       0x20 c:/freescale/kds_3.0.0/toolchain/bin/../lib/gcc/arm-none-eabi/4.8.4/../../../../arm-none-eabi/lib/armv7e-m/fpu\libnosys.a(_exit.o)

.stab           0x00000000       0x9c
 .stab          0x00000000       0x24 c:/freescale/kds_3.0.0/toolchain/bin/../lib/gcc/arm-none-eabi/4.8.4/../../../../arm-none-eabi/lib/armv7e-m/fpu\libnosys.a(close.o)
 .stab          0x00000024       0x18 c:/freescale/kds_3.0.0/toolchain/bin/../lib/gcc/arm-none-eabi/4.8.4/../../../../arm-none-eabi/lib/armv7e-m/fpu\libnosys.a(fstat.o)
                                 0x24 (size before relaxing)
 .stab          0x0000003c       0x18 c:/freescale/kds_3.0.0/toolchain/bin/../lib/gcc/arm-none-eabi/4.8.4/../../../../arm-none-eabi/lib/armv7e-m/fpu\libnosys.a(getpid.o)
                                 0x24 (size before relaxing)
 .stab          0x00000054       0x18 c:/freescale/kds_3.0.0/toolchain/bin/../lib/gcc/arm-none-eabi/4.8.4/../../../../arm-none-eabi/lib/armv7e-m/fpu\libnosys.a(isatty.o)
                                 0x24 (size before relaxing)
 .stab          0x0000006c       0x18 c:/freescale/kds_3.0.0/toolchain/bin/../lib/gcc/arm-none-eabi/4.8.4/../../../../arm-none-eabi/lib/armv7e-m/fpu\libnosys.a(kill.o)
                                 0x24 (size before relaxing)
 .stab          0x00000084       0x18 c:/freescale/kds_3.0.0/toolchain/bin/../lib/gcc/arm-none-eabi/4.8.4/../../../../arm-none-eabi/lib/armv7e-m/fpu\libnosys.a(lseek.o)
                                 0x24 (size before relaxing)

.stabstr        0x00000000      0x14f
 .stabstr       0x00000000      0x14f c:/freescale/kds_3.0.0/toolchain/bin/../lib/gcc/arm-none-eabi/4.8.4/../../../../arm-none-eabi/lib/armv7e-m/fpu\libnosys.a(close.o)
